Initialized native services in: C:\Users\james.DESKTOP-Q8VOBFS\.gradle\native
Initialized jansi services in: C:\Users\james.DESKTOP-Q8VOBFS\.gradle\native
Received JVM installation metadata from 'C:\Program Files\Java\jdk-23': {JAVA_HOME=C:\Program Files\Java\jdk-23, JAVA_VERSION=23.0.2, JAVA_VENDOR=Oracle Corporation, RUNTIME_NAME=Java(TM) SE Runtime Environment, RUNTIME_VERSION=23.0.2+7-58, VM_NAME=Java HotSpot(TM) 64-Bit Server VM, VM_VERSION=23.0.2+7-58, VM_VENDOR=Oracle Corporation, OS_ARCH=amd64}
The client will now receive all logging from the daemon (pid: 25864). The daemon log file: C:\Users\james.DESKTOP-Q8VOBFS\.gradle\daemon\8.6\daemon-25864.out.log
Starting 3rd build in daemon [uptime: 16 mins 47.199 secs, performance: 99%, GC rate: 0.00/s, heap usage: 0% of 2 GiB]
Using 8 worker leases.
Now considering [C:\Users\james.DESKTOP-Q8VOBFS\Documents\Development\signal-synthesis] as hierarchies to watch
Watching the file system is configured to be enabled if available
File system watching is active
Invalidating in-memory cache of C:\Users\james.DESKTOP-Q8VOBFS\Documents\Development\signal-synthesis\.gradle\8.6\fileHashes\fileHashes.bin
Invalidating in-memory cache of C:\Users\james.DESKTOP-Q8VOBFS\Documents\Development\signal-synthesis\.gradle\8.6\fileHashes\resourceHashesCache.bin
Starting Build
Invalidating in-memory cache of C:\Users\james.DESKTOP-Q8VOBFS\.gradle\caches\8.6\fileHashes\fileHashes.bin
Invalidating in-memory cache of C:\Users\james.DESKTOP-Q8VOBFS\.gradle\caches\8.6\fileHashes\resourceHashesCache.bin
Settings evaluated using settings file 'C:\Users\james.DESKTOP-Q8VOBFS\Documents\Development\signal-synthesis\settings.gradle.kts'.
Projects loaded. Root project using build file 'C:\Users\james.DESKTOP-Q8VOBFS\Documents\Development\signal-synthesis\build.gradle.kts'.
Included projects: [root project 'signal-synthesis', project ':app']

> Configure project :
Evaluating root project 'signal-synthesis' using build file 'C:\Users\james.DESKTOP-Q8VOBFS\Documents\Development\signal-synthesis\build.gradle.kts'.
Invalidating in-memory cache of C:\Users\james.DESKTOP-Q8VOBFS\Documents\Development\signal-synthesis\.gradle\buildOutputCleanup\outputFiles.bin
Invalidating in-memory cache of C:\Users\james.DESKTOP-Q8VOBFS\.gradle\caches\journal-1\file-access.bin
Transforming lint-model-31.4.2.jar (com.android.tools.lint:lint-model:31.4.2) with ExternalDependencyInstrumentingArtifactTransform
Transforming sdk-common-31.4.2.jar (com.android.tools:sdk-common:31.4.2) with ExternalDependencyInstrumentingArtifactTransform
Transforming repository-31.4.2.jar (com.android.tools:repository:31.4.2) with ExternalDependencyInstrumentingArtifactTransform
Transforming gradle-settings-api-8.4.2.jar (com.android.tools.build:gradle-settings-api:8.4.2) with ExternalDependencyInstrumentingArtifactTransform
Transforming manifest-merger-31.4.2.jar (com.android.tools.build:manifest-merger:31.4.2) with ExternalDependencyInstrumentingArtifactTransform
Transforming gradle-8.4.2.jar (com.android.tools.build:gradle:8.4.2) with ExternalDependencyInstrumentingArtifactTransform
Transforming builder-8.4.2.jar (com.android.tools.build:builder:8.4.2) with ExternalDependencyInstrumentingArtifactTransform
Transforming sdklib-31.4.2.jar (com.android.tools:sdklib:31.4.2) with ExternalDependencyInstrumentingArtifactTransform
Transforming aaptcompiler-8.4.2.jar (com.android.tools.build:aaptcompiler:8.4.2) with ExternalDependencyInstrumentingArtifactTransform
Transforming gradle-api-8.4.2.jar (com.android.tools.build:gradle-api:8.4.2) with ExternalDependencyInstrumentingArtifactTransform
Transforming ddmlib-31.4.2.jar (com.android.tools.ddms:ddmlib:31.4.2) with ExternalDependencyInstrumentingArtifactTransform
Transforming layoutlib-api-31.4.2.jar (com.android.tools.layoutlib:layoutlib-api:31.4.2) with ExternalDependencyInstrumentingArtifactTransform
Transforming dvlib-31.4.2.jar (com.android.tools:dvlib:31.4.2) with ExternalDependencyInstrumentingArtifactTransform
Transforming common-31.4.2.jar (com.android.tools:common:31.4.2) with ExternalDependencyInstrumentingArtifactTransform
Transforming kotlin-stdlib-jdk8-1.9.20.jar (org.jetbrains.kotlin:kotlin-stdlib-jdk8:1.9.20) with ExternalDependencyInstrumentingArtifactTransform
Transforming jetifier-processor-1.0.0-beta10.jar (com.android.tools.build.jetifier:jetifier-processor:1.0.0-beta10) with ExternalDependencyInstrumentingArtifactTransform
Transforming jetifier-core-1.0.0-beta10.jar (com.android.tools.build.jetifier:jetifier-core:1.0.0-beta10) with ExternalDependencyInstrumentingArtifactTransform
Transforming android-test-plugin-host-emulator-control-proto-31.4.2.jar (com.android.tools.utp:android-test-plugin-host-emulator-control-proto:31.4.2) with ExternalDependencyInstrumentingArtifactTransform
Transforming android-test-plugin-host-retention-proto-31.4.2.jar (com.android.tools.utp:android-test-plugin-host-retention-proto:31.4.2) with ExternalDependencyInstrumentingArtifactTransform
Transforming builder-test-api-8.4.2.jar (com.android.tools.build:builder-test-api:8.4.2) with ExternalDependencyInstrumentingArtifactTransform
Transforming kotlin-stdlib-jdk7-1.9.20.jar (org.jetbrains.kotlin:kotlin-stdlib-jdk7:1.9.20) with ExternalDependencyInstrumentingArtifactTransform
Transforming shared-31.4.2.jar (com.android.tools.analytics-library:shared:31.4.2) with ExternalDependencyInstrumentingArtifactTransform
Transforming databinding-compiler-common-8.4.2.jar (androidx.databinding:databinding-compiler-common:8.4.2) with ExternalDependencyInstrumentingArtifactTransform
Transforming builder-model-8.4.2.jar (com.android.tools.build:builder-model:8.4.2) with ExternalDependencyInstrumentingArtifactTransform
Transforming kotlin-gradle-plugin-1.9.24-gradle82.jar (org.jetbrains.kotlin:kotlin-gradle-plugin:1.9.24) with ExternalDependencyInstrumentingArtifactTransform
Transforming aapt2-proto-8.4.2-11315950.jar (com.android.tools.build:aapt2-proto:8.4.2-11315950) with ExternalDependencyInstrumentingArtifactTransform
Transforming kotlin-gradle-plugin-api-1.9.24.jar (org.jetbrains.kotlin:kotlin-gradle-plugin-api:1.9.24) with ExternalDependencyInstrumentingArtifactTransform
Transforming crash-31.4.2.jar (com.android.tools.analytics-library:crash:31.4.2) with ExternalDependencyInstrumentingArtifactTransform
Transforming bundletool-1.15.6.jar (com.android.tools.build:bundletool:1.15.6) with ExternalDependencyInstrumentingArtifactTransform
Transforming lint-typedef-remover-31.4.2.jar (com.android.tools.lint:lint-typedef-remover:31.4.2) with ExternalDependencyInstrumentingArtifactTransform
Transforming kotlin-stdlib-1.9.20.jar (org.jetbrains.kotlin:kotlin-stdlib:1.9.20) with ExternalDependencyInstrumentingArtifactTransform
Transforming databinding-common-8.4.2.jar (androidx.databinding:databinding-common:8.4.2) with ExternalDependencyInstrumentingArtifactTransform
Transforming android-device-provider-ddmlib-proto-31.4.2.jar (com.android.tools.utp:android-device-provider-ddmlib-proto:31.4.2) with ExternalDependencyInstrumentingArtifactTransform
Transforming kotlin-reflect-1.9.20.jar (org.jetbrains.kotlin:kotlin-reflect:1.9.20) with ExternalDependencyInstrumentingArtifactTransform
Transforming tracker-31.4.2.jar (com.android.tools.analytics-library:tracker:31.4.2) with ExternalDependencyInstrumentingArtifactTransform
Transforming annotations-13.0.jar (org.jetbrains:annotations:13.0) with ExternalDependencyInstrumentingArtifactTransform
Transforming kotlin-gradle-plugin-model-1.9.24.jar (org.jetbrains.kotlin:kotlin-gradle-plugin-model:1.9.24) with ExternalDependencyInstrumentingArtifactTransform
Transforming baseLibrary-8.4.2.jar (com.android.databinding:baseLibrary:8.4.2) with ExternalDependencyInstrumentingArtifactTransform
Transforming android-test-plugin-host-apk-installer-proto-31.4.2.jar (com.android.tools.utp:android-test-plugin-host-apk-installer-proto:31.4.2) with ExternalDependencyInstrumentingArtifactTransform
Transforming android-test-plugin-result-listener-gradle-proto-31.4.2.jar (com.android.tools.utp:android-test-plugin-result-listener-gradle-proto:31.4.2) with ExternalDependencyInstrumentingArtifactTransform
Transforming android-device-provider-gradle-proto-31.4.2.jar (com.android.tools.utp:android-device-provider-gradle-proto:31.4.2) with ExternalDependencyInstrumentingArtifactTransform
Transforming commons-io-2.13.0.jar (commons-io:commons-io:2.13.0) with ExternalDependencyInstrumentingArtifactTransform
Transforming android-test-plugin-host-additional-test-output-proto-31.4.2.jar (com.android.tools.utp:android-test-plugin-host-additional-test-output-proto:31.4.2) with ExternalDependencyInstrumentingArtifactTransform
Transforming android-test-plugin-host-coverage-proto-31.4.2.jar (com.android.tools.utp:android-test-plugin-host-coverage-proto:31.4.2) with ExternalDependencyInstrumentingArtifactTransform
Transforming transform-api-2.0.0-deprecated-use-gradle-api.jar (com.android.tools.build:transform-api:2.0.0-deprecated-use-gradle-api) with ExternalDependencyInstrumentingArtifactTransform
Transforming android-test-plugin-host-logcat-proto-31.4.2.jar (com.android.tools.utp:android-test-plugin-host-logcat-proto:31.4.2) with ExternalDependencyInstrumentingArtifactTransform
Transforming httpmime-4.5.6.jar (org.apache.httpcomponents:httpmime:4.5.6) with ExternalDependencyInstrumentingArtifactTransform
Transforming asm-commons-9.6.jar (org.ow2.asm:asm-commons:9.6) with ExternalDependencyInstrumentingArtifactTransform
Transforming bcpkix-jdk18on-1.77.jar (org.bouncycastle:bcpkix-jdk18on:1.77) with ExternalDependencyInstrumentingArtifactTransform
Transforming jaxb-runtime-2.3.2.jar (org.glassfish.jaxb:jaxb-runtime:2.3.2) with ExternalDependencyInstrumentingArtifactTransform
Transforming asm-analysis-9.6.jar (org.ow2.asm:asm-analysis:9.6) with ExternalDependencyInstrumentingArtifactTransform
Transforming asm-util-9.6.jar (org.ow2.asm:asm-util:9.6) with ExternalDependencyInstrumentingArtifactTransform
Transforming asm-tree-9.6.jar (org.ow2.asm:asm-tree:9.6) with ExternalDependencyInstrumentingArtifactTransform
Transforming javapoet-1.10.0.jar (com.squareup:javapoet:1.10.0) with ExternalDependencyInstrumentingArtifactTransform
Transforming asm-9.6.jar (org.ow2.asm:asm:9.6) with ExternalDependencyInstrumentingArtifactTransform
Transforming apkzlib-8.4.2.jar (com.android.tools.build:apkzlib:8.4.2) with ExternalDependencyInstrumentingArtifactTransform
Transforming protobuf-java-3.22.3.jar (com.google.protobuf:protobuf-java:3.22.3) with ExternalDependencyInstrumentingArtifactTransform
Transforming grpc-core-1.57.0.jar (io.grpc:grpc-core:1.57.0) with ExternalDependencyInstrumentingArtifactTransform
Transforming gson-2.10.1.jar (com.google.code.gson:gson:2.10.1) with ExternalDependencyInstrumentingArtifactTransform
Transforming grpc-stub-1.57.0.jar (io.grpc:grpc-stub:1.57.0) with ExternalDependencyInstrumentingArtifactTransform
Transforming core-proto-0.0.9-alpha02.jar (com.google.testing.platform:core-proto:0.0.9-alpha02) with ExternalDependencyInstrumentingArtifactTransform
Transforming jopt-simple-4.9.jar (net.sf.jopt-simple:jopt-simple:4.9) with ExternalDependencyInstrumentingArtifactTransform
Transforming protobuf-java-util-3.22.3.jar (com.google.protobuf:protobuf-java-util:3.22.3) with ExternalDependencyInstrumentingArtifactTransform
Transforming grpc-netty-1.57.0.jar (io.grpc:grpc-netty:1.57.0) with ExternalDependencyInstrumentingArtifactTransform
Transforming kxml2-2.3.0.jar (net.sf.kxml:kxml2:2.3.0) with ExternalDependencyInstrumentingArtifactTransform
Transforming grpc-protobuf-1.57.0.jar (io.grpc:grpc-protobuf:1.57.0) with ExternalDependencyInstrumentingArtifactTransform
Transforming tink-1.7.0.jar (com.google.crypto.tink:tink:1.7.0) with ExternalDependencyInstrumentingArtifactTransform
Transforming kotlin-gradle-plugin-idea-1.9.24.jar (org.jetbrains.kotlin:kotlin-gradle-plugin-idea:1.9.24) with ExternalDependencyInstrumentingArtifactTransform
Transforming kotlin-native-utils-1.9.24.jar (org.jetbrains.kotlin:kotlin-native-utils:1.9.24) with ExternalDependencyInstrumentingArtifactTransform
Transforming tensorflow-lite-metadata-0.1.0-rc2.jar (org.tensorflow:tensorflow-lite-metadata:0.1.0-rc2) with ExternalDependencyInstrumentingArtifactTransform
Transforming flatbuffers-java-1.12.0.jar (com.google.flatbuffers:flatbuffers-java:1.12.0) with ExternalDependencyInstrumentingArtifactTransform
Transforming kotlin-gradle-plugin-idea-proto-1.9.24.jar (org.jetbrains.kotlin:kotlin-gradle-plugin-idea-proto:1.9.24) with ExternalDependencyInstrumentingArtifactTransform
Transforming protos-31.4.2.jar (com.android.tools.analytics-library:protos:31.4.2) with ExternalDependencyInstrumentingArtifactTransform
Transforming kotlin-build-tools-api-1.9.24.jar (org.jetbrains.kotlin:kotlin-build-tools-api:1.9.24) with ExternalDependencyInstrumentingArtifactTransform
Transforming kotlin-scripting-compiler-impl-embeddable-1.9.24.jar (org.jetbrains.kotlin:kotlin-scripting-compiler-impl-embeddable:1.9.24) with ExternalDependencyInstrumentingArtifactTransform
Transforming kotlin-util-klib-1.9.24.jar (org.jetbrains.kotlin:kotlin-util-klib:1.9.24) with ExternalDependencyInstrumentingArtifactTransform
Transforming kotlin-compiler-embeddable-1.9.24.jar (org.jetbrains.kotlin:kotlin-compiler-embeddable:1.9.24) with ExternalDependencyInstrumentingArtifactTransform
Transforming proto-google-common-protos-2.17.0.jar (com.google.api.grpc:proto-google-common-protos:2.17.0) with ExternalDependencyInstrumentingArtifactTransform
Transforming kotlin-klib-commonizer-api-1.9.24.jar (org.jetbrains.kotlin:kotlin-klib-commonizer-api:1.9.24) with ExternalDependencyInstrumentingArtifactTransform
Transforming kotlin-android-extensions-1.9.24.jar (org.jetbrains.kotlin:kotlin-android-extensions:1.9.24) with ExternalDependencyInstrumentingArtifactTransform
Transforming grpc-protobuf-lite-1.57.0.jar (io.grpc:grpc-protobuf-lite:1.57.0) with ExternalDependencyInstrumentingArtifactTransform
Transforming kotlin-scripting-compiler-embeddable-1.9.24.jar (org.jetbrains.kotlin:kotlin-scripting-compiler-embeddable:1.9.24) with ExternalDependencyInstrumentingArtifactTransform
Transforming dagger-2.28.3.jar (com.google.dagger:dagger:2.28.3) with ExternalDependencyInstrumentingArtifactTransform
Transforming jimfs-1.1.jar (com.google.jimfs:jimfs:1.1) with ExternalDependencyInstrumentingArtifactTransform
Transforming kotlin-compiler-runner-1.9.24.jar (org.jetbrains.kotlin:kotlin-compiler-runner:1.9.24) with ExternalDependencyInstrumentingArtifactTransform
Transforming grpc-context-1.57.0.jar (io.grpc:grpc-context:1.57.0) with ExternalDependencyInstrumentingArtifactTransform
Transforming httpclient-4.5.14.jar (org.apache.httpcomponents:httpclient:4.5.14) with ExternalDependencyInstrumentingArtifactTransform
Transforming trove4j-1.0.20200330.jar (org.jetbrains.intellij.deps:trove4j:1.0.20200330) with ExternalDependencyInstrumentingArtifactTransform
Transforming httpcore-4.4.16.jar (org.apache.httpcomponents:httpcore:4.4.16) with ExternalDependencyInstrumentingArtifactTransform
Transforming javax.activation-1.2.0.jar (com.sun.activation:javax.activation:1.2.0) with ExternalDependencyInstrumentingArtifactTransform
Transforming signflinger-8.4.2.jar (com.android:signflinger:8.4.2) with ExternalDependencyInstrumentingArtifactTransform
Transforming guava-32.0.1-jre.jar (com.google.guava:guava:32.0.1-jre) with ExternalDependencyInstrumentingArtifactTransform
Transforming commons-compress-1.21.jar (org.apache.commons:commons-compress:1.21) with ExternalDependencyInstrumentingArtifactTransform
Transforming jna-platform-5.6.0.jar (net.java.dev.jna:jna-platform:5.6.0) with ExternalDependencyInstrumentingArtifactTransform
Transforming bcprov-jdk18on-1.77.jar (org.bouncycastle:bcprov-jdk18on:1.77) with ExternalDependencyInstrumentingArtifactTransform
Transforming javax.annotation-api-1.3.2.jar (javax.annotation:javax.annotation-api:1.3.2) with ExternalDependencyInstrumentingArtifactTransform
Transforming bcutil-jdk18on-1.77.jar (org.bouncycastle:bcutil-jdk18on:1.77) with ExternalDependencyInstrumentingArtifactTransform
Transforming grpc-api-1.57.0.jar (io.grpc:grpc-api:1.57.0) with ExternalDependencyInstrumentingArtifactTransform
Transforming stax-ex-1.8.1.jar (org.jvnet.staxex:stax-ex:1.8.1) with ExternalDependencyInstrumentingArtifactTransform
Transforming istack-commons-runtime-3.0.8.jar (com.sun.istack:istack-commons-runtime:3.0.8) with ExternalDependencyInstrumentingArtifactTransform
Transforming txw2-2.3.2.jar (org.glassfish.jaxb:txw2:2.3.2) with ExternalDependencyInstrumentingArtifactTransform
Transforming jakarta.xml.bind-api-2.3.2.jar (jakarta.xml.bind:jakarta.xml.bind-api:2.3.2) with ExternalDependencyInstrumentingArtifactTransform
Transforming juniversalchardet-1.0.3.jar (com.googlecode.juniversalchardet:juniversalchardet:1.0.3) with ExternalDependencyInstrumentingArtifactTransform
Transforming auto-value-annotations-1.6.2.jar (com.google.auto.value:auto-value-annotations:1.6.2) with ExternalDependencyInstrumentingArtifactTransform
Transforming jose4j-0.7.0.jar (org.bitbucket.b_c:jose4j:0.7.0) with ExternalDependencyInstrumentingArtifactTransform
Transforming annotations-31.4.2.jar (com.android.tools:annotations:31.4.2) with ExternalDependencyInstrumentingArtifactTransform
Transforming error_prone_annotations-2.18.0.jar (com.google.errorprone:error_prone_annotations:2.18.0) with ExternalDependencyInstrumentingArtifactTransform
Transforming jakarta.activation-api-1.2.1.jar (jakarta.activation:jakarta.activation-api:1.2.1) with ExternalDependencyInstrumentingArtifactTransform
Transforming j2objc-annotations-2.8.jar (com.google.j2objc:j2objc-annotations:2.8) with ExternalDependencyInstrumentingArtifactTransform
Transforming annotations-4.1.1.4.jar (com.google.android:annotations:4.1.1.4) with ExternalDependencyInstrumentingArtifactTransform
Transforming slf4j-api-1.7.30.jar (org.slf4j:slf4j-api:1.7.30) with ExternalDependencyInstrumentingArtifactTransform
Transforming netty-codec-http2-4.1.93.Final.jar (io.netty:netty-codec-http2:4.1.93.Final) with ExternalDependencyInstrumentingArtifactTransform
Transforming javax.inject-1.jar (javax.inject:javax.inject:1) with ExternalDependencyInstrumentingArtifactTransform
Transforming zipflinger-8.4.2.jar (com.android:zipflinger:8.4.2) with ExternalDependencyInstrumentingArtifactTransform
Transforming FastInfoset-1.2.16.jar (com.sun.xml.fastinfoset:FastInfoset:1.2.16) with ExternalDependencyInstrumentingArtifactTransform
Transforming jdom2-2.0.6.jar (org.jdom:jdom2:2.0.6) with ExternalDependencyInstrumentingArtifactTransform
Transforming animal-sniffer-annotations-1.23.jar (org.codehaus.mojo:animal-sniffer-annotations:1.23) with ExternalDependencyInstrumentingArtifactTransform
Transforming perfmark-api-0.26.0.jar (io.perfmark:perfmark-api:0.26.0) with ExternalDependencyInstrumentingArtifactTransform
Transforming commons-codec-1.11.jar (commons-codec:commons-codec:1.11) with ExternalDependencyInstrumentingArtifactTransform
Transforming netty-handler-proxy-4.1.93.Final.jar (io.netty:netty-handler-proxy:4.1.93.Final) with ExternalDependencyInstrumentingArtifactTransform
Transforming netty-handler-4.1.93.Final.jar (io.netty:netty-handler:4.1.93.Final) with ExternalDependencyInstrumentingArtifactTransform
Transforming javawriter-2.5.0.jar (com.squareup:javawriter:2.5.0) with ExternalDependencyInstrumentingArtifactTransform
Transforming checker-qual-3.33.0.jar (org.checkerframework:checker-qual:3.33.0) with ExternalDependencyInstrumentingArtifactTransform
Transforming kotlin-tooling-core-1.9.24.jar (org.jetbrains.kotlin:kotlin-tooling-core:1.9.24) with ExternalDependencyInstrumentingArtifactTransform
Transforming kotlin-daemon-embeddable-1.9.24.jar (org.jetbrains.kotlin:kotlin-daemon-embeddable:1.9.24) with ExternalDependencyInstrumentingArtifactTransform
Transforming netty-transport-native-unix-common-4.1.93.Final.jar (io.netty:netty-transport-native-unix-common:4.1.93.Final) with ExternalDependencyInstrumentingArtifactTransform
Transforming kotlin-daemon-client-1.9.24.jar (org.jetbrains.kotlin:kotlin-daemon-client:1.9.24) with ExternalDependencyInstrumentingArtifactTransform
Transforming kotlin-scripting-jvm-1.9.24.jar (org.jetbrains.kotlin:kotlin-scripting-jvm:1.9.24) with ExternalDependencyInstrumentingArtifactTransform
Transforming netty-codec-http-4.1.93.Final.jar (io.netty:netty-codec-http:4.1.93.Final) with ExternalDependencyInstrumentingArtifactTransform
Transforming kotlin-scripting-common-1.9.24.jar (org.jetbrains.kotlin:kotlin-scripting-common:1.9.24) with ExternalDependencyInstrumentingArtifactTransform
Transforming kotlinx-coroutines-core-jvm-1.5.0.jar (org.jetbrains.kotlinx:kotlinx-coroutines-core-jvm:1.5.0) with ExternalDependencyInstrumentingArtifactTransform
Transforming listenablefuture-9999.0-empty-to-avoid-conflict-with-guava.jar (com.google.guava:listenablefuture:9999.0-empty-to-avoid-conflict-with-guava) with ExternalDependencyInstrumentingArtifactTransform
Transforming jsr305-3.0.2.jar (com.google.code.findbugs:jsr305:3.0.2) with ExternalDependencyInstrumentingArtifactTransform
Transforming kotlin-gradle-plugin-annotations-1.9.24.jar (org.jetbrains.kotlin:kotlin-gradle-plugin-annotations:1.9.24) with ExternalDependencyInstrumentingArtifactTransform
Transforming apksig-8.4.2.jar (com.android.tools.build:apksig:8.4.2) with ExternalDependencyInstrumentingArtifactTransform
Transforming kotlin-util-io-1.9.24.jar (org.jetbrains.kotlin:kotlin-util-io:1.9.24) with ExternalDependencyInstrumentingArtifactTransform
Transforming kotlin-project-model-1.9.24.jar (org.jetbrains.kotlin:kotlin-project-model:1.9.24) with ExternalDependencyInstrumentingArtifactTransform
Transforming failureaccess-1.0.1.jar (com.google.guava:failureaccess:1.0.1) with ExternalDependencyInstrumentingArtifactTransform
Transforming commons-logging-1.2.jar (commons-logging:commons-logging:1.2) with ExternalDependencyInstrumentingArtifactTransform
Transforming netty-buffer-4.1.93.Final.jar (io.netty:netty-buffer:4.1.93.Final) with ExternalDependencyInstrumentingArtifactTransform
Transforming netty-transport-4.1.93.Final.jar (io.netty:netty-transport:4.1.93.Final) with ExternalDependencyInstrumentingArtifactTransform
Transforming netty-codec-4.1.93.Final.jar (io.netty:netty-codec:4.1.93.Final) with ExternalDependencyInstrumentingArtifactTransform
Transforming jna-5.6.0.jar (net.java.dev.jna:jna:5.6.0) with ExternalDependencyInstrumentingArtifactTransform
Transforming netty-resolver-4.1.93.Final.jar (io.netty:netty-resolver:4.1.93.Final) with ExternalDependencyInstrumentingArtifactTransform
Transforming netty-common-4.1.93.Final.jar (io.netty:netty-common:4.1.93.Final) with ExternalDependencyInstrumentingArtifactTransform
Transforming netty-codec-socks-4.1.93.Final.jar (io.netty:netty-codec-socks:4.1.93.Final) with ExternalDependencyInstrumentingArtifactTransform

> Configure project :app
Evaluating project ':app' using build file 'C:\Users\james.DESKTOP-Q8VOBFS\Documents\Development\signal-synthesis\app\build.gradle.kts'.
Using default execution profile
Using Kotlin Gradle Plugin gradle82 variant
All projects evaluated.
Task name matched 'testDebugUnitTest'
Selected primary task 'testDebugUnitTest' from project :
Tasks to be executed: [task ':app:checkKotlinGradlePluginConfigurationErrors', task ':app:preBuild', task ':app:preDebugBuild', task ':app:checkDebugAarMetadata', task ':app:generateDebugResValues', task ':app:mapDebugSourceSetPaths', task ':app:generateDebugResources', task ':app:mergeDebugResources', task ':app:packageDebugResources', task ':app:parseDebugLocalResources', task ':app:createDebugCompatibleScreenManifests', task ':app:extractDeepLinksDebug', task ':app:processDebugMainManifest', task ':app:processDebugManifest', task ':app:processDebugManifestForPackage', task ':app:processDebugResources', task ':app:compileDebugKotlin', task ':app:javaPreCompileDebug', task ':app:compileDebugJavaWithJavac', task ':app:bundleDebugClassesToRuntimeJar', task ':app:bundleDebugClassesToCompileJar', task ':app:compileDebugUnitTestKotlin', task ':app:preDebugUnitTestBuild', task ':app:javaPreCompileDebugUnitTest', task ':app:compileDebugUnitTestJavaWithJavac', task ':app:processDebugJavaRes', task ':app:processDebugUnitTestJavaRes', task ':app:testDebugUnitTest']
Tasks that were excluded: []
Resolve mutations for :app:checkKotlinGradlePluginConfigurationErrors (Thread[#299,Execution worker,5,main]) started.
:app:checkKotlinGradlePluginConfigurationErrors (Thread[#299,Execution worker,5,main]) started.
Invalidating in-memory cache of C:\Users\james.DESKTOP-Q8VOBFS\Documents\Development\signal-synthesis\.gradle\8.6\executionHistory\executionHistory.bin

> Task :app:checkKotlinGradlePluginConfigurationErrors
Caching disabled for task ':app:checkKotlinGradlePluginConfigurationErrors' because:
  Build cache is disabled
Task ':app:checkKotlinGradlePluginConfigurationErrors' is not up-to-date because:
  Task has not declared any outputs despite executing actions.
Resolve mutations for :app:preBuild (Thread[#299,Execution worker,5,main]) started.
:app:preBuild (Thread[#299,Execution worker,5,main]) started.

> Task :app:preBuild UP-TO-DATE
Skipping task ':app:preBuild' as it has no actions.
Resolve mutations for :app:preDebugBuild (Thread[#299,Execution worker,5,main]) started.
:app:preDebugBuild (Thread[#299,Execution worker,5,main]) started.

> Task :app:preDebugBuild UP-TO-DATE
Skipping task ':app:preDebugBuild' as it has no actions.
Resolve mutations for :app:checkDebugAarMetadata (Thread[#299,Execution worker,5,main]) started.
:app:checkDebugAarMetadata (Thread[#299,Execution worker,5,main]) started.

> Task :app:checkDebugAarMetadata UP-TO-DATE
Transforming material-1.12.0.aar (com.google.android.material:material:1.12.0) with ExtractAarTransform
Transforming work-runtime-2.9.0.aar (androidx.work:work-runtime:2.9.0) with ExtractAarTransform
Transforming material-1.12.0.aar (com.google.android.material:material:1.12.0) with AarTransform
Transforming work-runtime-2.9.0.aar (androidx.work:work-runtime:2.9.0) with AarTransform
Transforming drawerlayout-1.1.1.aar (androidx.drawerlayout:drawerlayout:1.1.1) with ExtractAarTransform
Transforming drawerlayout-1.1.1.aar (androidx.drawerlayout:drawerlayout:1.1.1) with AarTransform
Transforming work-runtime-ktx-2.9.0.aar (androidx.work:work-runtime-ktx:2.9.0) with ExtractAarTransform
Transforming work-runtime-ktx-2.9.0.aar (androidx.work:work-runtime-ktx:2.9.0) with AarTransform
Transforming appcompat-1.6.1.aar (androidx.appcompat:appcompat:1.6.1) with ExtractAarTransform
Transforming appcompat-1.6.1.aar (androidx.appcompat:appcompat:1.6.1) with AarTransform
Transforming appcompat-resources-1.6.1.aar (androidx.appcompat:appcompat-resources:1.6.1) with ExtractAarTransform
Transforming appcompat-resources-1.6.1.aar (androidx.appcompat:appcompat-resources:1.6.1) with AarTransform
Transforming constraintlayout-2.0.1.aar (androidx.constraintlayout:constraintlayout:2.0.1) with ExtractAarTransform
Transforming constraintlayout-2.0.1.aar (androidx.constraintlayout:constraintlayout:2.0.1) with AarTransform
Transforming coordinatorlayout-1.1.0.aar (androidx.coordinatorlayout:coordinatorlayout:1.1.0) with ExtractAarTransform
Transforming coordinatorlayout-1.1.0.aar (androidx.coordinatorlayout:coordinatorlayout:1.1.0) with AarTransform
Transforming transition-1.5.0.aar (androidx.transition:transition:1.5.0) with ExtractAarTransform
Transforming transition-1.5.0.aar (androidx.transition:transition:1.5.0) with AarTransform
Transforming dynamicanimation-1.0.0.aar (androidx.dynamicanimation:dynamicanimation:1.0.0) with ExtractAarTransform
Transforming dynamicanimation-1.0.0.aar (androidx.dynamicanimation:dynamicanimation:1.0.0) with AarTransform
Transforming vectordrawable-animated-1.1.0.aar (androidx.vectordrawable:vectordrawable-animated:1.1.0) with ExtractAarTransform
Transforming vectordrawable-animated-1.1.0.aar (androidx.vectordrawable:vectordrawable-animated:1.1.0) with AarTransform
Transforming navigation-common-ktx-2.7.7.aar (androidx.navigation:navigation-common-ktx:2.7.7) with ExtractAarTransform
Transforming navigation-common-ktx-2.7.7.aar (androidx.navigation:navigation-common-ktx:2.7.7) with AarTransform
Transforming navigation-runtime-ktx-2.7.7.aar (androidx.navigation:navigation-runtime-ktx:2.7.7) with ExtractAarTransform
Transforming navigation-runtime-ktx-2.7.7.aar (androidx.navigation:navigation-runtime-ktx:2.7.7) with AarTransform
Transforming viewpager2-1.0.0.aar (androidx.viewpager2:viewpager2:1.0.0) with ExtractAarTransform
Transforming viewpager2-1.0.0.aar (androidx.viewpager2:viewpager2:1.0.0) with AarTransform
Transforming fragment-1.3.6.aar (androidx.fragment:fragment:1.3.6) with ExtractAarTransform
Transforming fragment-1.3.6.aar (androidx.fragment:fragment:1.3.6) with AarTransform
Transforming fragment-1.3.6.aar (androidx.fragment:fragment:1.3.6) with ExtractAarTransform
Transforming activity-1.9.0.aar (androidx.activity:activity:1.9.0) with ExtractAarTransform
Transforming activity-1.9.0.aar (androidx.activity:activity:1.9.0) with AarTransform
Transforming activity-ktx-1.9.0.aar (androidx.activity:activity-ktx:1.9.0) with ExtractAarTransform
Transforming fragment-1.3.6.aar (androidx.fragment:fragment:1.3.6) with AarTransform
Transforming material3-release.aar (androidx.compose.material3:material3-android:1.2.1) with ExtractAarTransform
Transforming material3-release.aar (androidx.compose.material3:material3-android:1.2.1) with AarTransform
Transforming material-ripple-release.aar (androidx.compose.material:material-ripple-android:1.6.8) with ExtractAarTransform
Transforming activity-ktx-1.9.0.aar (androidx.activity:activity-ktx:1.9.0) with AarTransform
Transforming navigation-common-2.7.7.aar (androidx.navigation:navigation-common:2.7.7) with ExtractAarTransform
Transforming navigation-common-2.7.7.aar (androidx.navigation:navigation-common:2.7.7) with AarTransform
Transforming material-ripple-release.aar (androidx.compose.material:material-ripple-android:1.6.8) with AarTransform
Transforming material-release.aar (androidx.compose.material:material-android:1.6.8) with ExtractAarTransform
Transforming material-release.aar (androidx.compose.material:material-android:1.6.8) with AarTransform
Transforming animation-core-release.aar (androidx.compose.animation:animation-core-android:1.6.8) with ExtractAarTransform
Transforming animation-core-release.aar (androidx.compose.animation:animation-core-android:1.6.8) with AarTransform
Transforming animation-release.aar (androidx.compose.animation:animation-android:1.6.8) with ExtractAarTransform
Transforming animation-release.aar (androidx.compose.animation:animation-android:1.6.8) with AarTransform
Transforming navigation-runtime-2.7.7.aar (androidx.navigation:navigation-runtime:2.7.7) with ExtractAarTransform
Transforming material-icons-core-release.aar (androidx.compose.material:material-icons-core-android:1.6.8) with ExtractAarTransform
Transforming navigation-runtime-2.7.7.aar (androidx.navigation:navigation-runtime:2.7.7) with AarTransform
Transforming material-icons-core-release.aar (androidx.compose.material:material-icons-core-android:1.6.8) with AarTransform
Transforming foundation-layout-release.aar (androidx.compose.foundation:foundation-layout-android:1.6.8) with ExtractAarTransform
Transforming foundation-layout-release.aar (androidx.compose.foundation:foundation-layout-android:1.6.8) with AarTransform
Transforming navigation-compose-2.7.7.aar (androidx.navigation:navigation-compose:2.7.7) with ExtractAarTransform
Transforming foundation-release.aar (androidx.compose.foundation:foundation-android:1.6.8) with ExtractAarTransform
Transforming navigation-compose-2.7.7.aar (androidx.navigation:navigation-compose:2.7.7) with AarTransform
Transforming vectordrawable-1.1.0.aar (androidx.vectordrawable:vectordrawable:1.1.0) with ExtractAarTransform
Transforming vectordrawable-1.1.0.aar (androidx.vectordrawable:vectordrawable:1.1.0) with AarTransform
Transforming vectordrawable-1.1.0.aar (androidx.vectordrawable:vectordrawable:1.1.0) with ExtractAarTransform
Transforming vectordrawable-1.1.0.aar (androidx.vectordrawable:vectordrawable:1.1.0) with AarTransform
Transforming ui-tooling-data-release.aar (androidx.compose.ui:ui-tooling-data-android:1.6.8) with ExtractAarTransform
Transforming ui-unit-release.aar (androidx.compose.ui:ui-unit-android:1.6.8) with ExtractAarTransform
Transforming ui-util-release.aar (androidx.compose.ui:ui-util-android:1.6.8) with ExtractAarTransform
Transforming ui-graphics-release.aar (androidx.compose.ui:ui-graphics-android:1.6.8) with ExtractAarTransform
Transforming foundation-release.aar (androidx.compose.foundation:foundation-android:1.6.8) with AarTransform
Transforming ui-graphics-release.aar (androidx.compose.ui:ui-graphics-android:1.6.8) with AarTransform
Transforming ui-unit-release.aar (androidx.compose.ui:ui-unit-android:1.6.8) with AarTransform
Transforming ui-util-release.aar (androidx.compose.ui:ui-util-android:1.6.8) with AarTransform
Transforming ui-tooling-data-release.aar (androidx.compose.ui:ui-tooling-data-android:1.6.8) with AarTransform
Transforming ui-geometry-release.aar (androidx.compose.ui:ui-geometry-android:1.6.8) with ExtractAarTransform
Transforming ui-text-release.aar (androidx.compose.ui:ui-text-android:1.6.8) with ExtractAarTransform
Transforming ui-geometry-release.aar (androidx.compose.ui:ui-geometry-android:1.6.8) with AarTransform
Transforming ui-tooling-release.aar (androidx.compose.ui:ui-tooling-android:1.6.8) with ExtractAarTransform
Transforming savedstate-1.2.1.aar (androidx.savedstate:savedstate:1.2.1) with ExtractAarTransform
Transforming ui-tooling-release.aar (androidx.compose.ui:ui-tooling-android:1.6.8) with AarTransform
Transforming savedstate-1.2.1.aar (androidx.savedstate:savedstate:1.2.1) with AarTransform
Transforming ui-text-release.aar (androidx.compose.ui:ui-text-android:1.6.8) with AarTransform
Transforming ui-tooling-preview-release.aar (androidx.compose.ui:ui-tooling-preview-android:1.6.8) with ExtractAarTransform
Transforming ui-tooling-preview-release.aar (androidx.compose.ui:ui-tooling-preview-android:1.6.8) with AarTransform
Transforming lifecycle-process-2.8.1.aar (androidx.lifecycle:lifecycle-process:2.8.1) with ExtractAarTransform
Transforming lifecycle-process-2.8.1.aar (androidx.lifecycle:lifecycle-process:2.8.1) with AarTransform
Transforming legacy-support-core-utils-1.0.0.aar (androidx.legacy:legacy-support-core-utils:1.0.0) with ExtractAarTransform
Transforming legacy-support-core-utils-1.0.0.aar (androidx.legacy:legacy-support-core-utils:1.0.0) with AarTransform
Transforming lifecycle-livedata-core-ktx-2.8.1.aar (androidx.lifecycle:lifecycle-livedata-core-ktx:2.8.1) with ExtractAarTransform
Transforming lifecycle-livedata-core-ktx-2.8.1.aar (androidx.lifecycle:lifecycle-livedata-core-ktx:2.8.1) with AarTransform
Transforming lifecycle-livedata-core-2.8.1.aar (androidx.lifecycle:lifecycle-livedata-core:2.8.1) with ExtractAarTransform
Transforming lifecycle-livedata-core-2.8.1.aar (androidx.lifecycle:lifecycle-livedata-core:2.8.1) with AarTransform
Transforming emoji2-1.3.0.aar (androidx.emoji2:emoji2:1.3.0) with ExtractAarTransform
Transforming emoji2-1.3.0.aar (androidx.emoji2:emoji2:1.3.0) with AarTransform
Transforming loader-1.0.0.aar (androidx.loader:loader:1.0.0) with ExtractAarTransform
Transforming loader-1.0.0.aar (androidx.loader:loader:1.0.0) with ExtractAarTransform
Transforming loader-1.0.0.aar (androidx.loader:loader:1.0.0) with AarTransform
Transforming loader-1.0.0.aar (androidx.loader:loader:1.0.0) with AarTransform
Transforming emoji2-views-helper-1.3.0.aar (androidx.emoji2:emoji2-views-helper:1.3.0) with ExtractAarTransform
Transforming emoji2-views-helper-1.3.0.aar (androidx.emoji2:emoji2-views-helper:1.3.0) with AarTransform
Transforming lifecycle-runtime-ktx-release.aar (androidx.lifecycle:lifecycle-runtime-ktx-android:2.8.1) with ExtractAarTransform
Transforming lifecycle-runtime-ktx-release.aar (androidx.lifecycle:lifecycle-runtime-ktx-android:2.8.1) with AarTransform
Transforming lifecycle-runtime-release.aar (androidx.lifecycle:lifecycle-runtime-android:2.8.1) with ExtractAarTransform
Transforming lifecycle-runtime-release.aar (androidx.lifecycle:lifecycle-runtime-android:2.8.1) with AarTransform
Transforming lifecycle-livedata-2.8.1.aar (androidx.lifecycle:lifecycle-livedata:2.8.1) with ExtractAarTransform
Transforming lifecycle-livedata-2.8.1.aar (androidx.lifecycle:lifecycle-livedata:2.8.1) with AarTransform
Transforming lifecycle-viewmodel-ktx-2.8.1.aar (androidx.lifecycle:lifecycle-viewmodel-ktx:2.8.1) with ExtractAarTransform
Transforming lifecycle-viewmodel-ktx-2.8.1.aar (androidx.lifecycle:lifecycle-viewmodel-ktx:2.8.1) with AarTransform
Transforming lifecycle-runtime-compose-release.aar (androidx.lifecycle:lifecycle-runtime-compose-android:2.8.1) with ExtractAarTransform
Transforming lifecycle-runtime-compose-release.aar (androidx.lifecycle:lifecycle-runtime-compose-android:2.8.1) with AarTransform
Transforming lifecycle-livedata-2.8.1.aar (androidx.lifecycle:lifecycle-livedata:2.8.1) with ExtractAarTransform
Transforming activity-compose-1.9.0.aar (androidx.activity:activity-compose:1.9.0) with ExtractAarTransform
Transforming lifecycle-livedata-2.8.1.aar (androidx.lifecycle:lifecycle-livedata:2.8.1) with AarTransform
Transforming activity-compose-1.9.0.aar (androidx.activity:activity-compose:1.9.0) with AarTransform
Transforming lifecycle-viewmodel-release.aar (androidx.lifecycle:lifecycle-viewmodel-android:2.8.1) with ExtractAarTransform
Transforming lifecycle-viewmodel-release.aar (androidx.lifecycle:lifecycle-viewmodel-android:2.8.1) with AarTransform
Transforming ui-release.aar (androidx.compose.ui:ui-android:1.6.8) with ExtractAarTransform
Transforming lifecycle-viewmodel-savedstate-2.8.1.aar (androidx.lifecycle:lifecycle-viewmodel-savedstate:2.8.1) with ExtractAarTransform
Transforming lifecycle-viewmodel-savedstate-2.8.1.aar (androidx.lifecycle:lifecycle-viewmodel-savedstate:2.8.1) with AarTransform
Transforming ui-release.aar (androidx.compose.ui:ui-android:1.6.8) with AarTransform
Transforming savedstate-ktx-1.2.1.aar (androidx.savedstate:savedstate-ktx:1.2.1) with ExtractAarTransform
Transforming savedstate-ktx-1.2.1.aar (androidx.savedstate:savedstate-ktx:1.2.1) with AarTransform
Transforming lifecycle-viewmodel-2.8.1.aar (androidx.lifecycle:lifecycle-viewmodel:2.8.1) with ExtractAarTransform
Transforming lifecycle-viewmodel-2.8.1.aar (androidx.lifecycle:lifecycle-viewmodel:2.8.1) with AarTransform
Transforming lifecycle-viewmodel-compose-release.aar (androidx.lifecycle:lifecycle-viewmodel-compose-android:2.8.1) with ExtractAarTransform
Transforming lifecycle-viewmodel-compose-release.aar (androidx.lifecycle:lifecycle-viewmodel-compose-android:2.8.1) with AarTransform
Transforming recyclerview-1.1.0.aar (androidx.recyclerview:recyclerview:1.1.0) with ExtractAarTransform
Transforming recyclerview-1.1.0.aar (androidx.recyclerview:recyclerview:1.1.0) with AarTransform
Transforming recyclerview-1.1.0.aar (androidx.recyclerview:recyclerview:1.1.0) with ExtractAarTransform
Transforming recyclerview-1.1.0.aar (androidx.recyclerview:recyclerview:1.1.0) with AarTransform
Transforming viewpager-1.0.0.aar (androidx.viewpager:viewpager:1.0.0) with ExtractAarTransform
Transforming viewpager-1.0.0.aar (androidx.viewpager:viewpager:1.0.0) with AarTransform
Transforming customview-1.1.0.aar (androidx.customview:customview:1.1.0) with ExtractAarTransform
Transforming core-1.13.1.aar (androidx.core:core:1.13.1) with ExtractAarTransform
Transforming customview-1.1.0.aar (androidx.customview:customview:1.1.0) with ExtractAarTransform
Transforming customview-1.1.0.aar (androidx.customview:customview:1.1.0) with AarTransform
Transforming customview-1.1.0.aar (androidx.customview:customview:1.1.0) with AarTransform
Transforming core-1.13.1.aar (androidx.core:core:1.13.1) with AarTransform
Transforming customview-1.1.0.aar (androidx.customview:customview:1.1.0) with ExtractAarTransform
Transforming lifecycle-service-2.8.1.aar (androidx.lifecycle:lifecycle-service:2.8.1) with ExtractAarTransform
Transforming lifecycle-service-2.8.1.aar (androidx.lifecycle:lifecycle-service:2.8.1) with AarTransform
Transforming autofill-1.0.0.aar (androidx.autofill:autofill:1.0.0) with ExtractAarTransform
Transforming customview-1.1.0.aar (androidx.customview:customview:1.1.0) with AarTransform
Transforming core-1.13.1.aar (androidx.core:core:1.13.1) with ExtractAarTransform
Transforming core-1.13.1.aar (androidx.core:core:1.13.1) with ExtractAarTransform
Transforming customview-1.1.0.aar (androidx.customview:customview:1.1.0) with ExtractAarTransform
Transforming core-1.13.1.aar (androidx.core:core:1.13.1) with AarTransform
Transforming core-1.13.1.aar (androidx.core:core:1.13.1) with ExtractAarTransform
Transforming core-1.13.1.aar (androidx.core:core:1.13.1) with AarTransform
Transforming customview-poolingcontainer-1.0.0.aar (androidx.customview:customview-poolingcontainer:1.0.0) with ExtractAarTransform
Transforming customview-poolingcontainer-1.0.0.aar (androidx.customview:customview-poolingcontainer:1.0.0) with AarTransform
Transforming core-1.13.1.aar (androidx.core:core:1.13.1) with ExtractAarTransform
Transforming core-1.13.1.aar (androidx.core:core:1.13.1) with ExtractAarTransform
Transforming core-1.13.1.aar (androidx.core:core:1.13.1) with AarTransform
Transforming core-1.13.1.aar (androidx.core:core:1.13.1) with AarTransform
Transforming runtime-saveable-release.aar (androidx.compose.runtime:runtime-saveable-android:1.6.8) with ExtractAarTransform
Transforming runtime-saveable-release.aar (androidx.compose.runtime:runtime-saveable-android:1.6.8) with AarTransform
Transforming core-1.13.1.aar (androidx.core:core:1.13.1) with ExtractAarTransform
Transforming runtime-release.aar (androidx.compose.runtime:runtime-android:1.6.8) with ExtractAarTransform
Transforming core-1.13.1.aar (androidx.core:core:1.13.1) with AarTransform
Transforming runtime-release.aar (androidx.compose.runtime:runtime-android:1.6.8) with AarTransform
Transforming room-runtime-2.5.0.aar (androidx.room:room-runtime:2.5.0) with ExtractAarTransform
Transforming room-runtime-2.5.0.aar (androidx.room:room-runtime:2.5.0) with AarTransform
Transforming core-1.13.1.aar (androidx.core:core:1.13.1) with AarTransform
Transforming autofill-1.0.0.aar (androidx.autofill:autofill:1.0.0) with AarTransform
Transforming sqlite-framework-2.3.0.aar (androidx.sqlite:sqlite-framework:2.3.0) with ExtractAarTransform
Transforming sqlite-framework-2.3.0.aar (androidx.sqlite:sqlite-framework:2.3.0) with AarTransform
Transforming interpolator-1.0.0.aar (androidx.interpolator:interpolator:1.0.0) with ExtractAarTransform
Transforming interpolator-1.0.0.aar (androidx.interpolator:interpolator:1.0.0) with AarTransform
Transforming security-crypto-1.1.0-alpha06.aar (androidx.security:security-crypto:1.1.0-alpha06) with ExtractAarTransform
Transforming security-crypto-1.1.0-alpha06.aar (androidx.security:security-crypto:1.1.0-alpha06) with AarTransform
Transforming core-ktx-1.13.1.aar (androidx.core:core-ktx:1.13.1) with ExtractAarTransform
Transforming core-ktx-1.13.1.aar (androidx.core:core-ktx:1.13.1) with AarTransform
Transforming room-ktx-2.5.0.aar (androidx.room:room-ktx:2.5.0) with ExtractAarTransform
Transforming customview-1.1.0.aar (androidx.customview:customview:1.1.0) with AarTransform
Transforming annotation-experimental-1.4.0.aar (androidx.annotation:annotation-experimental:1.4.0) with ExtractAarTransform
Transforming annotation-experimental-1.4.0.aar (androidx.annotation:annotation-experimental:1.4.0) with AarTransform
Transforming startup-runtime-1.1.1.aar (androidx.startup:startup-runtime:1.1.1) with ExtractAarTransform
Transforming startup-runtime-1.1.1.aar (androidx.startup:startup-runtime:1.1.1) with AarTransform
Transforming room-ktx-2.5.0.aar (androidx.room:room-ktx:2.5.0) with AarTransform
Transforming versionedparcelable-1.1.1.aar (androidx.versionedparcelable:versionedparcelable:1.1.1) with ExtractAarTransform
Transforming interpolator-1.0.0.aar (androidx.interpolator:interpolator:1.0.0) with ExtractAarTransform
Transforming versionedparcelable-1.1.1.aar (androidx.versionedparcelable:versionedparcelable:1.1.1) with AarTransform
Transforming interpolator-1.0.0.aar (androidx.interpolator:interpolator:1.0.0) with AarTransform
Transforming sqlite-2.3.0.aar (androidx.sqlite:sqlite:2.3.0) with ExtractAarTransform
Transforming profileinstaller-1.3.1.aar (androidx.profileinstaller:profileinstaller:1.3.1) with ExtractAarTransform
Transforming sqlite-2.3.0.aar (androidx.sqlite:sqlite:2.3.0) with AarTransform
Transforming profileinstaller-1.3.1.aar (androidx.profileinstaller:profileinstaller:1.3.1) with AarTransform
Transforming tracing-1.0.0.aar (androidx.tracing:tracing:1.0.0) with ExtractAarTransform
Transforming localbroadcastmanager-1.0.0.aar (androidx.localbroadcastmanager:localbroadcastmanager:1.0.0) with ExtractAarTransform
Transforming tracing-1.0.0.aar (androidx.tracing:tracing:1.0.0) with AarTransform
Transforming localbroadcastmanager-1.0.0.aar (androidx.localbroadcastmanager:localbroadcastmanager:1.0.0) with AarTransform
Transforming core-runtime-2.2.0.aar (androidx.arch.core:core-runtime:2.2.0) with ExtractAarTransform
Transforming core-runtime-2.2.0.aar (androidx.arch.core:core-runtime:2.2.0) with AarTransform
Transforming cursoradapter-1.0.0.aar (androidx.cursoradapter:cursoradapter:1.0.0) with ExtractAarTransform
Transforming cursoradapter-1.0.0.aar (androidx.cursoradapter:cursoradapter:1.0.0) with AarTransform
Transforming documentfile-1.0.0.aar (androidx.documentfile:documentfile:1.0.0) with ExtractAarTransform
Transforming documentfile-1.0.0.aar (androidx.documentfile:documentfile:1.0.0) with AarTransform
Transforming cardview-1.0.0.aar (androidx.cardview:cardview:1.0.0) with ExtractAarTransform
Transforming cardview-1.0.0.aar (androidx.cardview:cardview:1.0.0) with AarTransform
Transforming print-1.0.0.aar (androidx.print:print:1.0.0) with ExtractAarTransform
Transforming print-1.0.0.aar (androidx.print:print:1.0.0) with AarTransform
Caching disabled for task ':app:checkDebugAarMetadata' because:
  Build cache is disabled
Skipping task ':app:checkDebugAarMetadata' as it is up-to-date.
Resolve mutations for :app:generateDebugResValues (Thread[#299,Execution worker,5,main]) started.
:app:generateDebugResValues (Thread[#299,Execution worker,5,main]) started.

> Task :app:generateDebugResValues UP-TO-DATE
Caching disabled for task ':app:generateDebugResValues' because:
  Build cache is disabled
Skipping task ':app:generateDebugResValues' as it is up-to-date.
Resolve mutations for :app:mapDebugSourceSetPaths (Thread[#299,Execution worker,5,main]) started.
:app:mapDebugSourceSetPaths (Thread[#299,Execution worker,5,main]) started.

> Task :app:mapDebugSourceSetPaths UP-TO-DATE
Transforming material-1.12.0.aar (com.google.android.material:material:1.12.0) with ExtractAarTransform
Transforming material-1.12.0.aar (com.google.android.material:material:1.12.0) with AarTransform
Transforming work-runtime-ktx-2.9.0.aar (androidx.work:work-runtime-ktx:2.9.0) with ExtractAarTransform
Transforming work-runtime-ktx-2.9.0.aar (androidx.work:work-runtime-ktx:2.9.0) with AarTransform
Transforming work-runtime-2.9.0.aar (androidx.work:work-runtime:2.9.0) with ExtractAarTransform
Transforming work-runtime-2.9.0.aar (androidx.work:work-runtime:2.9.0) with AarTransform
Transforming constraintlayout-2.0.1.aar (androidx.constraintlayout:constraintlayout:2.0.1) with ExtractAarTransform
Transforming constraintlayout-2.0.1.aar (androidx.constraintlayout:constraintlayout:2.0.1) with AarTransform
Transforming appcompat-resources-1.6.1.aar (androidx.appcompat:appcompat-resources:1.6.1) with ExtractAarTransform
Transforming appcompat-resources-1.6.1.aar (androidx.appcompat:appcompat-resources:1.6.1) with AarTransform
Transforming appcompat-1.6.1.aar (androidx.appcompat:appcompat:1.6.1) with ExtractAarTransform
Transforming appcompat-1.6.1.aar (androidx.appcompat:appcompat:1.6.1) with AarTransform
Transforming coordinatorlayout-1.1.0.aar (androidx.coordinatorlayout:coordinatorlayout:1.1.0) with ExtractAarTransform
Transforming coordinatorlayout-1.1.0.aar (androidx.coordinatorlayout:coordinatorlayout:1.1.0) with AarTransform
Transforming drawerlayout-1.1.1.aar (androidx.drawerlayout:drawerlayout:1.1.1) with ExtractAarTransform
Transforming drawerlayout-1.1.1.aar (androidx.drawerlayout:drawerlayout:1.1.1) with AarTransform
Transforming transition-1.5.0.aar (androidx.transition:transition:1.5.0) with ExtractAarTransform
Transforming transition-1.5.0.aar (androidx.transition:transition:1.5.0) with AarTransform
Transforming dynamicanimation-1.0.0.aar (androidx.dynamicanimation:dynamicanimation:1.0.0) with ExtractAarTransform
Transforming dynamicanimation-1.0.0.aar (androidx.dynamicanimation:dynamicanimation:1.0.0) with AarTransform
Transforming vectordrawable-animated-1.1.0.aar (androidx.vectordrawable:vectordrawable-animated:1.1.0) with ExtractAarTransform
Transforming vectordrawable-animated-1.1.0.aar (androidx.vectordrawable:vectordrawable-animated:1.1.0) with AarTransform
Transforming vectordrawable-1.1.0.aar (androidx.vectordrawable:vectordrawable:1.1.0) with ExtractAarTransform
Transforming vectordrawable-1.1.0.aar (androidx.vectordrawable:vectordrawable:1.1.0) with AarTransform
Transforming vectordrawable-1.1.0.aar (androidx.vectordrawable:vectordrawable:1.1.0) with ExtractAarTransform
Transforming vectordrawable-1.1.0.aar (androidx.vectordrawable:vectordrawable:1.1.0) with AarTransform
Transforming viewpager2-1.0.0.aar (androidx.viewpager2:viewpager2:1.0.0) with ExtractAarTransform
Transforming viewpager2-1.0.0.aar (androidx.viewpager2:viewpager2:1.0.0) with AarTransform
Transforming navigation-common-2.7.7.aar (androidx.navigation:navigation-common:2.7.7) with ExtractAarTransform
Transforming navigation-common-2.7.7.aar (androidx.navigation:navigation-common:2.7.7) with AarTransform
Transforming navigation-runtime-2.7.7.aar (androidx.navigation:navigation-runtime:2.7.7) with ExtractAarTransform
Transforming navigation-runtime-2.7.7.aar (androidx.navigation:navigation-runtime:2.7.7) with AarTransform
Transforming navigation-common-ktx-2.7.7.aar (androidx.navigation:navigation-common-ktx:2.7.7) with ExtractAarTransform
Transforming navigation-common-ktx-2.7.7.aar (androidx.navigation:navigation-common-ktx:2.7.7) with AarTransform
Transforming navigation-runtime-ktx-2.7.7.aar (androidx.navigation:navigation-runtime-ktx:2.7.7) with ExtractAarTransform
Transforming navigation-runtime-ktx-2.7.7.aar (androidx.navigation:navigation-runtime-ktx:2.7.7) with AarTransform
Transforming navigation-compose-2.7.7.aar (androidx.navigation:navigation-compose:2.7.7) with ExtractAarTransform
Transforming navigation-compose-2.7.7.aar (androidx.navigation:navigation-compose:2.7.7) with AarTransform
Transforming fragment-1.3.6.aar (androidx.fragment:fragment:1.3.6) with ExtractAarTransform
Transforming fragment-1.3.6.aar (androidx.fragment:fragment:1.3.6) with AarTransform
Transforming fragment-1.3.6.aar (androidx.fragment:fragment:1.3.6) with ExtractAarTransform
Transforming fragment-1.3.6.aar (androidx.fragment:fragment:1.3.6) with AarTransform
Transforming activity-1.9.0.aar (androidx.activity:activity:1.9.0) with ExtractAarTransform
Transforming activity-1.9.0.aar (androidx.activity:activity:1.9.0) with AarTransform
Transforming activity-ktx-1.9.0.aar (androidx.activity:activity-ktx:1.9.0) with ExtractAarTransform
Transforming activity-ktx-1.9.0.aar (androidx.activity:activity-ktx:1.9.0) with AarTransform
Transforming material3-release.aar (androidx.compose.material3:material3-android:1.2.1) with ExtractAarTransform
Transforming material3-release.aar (androidx.compose.material3:material3-android:1.2.1) with AarTransform
Transforming material-ripple-release.aar (androidx.compose.material:material-ripple-android:1.6.8) with ExtractAarTransform
Transforming material-ripple-release.aar (androidx.compose.material:material-ripple-android:1.6.8) with AarTransform
Transforming material-icons-core-release.aar (androidx.compose.material:material-icons-core-android:1.6.8) with ExtractAarTransform
Transforming material-icons-core-release.aar (androidx.compose.material:material-icons-core-android:1.6.8) with AarTransform
Transforming material-release.aar (androidx.compose.material:material-android:1.6.8) with ExtractAarTransform
Transforming material-release.aar (androidx.compose.material:material-android:1.6.8) with AarTransform
Transforming animation-core-release.aar (androidx.compose.animation:animation-core-android:1.6.8) with ExtractAarTransform
Transforming animation-core-release.aar (androidx.compose.animation:animation-core-android:1.6.8) with AarTransform
Transforming animation-release.aar (androidx.compose.animation:animation-android:1.6.8) with ExtractAarTransform
Transforming animation-release.aar (androidx.compose.animation:animation-android:1.6.8) with AarTransform
Transforming foundation-layout-release.aar (androidx.compose.foundation:foundation-layout-android:1.6.8) with ExtractAarTransform
Transforming foundation-layout-release.aar (androidx.compose.foundation:foundation-layout-android:1.6.8) with AarTransform
Transforming foundation-release.aar (androidx.compose.foundation:foundation-android:1.6.8) with ExtractAarTransform
Transforming foundation-release.aar (androidx.compose.foundation:foundation-android:1.6.8) with AarTransform
Transforming ui-tooling-data-release.aar (androidx.compose.ui:ui-tooling-data-android:1.6.8) with ExtractAarTransform
Transforming ui-tooling-data-release.aar (androidx.compose.ui:ui-tooling-data-android:1.6.8) with AarTransform
Transforming ui-unit-release.aar (androidx.compose.ui:ui-unit-android:1.6.8) with ExtractAarTransform
Transforming ui-unit-release.aar (androidx.compose.ui:ui-unit-android:1.6.8) with AarTransform
Transforming ui-geometry-release.aar (androidx.compose.ui:ui-geometry-android:1.6.8) with ExtractAarTransform
Transforming ui-geometry-release.aar (androidx.compose.ui:ui-geometry-android:1.6.8) with AarTransform
Transforming ui-util-release.aar (androidx.compose.ui:ui-util-android:1.6.8) with ExtractAarTransform
Transforming ui-util-release.aar (androidx.compose.ui:ui-util-android:1.6.8) with AarTransform
Transforming ui-text-release.aar (androidx.compose.ui:ui-text-android:1.6.8) with ExtractAarTransform
Transforming ui-text-release.aar (androidx.compose.ui:ui-text-android:1.6.8) with AarTransform
Transforming ui-graphics-release.aar (androidx.compose.ui:ui-graphics-android:1.6.8) with ExtractAarTransform
Transforming ui-graphics-release.aar (androidx.compose.ui:ui-graphics-android:1.6.8) with AarTransform
Transforming ui-tooling-preview-release.aar (androidx.compose.ui:ui-tooling-preview-android:1.6.8) with ExtractAarTransform
Transforming ui-tooling-preview-release.aar (androidx.compose.ui:ui-tooling-preview-android:1.6.8) with AarTransform
Transforming ui-tooling-release.aar (androidx.compose.ui:ui-tooling-android:1.6.8) with ExtractAarTransform
Transforming ui-tooling-release.aar (androidx.compose.ui:ui-tooling-android:1.6.8) with AarTransform
Transforming activity-compose-1.9.0.aar (androidx.activity:activity-compose:1.9.0) with ExtractAarTransform
Transforming activity-compose-1.9.0.aar (androidx.activity:activity-compose:1.9.0) with AarTransform
Transforming savedstate-ktx-1.2.1.aar (androidx.savedstate:savedstate-ktx:1.2.1) with ExtractAarTransform
Transforming savedstate-ktx-1.2.1.aar (androidx.savedstate:savedstate-ktx:1.2.1) with AarTransform
Transforming savedstate-1.2.1.aar (androidx.savedstate:savedstate:1.2.1) with ExtractAarTransform
Transforming savedstate-1.2.1.aar (androidx.savedstate:savedstate:1.2.1) with AarTransform
Transforming emoji2-views-helper-1.3.0.aar (androidx.emoji2:emoji2-views-helper:1.3.0) with ExtractAarTransform
Transforming emoji2-views-helper-1.3.0.aar (androidx.emoji2:emoji2-views-helper:1.3.0) with AarTransform
Transforming emoji2-1.3.0.aar (androidx.emoji2:emoji2:1.3.0) with ExtractAarTransform
Transforming emoji2-1.3.0.aar (androidx.emoji2:emoji2:1.3.0) with AarTransform
Transforming lifecycle-process-2.8.1.aar (androidx.lifecycle:lifecycle-process:2.8.1) with ExtractAarTransform
Transforming lifecycle-process-2.8.1.aar (androidx.lifecycle:lifecycle-process:2.8.1) with AarTransform
Transforming lifecycle-livedata-core-ktx-2.8.1.aar (androidx.lifecycle:lifecycle-livedata-core-ktx:2.8.1) with ExtractAarTransform
Transforming lifecycle-livedata-core-ktx-2.8.1.aar (androidx.lifecycle:lifecycle-livedata-core-ktx:2.8.1) with AarTransform
Transforming lifecycle-livedata-core-2.8.1.aar (androidx.lifecycle:lifecycle-livedata-core:2.8.1) with ExtractAarTransform
Transforming lifecycle-livedata-core-2.8.1.aar (androidx.lifecycle:lifecycle-livedata-core:2.8.1) with AarTransform
Transforming legacy-support-core-utils-1.0.0.aar (androidx.legacy:legacy-support-core-utils:1.0.0) with ExtractAarTransform
Transforming legacy-support-core-utils-1.0.0.aar (androidx.legacy:legacy-support-core-utils:1.0.0) with AarTransform
Transforming loader-1.0.0.aar (androidx.loader:loader:1.0.0) with ExtractAarTransform
Transforming loader-1.0.0.aar (androidx.loader:loader:1.0.0) with AarTransform
Transforming loader-1.0.0.aar (androidx.loader:loader:1.0.0) with ExtractAarTransform
Transforming loader-1.0.0.aar (androidx.loader:loader:1.0.0) with AarTransform
Transforming lifecycle-viewmodel-2.8.1.aar (androidx.lifecycle:lifecycle-viewmodel:2.8.1) with ExtractAarTransform
Transforming lifecycle-viewmodel-2.8.1.aar (androidx.lifecycle:lifecycle-viewmodel:2.8.1) with AarTransform
Transforming lifecycle-viewmodel-release.aar (androidx.lifecycle:lifecycle-viewmodel-android:2.8.1) with ExtractAarTransform
Transforming lifecycle-viewmodel-release.aar (androidx.lifecycle:lifecycle-viewmodel-android:2.8.1) with AarTransform
Transforming lifecycle-runtime-ktx-release.aar (androidx.lifecycle:lifecycle-runtime-ktx-android:2.8.1) with ExtractAarTransform
Transforming lifecycle-runtime-ktx-release.aar (androidx.lifecycle:lifecycle-runtime-ktx-android:2.8.1) with AarTransform
Transforming lifecycle-runtime-release.aar (androidx.lifecycle:lifecycle-runtime-android:2.8.1) with ExtractAarTransform
Transforming lifecycle-runtime-release.aar (androidx.lifecycle:lifecycle-runtime-android:2.8.1) with AarTransform
Transforming lifecycle-service-2.8.1.aar (androidx.lifecycle:lifecycle-service:2.8.1) with ExtractAarTransform
Transforming lifecycle-service-2.8.1.aar (androidx.lifecycle:lifecycle-service:2.8.1) with AarTransform
Transforming lifecycle-livedata-2.8.1.aar (androidx.lifecycle:lifecycle-livedata:2.8.1) with ExtractAarTransform
Transforming lifecycle-livedata-2.8.1.aar (androidx.lifecycle:lifecycle-livedata:2.8.1) with AarTransform
Transforming lifecycle-livedata-2.8.1.aar (androidx.lifecycle:lifecycle-livedata:2.8.1) with ExtractAarTransform
Transforming lifecycle-livedata-2.8.1.aar (androidx.lifecycle:lifecycle-livedata:2.8.1) with AarTransform
Transforming lifecycle-viewmodel-savedstate-2.8.1.aar (androidx.lifecycle:lifecycle-viewmodel-savedstate:2.8.1) with ExtractAarTransform
Transforming lifecycle-viewmodel-savedstate-2.8.1.aar (androidx.lifecycle:lifecycle-viewmodel-savedstate:2.8.1) with AarTransform
Transforming lifecycle-viewmodel-ktx-2.8.1.aar (androidx.lifecycle:lifecycle-viewmodel-ktx:2.8.1) with ExtractAarTransform
Transforming lifecycle-viewmodel-ktx-2.8.1.aar (androidx.lifecycle:lifecycle-viewmodel-ktx:2.8.1) with AarTransform
Transforming lifecycle-runtime-compose-release.aar (androidx.lifecycle:lifecycle-runtime-compose-android:2.8.1) with ExtractAarTransform
Transforming lifecycle-runtime-compose-release.aar (androidx.lifecycle:lifecycle-runtime-compose-android:2.8.1) with AarTransform
Transforming lifecycle-viewmodel-compose-release.aar (androidx.lifecycle:lifecycle-viewmodel-compose-android:2.8.1) with ExtractAarTransform
Transforming lifecycle-viewmodel-compose-release.aar (androidx.lifecycle:lifecycle-viewmodel-compose-android:2.8.1) with AarTransform
Transforming ui-release.aar (androidx.compose.ui:ui-android:1.6.8) with ExtractAarTransform
Transforming ui-release.aar (androidx.compose.ui:ui-android:1.6.8) with AarTransform
Transforming recyclerview-1.1.0.aar (androidx.recyclerview:recyclerview:1.1.0) with ExtractAarTransform
Transforming recyclerview-1.1.0.aar (androidx.recyclerview:recyclerview:1.1.0) with AarTransform
Transforming recyclerview-1.1.0.aar (androidx.recyclerview:recyclerview:1.1.0) with ExtractAarTransform
Transforming recyclerview-1.1.0.aar (androidx.recyclerview:recyclerview:1.1.0) with AarTransform
Transforming viewpager-1.0.0.aar (androidx.viewpager:viewpager:1.0.0) with ExtractAarTransform
Transforming viewpager-1.0.0.aar (androidx.viewpager:viewpager:1.0.0) with AarTransform
Transforming customview-1.1.0.aar (androidx.customview:customview:1.1.0) with ExtractAarTransform
Transforming customview-1.1.0.aar (androidx.customview:customview:1.1.0) with AarTransform
Transforming autofill-1.0.0.aar (androidx.autofill:autofill:1.0.0) with ExtractAarTransform
Transforming autofill-1.0.0.aar (androidx.autofill:autofill:1.0.0) with AarTransform
Transforming core-1.13.1.aar (androidx.core:core:1.13.1) with ExtractAarTransform
Transforming core-1.13.1.aar (androidx.core:core:1.13.1) with AarTransform
Transforming core-1.13.1.aar (androidx.core:core:1.13.1) with ExtractAarTransform
Transforming core-1.13.1.aar (androidx.core:core:1.13.1) with AarTransform
Transforming customview-poolingcontainer-1.0.0.aar (androidx.customview:customview-poolingcontainer:1.0.0) with ExtractAarTransform
Transforming customview-poolingcontainer-1.0.0.aar (androidx.customview:customview-poolingcontainer:1.0.0) with AarTransform
Transforming core-ktx-1.13.1.aar (androidx.core:core-ktx:1.13.1) with ExtractAarTransform
Transforming core-ktx-1.13.1.aar (androidx.core:core-ktx:1.13.1) with AarTransform
Transforming runtime-saveable-release.aar (androidx.compose.runtime:runtime-saveable-android:1.6.8) with ExtractAarTransform
Transforming runtime-saveable-release.aar (androidx.compose.runtime:runtime-saveable-android:1.6.8) with AarTransform
Transforming runtime-release.aar (androidx.compose.runtime:runtime-android:1.6.8) with ExtractAarTransform
Transforming runtime-release.aar (androidx.compose.runtime:runtime-android:1.6.8) with AarTransform
Transforming room-ktx-2.5.0.aar (androidx.room:room-ktx:2.5.0) with ExtractAarTransform
Transforming room-ktx-2.5.0.aar (androidx.room:room-ktx:2.5.0) with AarTransform
Transforming room-runtime-2.5.0.aar (androidx.room:room-runtime:2.5.0) with ExtractAarTransform
Transforming room-runtime-2.5.0.aar (androidx.room:room-runtime:2.5.0) with AarTransform
Transforming annotation-experimental-1.4.0.aar (androidx.annotation:annotation-experimental:1.4.0) with ExtractAarTransform
Transforming annotation-experimental-1.4.0.aar (androidx.annotation:annotation-experimental:1.4.0) with AarTransform
Transforming sqlite-framework-2.3.0.aar (androidx.sqlite:sqlite-framework:2.3.0) with ExtractAarTransform
Transforming sqlite-framework-2.3.0.aar (androidx.sqlite:sqlite-framework:2.3.0) with AarTransform
Transforming security-crypto-1.1.0-alpha06.aar (androidx.security:security-crypto:1.1.0-alpha06) with ExtractAarTransform
Transforming security-crypto-1.1.0-alpha06.aar (androidx.security:security-crypto:1.1.0-alpha06) with AarTransform
Transforming cardview-1.0.0.aar (androidx.cardview:cardview:1.0.0) with ExtractAarTransform
Transforming cardview-1.0.0.aar (androidx.cardview:cardview:1.0.0) with AarTransform
Transforming interpolator-1.0.0.aar (androidx.interpolator:interpolator:1.0.0) with ExtractAarTransform
Transforming interpolator-1.0.0.aar (androidx.interpolator:interpolator:1.0.0) with AarTransform
Transforming interpolator-1.0.0.aar (androidx.interpolator:interpolator:1.0.0) with ExtractAarTransform
Transforming interpolator-1.0.0.aar (androidx.interpolator:interpolator:1.0.0) with AarTransform
Transforming versionedparcelable-1.1.1.aar (androidx.versionedparcelable:versionedparcelable:1.1.1) with ExtractAarTransform
Transforming versionedparcelable-1.1.1.aar (androidx.versionedparcelable:versionedparcelable:1.1.1) with AarTransform
Transforming profileinstaller-1.3.1.aar (androidx.profileinstaller:profileinstaller:1.3.1) with ExtractAarTransform
Transforming profileinstaller-1.3.1.aar (androidx.profileinstaller:profileinstaller:1.3.1) with AarTransform
Transforming startup-runtime-1.1.1.aar (androidx.startup:startup-runtime:1.1.1) with ExtractAarTransform
Transforming startup-runtime-1.1.1.aar (androidx.startup:startup-runtime:1.1.1) with AarTransform
Transforming cursoradapter-1.0.0.aar (androidx.cursoradapter:cursoradapter:1.0.0) with ExtractAarTransform
Transforming cursoradapter-1.0.0.aar (androidx.cursoradapter:cursoradapter:1.0.0) with AarTransform
Transforming tracing-1.0.0.aar (androidx.tracing:tracing:1.0.0) with ExtractAarTransform
Transforming tracing-1.0.0.aar (androidx.tracing:tracing:1.0.0) with AarTransform
Transforming sqlite-2.3.0.aar (androidx.sqlite:sqlite:2.3.0) with ExtractAarTransform
Transforming sqlite-2.3.0.aar (androidx.sqlite:sqlite:2.3.0) with AarTransform
Transforming core-runtime-2.2.0.aar (androidx.arch.core:core-runtime:2.2.0) with ExtractAarTransform
Transforming core-runtime-2.2.0.aar (androidx.arch.core:core-runtime:2.2.0) with AarTransform
Transforming documentfile-1.0.0.aar (androidx.documentfile:documentfile:1.0.0) with ExtractAarTransform
Transforming documentfile-1.0.0.aar (androidx.documentfile:documentfile:1.0.0) with AarTransform
Transforming localbroadcastmanager-1.0.0.aar (androidx.localbroadcastmanager:localbroadcastmanager:1.0.0) with ExtractAarTransform
Transforming localbroadcastmanager-1.0.0.aar (androidx.localbroadcastmanager:localbroadcastmanager:1.0.0) with AarTransform
Transforming print-1.0.0.aar (androidx.print:print:1.0.0) with ExtractAarTransform
Transforming print-1.0.0.aar (androidx.print:print:1.0.0) with AarTransform
Caching disabled for task ':app:mapDebugSourceSetPaths' because:
  Build cache is disabled
Skipping task ':app:mapDebugSourceSetPaths' as it is up-to-date.
Resolve mutations for :app:generateDebugResources (Thread[#299,Execution worker,5,main]) started.
:app:generateDebugResources (Thread[#299,Execution worker,5,main]) started.

> Task :app:generateDebugResources UP-TO-DATE
Caching disabled for task ':app:generateDebugResources' because:
  Build cache is disabled
Skipping task ':app:generateDebugResources' as it is up-to-date.
Resolve mutations for :app:mergeDebugResources (Thread[#299,Execution worker,5,main]) started.
:app:mergeDebugResources (Thread[#299,Execution worker,5,main]) started.

> Task :app:mergeDebugResources UP-TO-DATE
Caching disabled for task ':app:mergeDebugResources' because:
  Build cache is disabled
Skipping task ':app:mergeDebugResources' as it is up-to-date.
Resolve mutations for :app:packageDebugResources (Thread[#299,Execution worker,5,main]) started.
:app:packageDebugResources (Thread[#299,Execution worker,5,main]) started.

> Task :app:packageDebugResources UP-TO-DATE
Caching disabled for task ':app:packageDebugResources' because:
  Build cache is disabled
Skipping task ':app:packageDebugResources' as it is up-to-date.
Resolve mutations for :app:parseDebugLocalResources (Thread[#299,Execution worker,5,main]) started.
:app:parseDebugLocalResources (Thread[#299,Execution worker,5,main]) started.

> Task :app:parseDebugLocalResources UP-TO-DATE
Transforming android.jar with PlatformAttrTransform
Transforming android.jar with PlatformAttrTransform
Caching disabled for task ':app:parseDebugLocalResources' because:
  Build cache is disabled
Skipping task ':app:parseDebugLocalResources' as it is up-to-date.
Resolve mutations for :app:createDebugCompatibleScreenManifests (Thread[#299,Execution worker,5,main]) started.
:app:createDebugCompatibleScreenManifests (Thread[#299,Execution worker,5,main]) started.

> Task :app:createDebugCompatibleScreenManifests UP-TO-DATE
Caching disabled for task ':app:createDebugCompatibleScreenManifests' because:
  Build cache is disabled
Skipping task ':app:createDebugCompatibleScreenManifests' as it is up-to-date.
Resolve mutations for :app:extractDeepLinksDebug (Thread[#302,Execution worker Thread 4,5,main]) started.
:app:extractDeepLinksDebug (Thread[#302,Execution worker Thread 4,5,main]) started.

> Task :app:extractDeepLinksDebug UP-TO-DATE
Caching disabled for task ':app:extractDeepLinksDebug' because:
  Build cache is disabled
Skipping task ':app:extractDeepLinksDebug' as it is up-to-date.
Resolve mutations for :app:processDebugMainManifest (Thread[#301,Execution worker Thread 3,5,main]) started.
:app:processDebugMainManifest (Thread[#301,Execution worker Thread 3,5,main]) started.

> Task :app:processDebugMainManifest UP-TO-DATE
Transforming material-1.12.0.aar (com.google.android.material:material:1.12.0) with ExtractAarTransform
Transforming material-1.12.0.aar (com.google.android.material:material:1.12.0) with AarTransform
Transforming work-runtime-ktx-2.9.0.aar (androidx.work:work-runtime-ktx:2.9.0) with ExtractAarTransform
Transforming work-runtime-ktx-2.9.0.aar (androidx.work:work-runtime-ktx:2.9.0) with AarTransform
Transforming work-runtime-2.9.0.aar (androidx.work:work-runtime:2.9.0) with ExtractAarTransform
Transforming work-runtime-2.9.0.aar (androidx.work:work-runtime:2.9.0) with AarTransform
Transforming constraintlayout-2.0.1.aar (androidx.constraintlayout:constraintlayout:2.0.1) with ExtractAarTransform
Transforming constraintlayout-2.0.1.aar (androidx.constraintlayout:constraintlayout:2.0.1) with AarTransform
Transforming appcompat-resources-1.6.1.aar (androidx.appcompat:appcompat-resources:1.6.1) with ExtractAarTransform
Transforming appcompat-resources-1.6.1.aar (androidx.appcompat:appcompat-resources:1.6.1) with AarTransform
Transforming appcompat-1.6.1.aar (androidx.appcompat:appcompat:1.6.1) with ExtractAarTransform
Transforming appcompat-1.6.1.aar (androidx.appcompat:appcompat:1.6.1) with AarTransform
Transforming coordinatorlayout-1.1.0.aar (androidx.coordinatorlayout:coordinatorlayout:1.1.0) with ExtractAarTransform
Transforming coordinatorlayout-1.1.0.aar (androidx.coordinatorlayout:coordinatorlayout:1.1.0) with AarTransform
Transforming drawerlayout-1.1.1.aar (androidx.drawerlayout:drawerlayout:1.1.1) with ExtractAarTransform
Transforming drawerlayout-1.1.1.aar (androidx.drawerlayout:drawerlayout:1.1.1) with AarTransform
Transforming transition-1.5.0.aar (androidx.transition:transition:1.5.0) with ExtractAarTransform
Transforming transition-1.5.0.aar (androidx.transition:transition:1.5.0) with AarTransform
Transforming dynamicanimation-1.0.0.aar (androidx.dynamicanimation:dynamicanimation:1.0.0) with ExtractAarTransform
Transforming dynamicanimation-1.0.0.aar (androidx.dynamicanimation:dynamicanimation:1.0.0) with AarTransform
Transforming vectordrawable-animated-1.1.0.aar (androidx.vectordrawable:vectordrawable-animated:1.1.0) with ExtractAarTransform
Transforming vectordrawable-animated-1.1.0.aar (androidx.vectordrawable:vectordrawable-animated:1.1.0) with AarTransform
Transforming vectordrawable-1.1.0.aar (androidx.vectordrawable:vectordrawable:1.1.0) with ExtractAarTransform
Transforming vectordrawable-1.1.0.aar (androidx.vectordrawable:vectordrawable:1.1.0) with AarTransform
Transforming vectordrawable-1.1.0.aar (androidx.vectordrawable:vectordrawable:1.1.0) with ExtractAarTransform
Transforming vectordrawable-1.1.0.aar (androidx.vectordrawable:vectordrawable:1.1.0) with AarTransform
Transforming viewpager2-1.0.0.aar (androidx.viewpager2:viewpager2:1.0.0) with ExtractAarTransform
Transforming viewpager2-1.0.0.aar (androidx.viewpager2:viewpager2:1.0.0) with AarTransform
Transforming navigation-common-2.7.7.aar (androidx.navigation:navigation-common:2.7.7) with ExtractAarTransform
Transforming navigation-common-2.7.7.aar (androidx.navigation:navigation-common:2.7.7) with AarTransform
Transforming navigation-runtime-2.7.7.aar (androidx.navigation:navigation-runtime:2.7.7) with ExtractAarTransform
Transforming navigation-runtime-2.7.7.aar (androidx.navigation:navigation-runtime:2.7.7) with AarTransform
Transforming navigation-common-ktx-2.7.7.aar (androidx.navigation:navigation-common-ktx:2.7.7) with ExtractAarTransform
Transforming navigation-common-ktx-2.7.7.aar (androidx.navigation:navigation-common-ktx:2.7.7) with AarTransform
Transforming navigation-runtime-ktx-2.7.7.aar (androidx.navigation:navigation-runtime-ktx:2.7.7) with ExtractAarTransform
Transforming navigation-runtime-ktx-2.7.7.aar (androidx.navigation:navigation-runtime-ktx:2.7.7) with AarTransform
Transforming navigation-compose-2.7.7.aar (androidx.navigation:navigation-compose:2.7.7) with ExtractAarTransform
Transforming navigation-compose-2.7.7.aar (androidx.navigation:navigation-compose:2.7.7) with AarTransform
Transforming fragment-1.3.6.aar (androidx.fragment:fragment:1.3.6) with ExtractAarTransform
Transforming fragment-1.3.6.aar (androidx.fragment:fragment:1.3.6) with AarTransform
Transforming fragment-1.3.6.aar (androidx.fragment:fragment:1.3.6) with ExtractAarTransform
Transforming fragment-1.3.6.aar (androidx.fragment:fragment:1.3.6) with AarTransform
Transforming activity-1.9.0.aar (androidx.activity:activity:1.9.0) with ExtractAarTransform
Transforming activity-1.9.0.aar (androidx.activity:activity:1.9.0) with AarTransform
Transforming activity-ktx-1.9.0.aar (androidx.activity:activity-ktx:1.9.0) with ExtractAarTransform
Transforming activity-ktx-1.9.0.aar (androidx.activity:activity-ktx:1.9.0) with AarTransform
Transforming material3-release.aar (androidx.compose.material3:material3-android:1.2.1) with ExtractAarTransform
Transforming material3-release.aar (androidx.compose.material3:material3-android:1.2.1) with AarTransform
Transforming material-ripple-release.aar (androidx.compose.material:material-ripple-android:1.6.8) with ExtractAarTransform
Transforming material-ripple-release.aar (androidx.compose.material:material-ripple-android:1.6.8) with AarTransform
Transforming material-icons-core-release.aar (androidx.compose.material:material-icons-core-android:1.6.8) with ExtractAarTransform
Transforming material-icons-core-release.aar (androidx.compose.material:material-icons-core-android:1.6.8) with AarTransform
Transforming material-release.aar (androidx.compose.material:material-android:1.6.8) with ExtractAarTransform
Transforming material-release.aar (androidx.compose.material:material-android:1.6.8) with AarTransform
Transforming animation-core-release.aar (androidx.compose.animation:animation-core-android:1.6.8) with ExtractAarTransform
Transforming animation-core-release.aar (androidx.compose.animation:animation-core-android:1.6.8) with AarTransform
Transforming animation-release.aar (androidx.compose.animation:animation-android:1.6.8) with ExtractAarTransform
Transforming animation-release.aar (androidx.compose.animation:animation-android:1.6.8) with AarTransform
Transforming foundation-layout-release.aar (androidx.compose.foundation:foundation-layout-android:1.6.8) with ExtractAarTransform
Transforming foundation-layout-release.aar (androidx.compose.foundation:foundation-layout-android:1.6.8) with AarTransform
Transforming foundation-release.aar (androidx.compose.foundation:foundation-android:1.6.8) with ExtractAarTransform
Transforming foundation-release.aar (androidx.compose.foundation:foundation-android:1.6.8) with AarTransform
Transforming ui-tooling-data-release.aar (androidx.compose.ui:ui-tooling-data-android:1.6.8) with ExtractAarTransform
Transforming ui-tooling-data-release.aar (androidx.compose.ui:ui-tooling-data-android:1.6.8) with AarTransform
Transforming ui-unit-release.aar (androidx.compose.ui:ui-unit-android:1.6.8) with ExtractAarTransform
Transforming ui-unit-release.aar (androidx.compose.ui:ui-unit-android:1.6.8) with AarTransform
Transforming ui-geometry-release.aar (androidx.compose.ui:ui-geometry-android:1.6.8) with ExtractAarTransform
Transforming ui-geometry-release.aar (androidx.compose.ui:ui-geometry-android:1.6.8) with AarTransform
Transforming ui-util-release.aar (androidx.compose.ui:ui-util-android:1.6.8) with ExtractAarTransform
Transforming ui-util-release.aar (androidx.compose.ui:ui-util-android:1.6.8) with AarTransform
Transforming ui-text-release.aar (androidx.compose.ui:ui-text-android:1.6.8) with ExtractAarTransform
Transforming ui-text-release.aar (androidx.compose.ui:ui-text-android:1.6.8) with AarTransform
Transforming ui-graphics-release.aar (androidx.compose.ui:ui-graphics-android:1.6.8) with ExtractAarTransform
Transforming ui-graphics-release.aar (androidx.compose.ui:ui-graphics-android:1.6.8) with AarTransform
Transforming ui-tooling-preview-release.aar (androidx.compose.ui:ui-tooling-preview-android:1.6.8) with ExtractAarTransform
Transforming ui-tooling-preview-release.aar (androidx.compose.ui:ui-tooling-preview-android:1.6.8) with AarTransform
Transforming ui-tooling-release.aar (androidx.compose.ui:ui-tooling-android:1.6.8) with ExtractAarTransform
Transforming ui-tooling-release.aar (androidx.compose.ui:ui-tooling-android:1.6.8) with AarTransform
Transforming activity-compose-1.9.0.aar (androidx.activity:activity-compose:1.9.0) with ExtractAarTransform
Transforming activity-compose-1.9.0.aar (androidx.activity:activity-compose:1.9.0) with AarTransform
Transforming savedstate-ktx-1.2.1.aar (androidx.savedstate:savedstate-ktx:1.2.1) with ExtractAarTransform
Transforming savedstate-ktx-1.2.1.aar (androidx.savedstate:savedstate-ktx:1.2.1) with AarTransform
Transforming savedstate-1.2.1.aar (androidx.savedstate:savedstate:1.2.1) with ExtractAarTransform
Transforming savedstate-1.2.1.aar (androidx.savedstate:savedstate:1.2.1) with AarTransform
Transforming emoji2-views-helper-1.3.0.aar (androidx.emoji2:emoji2-views-helper:1.3.0) with ExtractAarTransform
Transforming emoji2-views-helper-1.3.0.aar (androidx.emoji2:emoji2-views-helper:1.3.0) with AarTransform
Transforming emoji2-1.3.0.aar (androidx.emoji2:emoji2:1.3.0) with ExtractAarTransform
Transforming emoji2-1.3.0.aar (androidx.emoji2:emoji2:1.3.0) with AarTransform
Transforming lifecycle-process-2.8.1.aar (androidx.lifecycle:lifecycle-process:2.8.1) with ExtractAarTransform
Transforming lifecycle-process-2.8.1.aar (androidx.lifecycle:lifecycle-process:2.8.1) with AarTransform
Transforming lifecycle-livedata-core-ktx-2.8.1.aar (androidx.lifecycle:lifecycle-livedata-core-ktx:2.8.1) with ExtractAarTransform
Transforming lifecycle-livedata-core-ktx-2.8.1.aar (androidx.lifecycle:lifecycle-livedata-core-ktx:2.8.1) with AarTransform
Transforming lifecycle-livedata-core-2.8.1.aar (androidx.lifecycle:lifecycle-livedata-core:2.8.1) with ExtractAarTransform
Transforming lifecycle-livedata-core-2.8.1.aar (androidx.lifecycle:lifecycle-livedata-core:2.8.1) with AarTransform
Transforming legacy-support-core-utils-1.0.0.aar (androidx.legacy:legacy-support-core-utils:1.0.0) with ExtractAarTransform
Transforming legacy-support-core-utils-1.0.0.aar (androidx.legacy:legacy-support-core-utils:1.0.0) with AarTransform
Transforming loader-1.0.0.aar (androidx.loader:loader:1.0.0) with ExtractAarTransform
Transforming loader-1.0.0.aar (androidx.loader:loader:1.0.0) with AarTransform
Transforming loader-1.0.0.aar (androidx.loader:loader:1.0.0) with ExtractAarTransform
Transforming loader-1.0.0.aar (androidx.loader:loader:1.0.0) with AarTransform
Transforming lifecycle-viewmodel-2.8.1.aar (androidx.lifecycle:lifecycle-viewmodel:2.8.1) with ExtractAarTransform
Transforming lifecycle-viewmodel-2.8.1.aar (androidx.lifecycle:lifecycle-viewmodel:2.8.1) with AarTransform
Transforming lifecycle-viewmodel-release.aar (androidx.lifecycle:lifecycle-viewmodel-android:2.8.1) with ExtractAarTransform
Transforming lifecycle-viewmodel-release.aar (androidx.lifecycle:lifecycle-viewmodel-android:2.8.1) with AarTransform
Transforming lifecycle-runtime-ktx-release.aar (androidx.lifecycle:lifecycle-runtime-ktx-android:2.8.1) with ExtractAarTransform
Transforming lifecycle-runtime-ktx-release.aar (androidx.lifecycle:lifecycle-runtime-ktx-android:2.8.1) with AarTransform
Transforming lifecycle-runtime-release.aar (androidx.lifecycle:lifecycle-runtime-android:2.8.1) with ExtractAarTransform
Transforming lifecycle-runtime-release.aar (androidx.lifecycle:lifecycle-runtime-android:2.8.1) with AarTransform
Transforming lifecycle-service-2.8.1.aar (androidx.lifecycle:lifecycle-service:2.8.1) with ExtractAarTransform
Transforming lifecycle-service-2.8.1.aar (androidx.lifecycle:lifecycle-service:2.8.1) with AarTransform
Transforming lifecycle-livedata-2.8.1.aar (androidx.lifecycle:lifecycle-livedata:2.8.1) with ExtractAarTransform
Transforming lifecycle-livedata-2.8.1.aar (androidx.lifecycle:lifecycle-livedata:2.8.1) with AarTransform
Transforming lifecycle-livedata-2.8.1.aar (androidx.lifecycle:lifecycle-livedata:2.8.1) with ExtractAarTransform
Transforming lifecycle-livedata-2.8.1.aar (androidx.lifecycle:lifecycle-livedata:2.8.1) with AarTransform
Transforming lifecycle-viewmodel-savedstate-2.8.1.aar (androidx.lifecycle:lifecycle-viewmodel-savedstate:2.8.1) with ExtractAarTransform
Transforming lifecycle-viewmodel-savedstate-2.8.1.aar (androidx.lifecycle:lifecycle-viewmodel-savedstate:2.8.1) with AarTransform
Transforming lifecycle-viewmodel-ktx-2.8.1.aar (androidx.lifecycle:lifecycle-viewmodel-ktx:2.8.1) with ExtractAarTransform
Transforming lifecycle-viewmodel-ktx-2.8.1.aar (androidx.lifecycle:lifecycle-viewmodel-ktx:2.8.1) with AarTransform
Transforming lifecycle-runtime-compose-release.aar (androidx.lifecycle:lifecycle-runtime-compose-android:2.8.1) with ExtractAarTransform
Transforming lifecycle-runtime-compose-release.aar (androidx.lifecycle:lifecycle-runtime-compose-android:2.8.1) with AarTransform
Transforming lifecycle-viewmodel-compose-release.aar (androidx.lifecycle:lifecycle-viewmodel-compose-android:2.8.1) with ExtractAarTransform
Transforming lifecycle-viewmodel-compose-release.aar (androidx.lifecycle:lifecycle-viewmodel-compose-android:2.8.1) with AarTransform
Transforming ui-release.aar (androidx.compose.ui:ui-android:1.6.8) with ExtractAarTransform
Transforming ui-release.aar (androidx.compose.ui:ui-android:1.6.8) with AarTransform
Transforming recyclerview-1.1.0.aar (androidx.recyclerview:recyclerview:1.1.0) with ExtractAarTransform
Transforming recyclerview-1.1.0.aar (androidx.recyclerview:recyclerview:1.1.0) with AarTransform
Transforming recyclerview-1.1.0.aar (androidx.recyclerview:recyclerview:1.1.0) with ExtractAarTransform
Transforming recyclerview-1.1.0.aar (androidx.recyclerview:recyclerview:1.1.0) with AarTransform
Transforming viewpager-1.0.0.aar (androidx.viewpager:viewpager:1.0.0) with ExtractAarTransform
Transforming viewpager-1.0.0.aar (androidx.viewpager:viewpager:1.0.0) with AarTransform
Transforming customview-1.1.0.aar (androidx.customview:customview:1.1.0) with ExtractAarTransform
Transforming customview-1.1.0.aar (androidx.customview:customview:1.1.0) with AarTransform
Transforming autofill-1.0.0.aar (androidx.autofill:autofill:1.0.0) with ExtractAarTransform
Transforming autofill-1.0.0.aar (androidx.autofill:autofill:1.0.0) with AarTransform
Transforming core-1.13.1.aar (androidx.core:core:1.13.1) with ExtractAarTransform
Transforming core-1.13.1.aar (androidx.core:core:1.13.1) with AarTransform
Transforming core-1.13.1.aar (androidx.core:core:1.13.1) with ExtractAarTransform
Transforming core-1.13.1.aar (androidx.core:core:1.13.1) with AarTransform
Transforming customview-poolingcontainer-1.0.0.aar (androidx.customview:customview-poolingcontainer:1.0.0) with ExtractAarTransform
Transforming customview-poolingcontainer-1.0.0.aar (androidx.customview:customview-poolingcontainer:1.0.0) with AarTransform
Transforming core-ktx-1.13.1.aar (androidx.core:core-ktx:1.13.1) with ExtractAarTransform
Transforming core-ktx-1.13.1.aar (androidx.core:core-ktx:1.13.1) with AarTransform
Transforming runtime-saveable-release.aar (androidx.compose.runtime:runtime-saveable-android:1.6.8) with ExtractAarTransform
Transforming runtime-saveable-release.aar (androidx.compose.runtime:runtime-saveable-android:1.6.8) with AarTransform
Transforming runtime-release.aar (androidx.compose.runtime:runtime-android:1.6.8) with ExtractAarTransform
Transforming runtime-release.aar (androidx.compose.runtime:runtime-android:1.6.8) with AarTransform
Transforming room-ktx-2.5.0.aar (androidx.room:room-ktx:2.5.0) with ExtractAarTransform
Transforming room-ktx-2.5.0.aar (androidx.room:room-ktx:2.5.0) with AarTransform
Transforming room-runtime-2.5.0.aar (androidx.room:room-runtime:2.5.0) with ExtractAarTransform
Transforming room-runtime-2.5.0.aar (androidx.room:room-runtime:2.5.0) with AarTransform
Transforming annotation-experimental-1.4.0.aar (androidx.annotation:annotation-experimental:1.4.0) with ExtractAarTransform
Transforming annotation-experimental-1.4.0.aar (androidx.annotation:annotation-experimental:1.4.0) with AarTransform
Transforming sqlite-framework-2.3.0.aar (androidx.sqlite:sqlite-framework:2.3.0) with ExtractAarTransform
Transforming sqlite-framework-2.3.0.aar (androidx.sqlite:sqlite-framework:2.3.0) with AarTransform
Transforming security-crypto-1.1.0-alpha06.aar (androidx.security:security-crypto:1.1.0-alpha06) with ExtractAarTransform
Transforming security-crypto-1.1.0-alpha06.aar (androidx.security:security-crypto:1.1.0-alpha06) with AarTransform
Transforming cardview-1.0.0.aar (androidx.cardview:cardview:1.0.0) with ExtractAarTransform
Transforming cardview-1.0.0.aar (androidx.cardview:cardview:1.0.0) with AarTransform
Transforming interpolator-1.0.0.aar (androidx.interpolator:interpolator:1.0.0) with ExtractAarTransform
Transforming interpolator-1.0.0.aar (androidx.interpolator:interpolator:1.0.0) with AarTransform
Transforming interpolator-1.0.0.aar (androidx.interpolator:interpolator:1.0.0) with ExtractAarTransform
Transforming interpolator-1.0.0.aar (androidx.interpolator:interpolator:1.0.0) with AarTransform
Transforming versionedparcelable-1.1.1.aar (androidx.versionedparcelable:versionedparcelable:1.1.1) with ExtractAarTransform
Transforming versionedparcelable-1.1.1.aar (androidx.versionedparcelable:versionedparcelable:1.1.1) with AarTransform
Transforming profileinstaller-1.3.1.aar (androidx.profileinstaller:profileinstaller:1.3.1) with ExtractAarTransform
Transforming profileinstaller-1.3.1.aar (androidx.profileinstaller:profileinstaller:1.3.1) with AarTransform
Transforming startup-runtime-1.1.1.aar (androidx.startup:startup-runtime:1.1.1) with ExtractAarTransform
Transforming startup-runtime-1.1.1.aar (androidx.startup:startup-runtime:1.1.1) with AarTransform
Transforming cursoradapter-1.0.0.aar (androidx.cursoradapter:cursoradapter:1.0.0) with ExtractAarTransform
Transforming cursoradapter-1.0.0.aar (androidx.cursoradapter:cursoradapter:1.0.0) with AarTransform
Transforming tracing-1.0.0.aar (androidx.tracing:tracing:1.0.0) with ExtractAarTransform
Transforming tracing-1.0.0.aar (androidx.tracing:tracing:1.0.0) with AarTransform
Transforming sqlite-2.3.0.aar (androidx.sqlite:sqlite:2.3.0) with ExtractAarTransform
Transforming sqlite-2.3.0.aar (androidx.sqlite:sqlite:2.3.0) with AarTransform
Transforming core-runtime-2.2.0.aar (androidx.arch.core:core-runtime:2.2.0) with ExtractAarTransform
Transforming core-runtime-2.2.0.aar (androidx.arch.core:core-runtime:2.2.0) with AarTransform
Transforming documentfile-1.0.0.aar (androidx.documentfile:documentfile:1.0.0) with ExtractAarTransform
Transforming documentfile-1.0.0.aar (androidx.documentfile:documentfile:1.0.0) with AarTransform
Transforming localbroadcastmanager-1.0.0.aar (androidx.localbroadcastmanager:localbroadcastmanager:1.0.0) with ExtractAarTransform
Transforming localbroadcastmanager-1.0.0.aar (androidx.localbroadcastmanager:localbroadcastmanager:1.0.0) with AarTransform
Transforming print-1.0.0.aar (androidx.print:print:1.0.0) with ExtractAarTransform
Transforming print-1.0.0.aar (androidx.print:print:1.0.0) with AarTransform
Transforming material-1.12.0.aar (com.google.android.material:material:1.12.0) with ExtractAarTransform
Transforming material-1.12.0.aar (com.google.android.material:material:1.12.0) with AarTransform
Transforming work-runtime-ktx-2.9.0.aar (androidx.work:work-runtime-ktx:2.9.0) with ExtractAarTransform
Transforming work-runtime-ktx-2.9.0.aar (androidx.work:work-runtime-ktx:2.9.0) with AarTransform
Transforming work-runtime-2.9.0.aar (androidx.work:work-runtime:2.9.0) with ExtractAarTransform
Transforming work-runtime-2.9.0.aar (androidx.work:work-runtime:2.9.0) with AarTransform
Transforming constraintlayout-2.0.1.aar (androidx.constraintlayout:constraintlayout:2.0.1) with ExtractAarTransform
Transforming constraintlayout-2.0.1.aar (androidx.constraintlayout:constraintlayout:2.0.1) with AarTransform
Transforming appcompat-resources-1.6.1.aar (androidx.appcompat:appcompat-resources:1.6.1) with ExtractAarTransform
Transforming appcompat-resources-1.6.1.aar (androidx.appcompat:appcompat-resources:1.6.1) with AarTransform
Transforming appcompat-1.6.1.aar (androidx.appcompat:appcompat:1.6.1) with ExtractAarTransform
Transforming appcompat-1.6.1.aar (androidx.appcompat:appcompat:1.6.1) with AarTransform
Transforming coordinatorlayout-1.1.0.aar (androidx.coordinatorlayout:coordinatorlayout:1.1.0) with ExtractAarTransform
Transforming coordinatorlayout-1.1.0.aar (androidx.coordinatorlayout:coordinatorlayout:1.1.0) with AarTransform
Transforming drawerlayout-1.1.1.aar (androidx.drawerlayout:drawerlayout:1.1.1) with ExtractAarTransform
Transforming drawerlayout-1.1.1.aar (androidx.drawerlayout:drawerlayout:1.1.1) with AarTransform
Transforming transition-1.5.0.aar (androidx.transition:transition:1.5.0) with ExtractAarTransform
Transforming transition-1.5.0.aar (androidx.transition:transition:1.5.0) with AarTransform
Transforming dynamicanimation-1.0.0.aar (androidx.dynamicanimation:dynamicanimation:1.0.0) with ExtractAarTransform
Transforming dynamicanimation-1.0.0.aar (androidx.dynamicanimation:dynamicanimation:1.0.0) with AarTransform
Transforming vectordrawable-animated-1.1.0.aar (androidx.vectordrawable:vectordrawable-animated:1.1.0) with ExtractAarTransform
Transforming vectordrawable-animated-1.1.0.aar (androidx.vectordrawable:vectordrawable-animated:1.1.0) with AarTransform
Transforming vectordrawable-1.1.0.aar (androidx.vectordrawable:vectordrawable:1.1.0) with ExtractAarTransform
Transforming vectordrawable-1.1.0.aar (androidx.vectordrawable:vectordrawable:1.1.0) with AarTransform
Transforming vectordrawable-1.1.0.aar (androidx.vectordrawable:vectordrawable:1.1.0) with ExtractAarTransform
Transforming vectordrawable-1.1.0.aar (androidx.vectordrawable:vectordrawable:1.1.0) with AarTransform
Transforming viewpager2-1.0.0.aar (androidx.viewpager2:viewpager2:1.0.0) with ExtractAarTransform
Transforming viewpager2-1.0.0.aar (androidx.viewpager2:viewpager2:1.0.0) with AarTransform
Transforming navigation-common-2.7.7.aar (androidx.navigation:navigation-common:2.7.7) with ExtractAarTransform
Transforming navigation-common-2.7.7.aar (androidx.navigation:navigation-common:2.7.7) with AarTransform
Transforming navigation-runtime-2.7.7.aar (androidx.navigation:navigation-runtime:2.7.7) with ExtractAarTransform
Transforming navigation-runtime-2.7.7.aar (androidx.navigation:navigation-runtime:2.7.7) with AarTransform
Transforming navigation-common-ktx-2.7.7.aar (androidx.navigation:navigation-common-ktx:2.7.7) with ExtractAarTransform
Transforming navigation-common-ktx-2.7.7.aar (androidx.navigation:navigation-common-ktx:2.7.7) with AarTransform
Transforming navigation-runtime-ktx-2.7.7.aar (androidx.navigation:navigation-runtime-ktx:2.7.7) with ExtractAarTransform
Transforming navigation-runtime-ktx-2.7.7.aar (androidx.navigation:navigation-runtime-ktx:2.7.7) with AarTransform
Transforming navigation-compose-2.7.7.aar (androidx.navigation:navigation-compose:2.7.7) with ExtractAarTransform
Transforming navigation-compose-2.7.7.aar (androidx.navigation:navigation-compose:2.7.7) with AarTransform
Transforming fragment-1.3.6.aar (androidx.fragment:fragment:1.3.6) with ExtractAarTransform
Transforming fragment-1.3.6.aar (androidx.fragment:fragment:1.3.6) with AarTransform
Transforming fragment-1.3.6.aar (androidx.fragment:fragment:1.3.6) with ExtractAarTransform
Transforming fragment-1.3.6.aar (androidx.fragment:fragment:1.3.6) with AarTransform
Transforming activity-1.9.0.aar (androidx.activity:activity:1.9.0) with ExtractAarTransform
Transforming activity-1.9.0.aar (androidx.activity:activity:1.9.0) with AarTransform
Transforming activity-ktx-1.9.0.aar (androidx.activity:activity-ktx:1.9.0) with ExtractAarTransform
Transforming activity-ktx-1.9.0.aar (androidx.activity:activity-ktx:1.9.0) with AarTransform
Transforming material3-release.aar (androidx.compose.material3:material3-android:1.2.1) with ExtractAarTransform
Transforming material3-release.aar (androidx.compose.material3:material3-android:1.2.1) with AarTransform
Transforming material-ripple-release.aar (androidx.compose.material:material-ripple-android:1.6.8) with ExtractAarTransform
Transforming material-ripple-release.aar (androidx.compose.material:material-ripple-android:1.6.8) with AarTransform
Transforming material-icons-core-release.aar (androidx.compose.material:material-icons-core-android:1.6.8) with ExtractAarTransform
Transforming material-icons-core-release.aar (androidx.compose.material:material-icons-core-android:1.6.8) with AarTransform
Transforming material-release.aar (androidx.compose.material:material-android:1.6.8) with ExtractAarTransform
Transforming material-release.aar (androidx.compose.material:material-android:1.6.8) with AarTransform
Transforming animation-core-release.aar (androidx.compose.animation:animation-core-android:1.6.8) with ExtractAarTransform
Transforming animation-core-release.aar (androidx.compose.animation:animation-core-android:1.6.8) with AarTransform
Transforming animation-release.aar (androidx.compose.animation:animation-android:1.6.8) with ExtractAarTransform
Transforming animation-release.aar (androidx.compose.animation:animation-android:1.6.8) with AarTransform
Transforming foundation-layout-release.aar (androidx.compose.foundation:foundation-layout-android:1.6.8) with ExtractAarTransform
Transforming foundation-layout-release.aar (androidx.compose.foundation:foundation-layout-android:1.6.8) with AarTransform
Transforming foundation-release.aar (androidx.compose.foundation:foundation-android:1.6.8) with ExtractAarTransform
Transforming foundation-release.aar (androidx.compose.foundation:foundation-android:1.6.8) with AarTransform
Transforming ui-tooling-data-release.aar (androidx.compose.ui:ui-tooling-data-android:1.6.8) with ExtractAarTransform
Transforming ui-tooling-data-release.aar (androidx.compose.ui:ui-tooling-data-android:1.6.8) with AarTransform
Transforming ui-unit-release.aar (androidx.compose.ui:ui-unit-android:1.6.8) with ExtractAarTransform
Transforming ui-unit-release.aar (androidx.compose.ui:ui-unit-android:1.6.8) with AarTransform
Transforming ui-geometry-release.aar (androidx.compose.ui:ui-geometry-android:1.6.8) with ExtractAarTransform
Transforming ui-geometry-release.aar (androidx.compose.ui:ui-geometry-android:1.6.8) with AarTransform
Transforming ui-util-release.aar (androidx.compose.ui:ui-util-android:1.6.8) with ExtractAarTransform
Transforming ui-util-release.aar (androidx.compose.ui:ui-util-android:1.6.8) with AarTransform
Transforming ui-text-release.aar (androidx.compose.ui:ui-text-android:1.6.8) with ExtractAarTransform
Transforming ui-text-release.aar (androidx.compose.ui:ui-text-android:1.6.8) with AarTransform
Transforming ui-graphics-release.aar (androidx.compose.ui:ui-graphics-android:1.6.8) with ExtractAarTransform
Transforming ui-graphics-release.aar (androidx.compose.ui:ui-graphics-android:1.6.8) with AarTransform
Transforming ui-tooling-preview-release.aar (androidx.compose.ui:ui-tooling-preview-android:1.6.8) with ExtractAarTransform
Transforming ui-tooling-preview-release.aar (androidx.compose.ui:ui-tooling-preview-android:1.6.8) with AarTransform
Transforming ui-tooling-release.aar (androidx.compose.ui:ui-tooling-android:1.6.8) with ExtractAarTransform
Transforming ui-tooling-release.aar (androidx.compose.ui:ui-tooling-android:1.6.8) with AarTransform
Transforming activity-compose-1.9.0.aar (androidx.activity:activity-compose:1.9.0) with ExtractAarTransform
Transforming activity-compose-1.9.0.aar (androidx.activity:activity-compose:1.9.0) with AarTransform
Transforming savedstate-ktx-1.2.1.aar (androidx.savedstate:savedstate-ktx:1.2.1) with ExtractAarTransform
Transforming savedstate-ktx-1.2.1.aar (androidx.savedstate:savedstate-ktx:1.2.1) with AarTransform
Transforming savedstate-1.2.1.aar (androidx.savedstate:savedstate:1.2.1) with ExtractAarTransform
Transforming savedstate-1.2.1.aar (androidx.savedstate:savedstate:1.2.1) with AarTransform
Transforming emoji2-views-helper-1.3.0.aar (androidx.emoji2:emoji2-views-helper:1.3.0) with ExtractAarTransform
Transforming emoji2-views-helper-1.3.0.aar (androidx.emoji2:emoji2-views-helper:1.3.0) with AarTransform
Transforming emoji2-1.3.0.aar (androidx.emoji2:emoji2:1.3.0) with ExtractAarTransform
Transforming emoji2-1.3.0.aar (androidx.emoji2:emoji2:1.3.0) with AarTransform
Transforming lifecycle-process-2.8.1.aar (androidx.lifecycle:lifecycle-process:2.8.1) with ExtractAarTransform
Transforming lifecycle-process-2.8.1.aar (androidx.lifecycle:lifecycle-process:2.8.1) with AarTransform
Transforming lifecycle-livedata-core-ktx-2.8.1.aar (androidx.lifecycle:lifecycle-livedata-core-ktx:2.8.1) with ExtractAarTransform
Transforming lifecycle-livedata-core-ktx-2.8.1.aar (androidx.lifecycle:lifecycle-livedata-core-ktx:2.8.1) with AarTransform
Transforming lifecycle-livedata-core-2.8.1.aar (androidx.lifecycle:lifecycle-livedata-core:2.8.1) with ExtractAarTransform
Transforming lifecycle-livedata-core-2.8.1.aar (androidx.lifecycle:lifecycle-livedata-core:2.8.1) with AarTransform
Transforming legacy-support-core-utils-1.0.0.aar (androidx.legacy:legacy-support-core-utils:1.0.0) with ExtractAarTransform
Transforming legacy-support-core-utils-1.0.0.aar (androidx.legacy:legacy-support-core-utils:1.0.0) with AarTransform
Transforming loader-1.0.0.aar (androidx.loader:loader:1.0.0) with ExtractAarTransform
Transforming loader-1.0.0.aar (androidx.loader:loader:1.0.0) with AarTransform
Transforming loader-1.0.0.aar (androidx.loader:loader:1.0.0) with ExtractAarTransform
Transforming loader-1.0.0.aar (androidx.loader:loader:1.0.0) with AarTransform
Transforming lifecycle-viewmodel-2.8.1.aar (androidx.lifecycle:lifecycle-viewmodel:2.8.1) with ExtractAarTransform
Transforming lifecycle-viewmodel-2.8.1.aar (androidx.lifecycle:lifecycle-viewmodel:2.8.1) with AarTransform
Transforming lifecycle-viewmodel-release.aar (androidx.lifecycle:lifecycle-viewmodel-android:2.8.1) with ExtractAarTransform
Transforming lifecycle-viewmodel-release.aar (androidx.lifecycle:lifecycle-viewmodel-android:2.8.1) with AarTransform
Transforming lifecycle-runtime-ktx-release.aar (androidx.lifecycle:lifecycle-runtime-ktx-android:2.8.1) with ExtractAarTransform
Transforming lifecycle-runtime-ktx-release.aar (androidx.lifecycle:lifecycle-runtime-ktx-android:2.8.1) with AarTransform
Transforming lifecycle-runtime-release.aar (androidx.lifecycle:lifecycle-runtime-android:2.8.1) with ExtractAarTransform
Transforming lifecycle-runtime-release.aar (androidx.lifecycle:lifecycle-runtime-android:2.8.1) with AarTransform
Transforming lifecycle-service-2.8.1.aar (androidx.lifecycle:lifecycle-service:2.8.1) with ExtractAarTransform
Transforming lifecycle-service-2.8.1.aar (androidx.lifecycle:lifecycle-service:2.8.1) with AarTransform
Transforming lifecycle-livedata-2.8.1.aar (androidx.lifecycle:lifecycle-livedata:2.8.1) with ExtractAarTransform
Transforming lifecycle-livedata-2.8.1.aar (androidx.lifecycle:lifecycle-livedata:2.8.1) with AarTransform
Transforming lifecycle-livedata-2.8.1.aar (androidx.lifecycle:lifecycle-livedata:2.8.1) with ExtractAarTransform
Transforming lifecycle-livedata-2.8.1.aar (androidx.lifecycle:lifecycle-livedata:2.8.1) with AarTransform
Transforming lifecycle-viewmodel-savedstate-2.8.1.aar (androidx.lifecycle:lifecycle-viewmodel-savedstate:2.8.1) with ExtractAarTransform
Transforming lifecycle-viewmodel-savedstate-2.8.1.aar (androidx.lifecycle:lifecycle-viewmodel-savedstate:2.8.1) with AarTransform
Transforming lifecycle-viewmodel-ktx-2.8.1.aar (androidx.lifecycle:lifecycle-viewmodel-ktx:2.8.1) with ExtractAarTransform
Transforming lifecycle-viewmodel-ktx-2.8.1.aar (androidx.lifecycle:lifecycle-viewmodel-ktx:2.8.1) with AarTransform
Transforming lifecycle-runtime-compose-release.aar (androidx.lifecycle:lifecycle-runtime-compose-android:2.8.1) with ExtractAarTransform
Transforming lifecycle-runtime-compose-release.aar (androidx.lifecycle:lifecycle-runtime-compose-android:2.8.1) with AarTransform
Transforming lifecycle-viewmodel-compose-release.aar (androidx.lifecycle:lifecycle-viewmodel-compose-android:2.8.1) with ExtractAarTransform
Transforming lifecycle-viewmodel-compose-release.aar (androidx.lifecycle:lifecycle-viewmodel-compose-android:2.8.1) with AarTransform
Transforming ui-release.aar (androidx.compose.ui:ui-android:1.6.8) with ExtractAarTransform
Transforming ui-release.aar (androidx.compose.ui:ui-android:1.6.8) with AarTransform
Transforming recyclerview-1.1.0.aar (androidx.recyclerview:recyclerview:1.1.0) with ExtractAarTransform
Transforming recyclerview-1.1.0.aar (androidx.recyclerview:recyclerview:1.1.0) with AarTransform
Transforming recyclerview-1.1.0.aar (androidx.recyclerview:recyclerview:1.1.0) with ExtractAarTransform
Transforming recyclerview-1.1.0.aar (androidx.recyclerview:recyclerview:1.1.0) with AarTransform
Transforming viewpager-1.0.0.aar (androidx.viewpager:viewpager:1.0.0) with ExtractAarTransform
Transforming viewpager-1.0.0.aar (androidx.viewpager:viewpager:1.0.0) with AarTransform
Transforming customview-1.1.0.aar (androidx.customview:customview:1.1.0) with ExtractAarTransform
Transforming customview-1.1.0.aar (androidx.customview:customview:1.1.0) with AarTransform
Transforming autofill-1.0.0.aar (androidx.autofill:autofill:1.0.0) with ExtractAarTransform
Transforming autofill-1.0.0.aar (androidx.autofill:autofill:1.0.0) with AarTransform
Transforming core-1.13.1.aar (androidx.core:core:1.13.1) with ExtractAarTransform
Transforming core-1.13.1.aar (androidx.core:core:1.13.1) with AarTransform
Transforming core-1.13.1.aar (androidx.core:core:1.13.1) with ExtractAarTransform
Transforming core-1.13.1.aar (androidx.core:core:1.13.1) with AarTransform
Transforming customview-poolingcontainer-1.0.0.aar (androidx.customview:customview-poolingcontainer:1.0.0) with ExtractAarTransform
Transforming customview-poolingcontainer-1.0.0.aar (androidx.customview:customview-poolingcontainer:1.0.0) with AarTransform
Transforming core-ktx-1.13.1.aar (androidx.core:core-ktx:1.13.1) with ExtractAarTransform
Transforming core-ktx-1.13.1.aar (androidx.core:core-ktx:1.13.1) with AarTransform
Transforming runtime-saveable-release.aar (androidx.compose.runtime:runtime-saveable-android:1.6.8) with ExtractAarTransform
Transforming runtime-saveable-release.aar (androidx.compose.runtime:runtime-saveable-android:1.6.8) with AarTransform
Transforming runtime-release.aar (androidx.compose.runtime:runtime-android:1.6.8) with ExtractAarTransform
Transforming runtime-release.aar (androidx.compose.runtime:runtime-android:1.6.8) with AarTransform
Transforming room-ktx-2.5.0.aar (androidx.room:room-ktx:2.5.0) with ExtractAarTransform
Transforming room-ktx-2.5.0.aar (androidx.room:room-ktx:2.5.0) with AarTransform
Transforming room-runtime-2.5.0.aar (androidx.room:room-runtime:2.5.0) with ExtractAarTransform
Transforming room-runtime-2.5.0.aar (androidx.room:room-runtime:2.5.0) with AarTransform
Transforming annotation-experimental-1.4.0.aar (androidx.annotation:annotation-experimental:1.4.0) with ExtractAarTransform
Transforming annotation-experimental-1.4.0.aar (androidx.annotation:annotation-experimental:1.4.0) with AarTransform
Transforming sqlite-framework-2.3.0.aar (androidx.sqlite:sqlite-framework:2.3.0) with ExtractAarTransform
Transforming sqlite-framework-2.3.0.aar (androidx.sqlite:sqlite-framework:2.3.0) with AarTransform
Transforming security-crypto-1.1.0-alpha06.aar (androidx.security:security-crypto:1.1.0-alpha06) with ExtractAarTransform
Transforming security-crypto-1.1.0-alpha06.aar (androidx.security:security-crypto:1.1.0-alpha06) with AarTransform
Transforming cardview-1.0.0.aar (androidx.cardview:cardview:1.0.0) with ExtractAarTransform
Transforming cardview-1.0.0.aar (androidx.cardview:cardview:1.0.0) with AarTransform
Transforming interpolator-1.0.0.aar (androidx.interpolator:interpolator:1.0.0) with ExtractAarTransform
Transforming interpolator-1.0.0.aar (androidx.interpolator:interpolator:1.0.0) with AarTransform
Transforming interpolator-1.0.0.aar (androidx.interpolator:interpolator:1.0.0) with ExtractAarTransform
Transforming interpolator-1.0.0.aar (androidx.interpolator:interpolator:1.0.0) with AarTransform
Transforming versionedparcelable-1.1.1.aar (androidx.versionedparcelable:versionedparcelable:1.1.1) with ExtractAarTransform
Transforming versionedparcelable-1.1.1.aar (androidx.versionedparcelable:versionedparcelable:1.1.1) with AarTransform
Transforming profileinstaller-1.3.1.aar (androidx.profileinstaller:profileinstaller:1.3.1) with ExtractAarTransform
Transforming profileinstaller-1.3.1.aar (androidx.profileinstaller:profileinstaller:1.3.1) with AarTransform
Transforming startup-runtime-1.1.1.aar (androidx.startup:startup-runtime:1.1.1) with ExtractAarTransform
Transforming startup-runtime-1.1.1.aar (androidx.startup:startup-runtime:1.1.1) with AarTransform
Transforming cursoradapter-1.0.0.aar (androidx.cursoradapter:cursoradapter:1.0.0) with ExtractAarTransform
Transforming cursoradapter-1.0.0.aar (androidx.cursoradapter:cursoradapter:1.0.0) with AarTransform
Transforming tracing-1.0.0.aar (androidx.tracing:tracing:1.0.0) with ExtractAarTransform
Transforming tracing-1.0.0.aar (androidx.tracing:tracing:1.0.0) with AarTransform
Transforming sqlite-2.3.0.aar (androidx.sqlite:sqlite:2.3.0) with ExtractAarTransform
Transforming sqlite-2.3.0.aar (androidx.sqlite:sqlite:2.3.0) with AarTransform
Transforming core-runtime-2.2.0.aar (androidx.arch.core:core-runtime:2.2.0) with ExtractAarTransform
Transforming core-runtime-2.2.0.aar (androidx.arch.core:core-runtime:2.2.0) with AarTransform
Transforming documentfile-1.0.0.aar (androidx.documentfile:documentfile:1.0.0) with ExtractAarTransform
Transforming documentfile-1.0.0.aar (androidx.documentfile:documentfile:1.0.0) with AarTransform
Transforming localbroadcastmanager-1.0.0.aar (androidx.localbroadcastmanager:localbroadcastmanager:1.0.0) with ExtractAarTransform
Transforming localbroadcastmanager-1.0.0.aar (androidx.localbroadcastmanager:localbroadcastmanager:1.0.0) with AarTransform
Transforming print-1.0.0.aar (androidx.print:print:1.0.0) with ExtractAarTransform
Transforming print-1.0.0.aar (androidx.print:print:1.0.0) with AarTransform
Caching disabled for task ':app:processDebugMainManifest' because:
  Build cache is disabled
Skipping task ':app:processDebugMainManifest' as it is up-to-date.
Resolve mutations for :app:processDebugManifest (Thread[#301,Execution worker Thread 3,5,main]) started.
:app:processDebugManifest (Thread[#301,Execution worker Thread 3,5,main]) started.

> Task :app:processDebugManifest UP-TO-DATE
Caching disabled for task ':app:processDebugManifest' because:
  Build cache is disabled
Skipping task ':app:processDebugManifest' as it is up-to-date.
Resolve mutations for :app:processDebugManifestForPackage (Thread[#301,Execution worker Thread 3,5,main]) started.
:app:processDebugManifestForPackage (Thread[#301,Execution worker Thread 3,5,main]) started.

> Task :app:processDebugManifestForPackage UP-TO-DATE
Caching disabled for task ':app:processDebugManifestForPackage' because:
  Build cache is disabled
Skipping task ':app:processDebugManifestForPackage' as it is up-to-date.
Resolve mutations for :app:processDebugResources (Thread[#301,Execution worker Thread 3,5,main]) started.
:app:processDebugResources (Thread[#301,Execution worker Thread 3,5,main]) started.

> Task :app:processDebugResources UP-TO-DATE
Transforming aapt2-8.4.2-11315950-windows.jar (com.android.tools.build:aapt2:8.4.2-11315950) with Aapt2Extractor
Transforming material-1.12.0.aar (com.google.android.material:material:1.12.0) with ExtractAarTransform
Transforming material-1.12.0.aar (com.google.android.material:material:1.12.0) with AarResourcesCompilerTransform
Transforming work-runtime-ktx-2.9.0.aar (androidx.work:work-runtime-ktx:2.9.0) with ExtractAarTransform
Transforming work-runtime-ktx-2.9.0.aar (androidx.work:work-runtime-ktx:2.9.0) with AarResourcesCompilerTransform
Transforming work-runtime-2.9.0.aar (androidx.work:work-runtime:2.9.0) with ExtractAarTransform
Transforming work-runtime-2.9.0.aar (androidx.work:work-runtime:2.9.0) with AarResourcesCompilerTransform
Transforming constraintlayout-2.0.1.aar (androidx.constraintlayout:constraintlayout:2.0.1) with ExtractAarTransform
Transforming constraintlayout-2.0.1.aar (androidx.constraintlayout:constraintlayout:2.0.1) with AarResourcesCompilerTransform
Transforming appcompat-resources-1.6.1.aar (androidx.appcompat:appcompat-resources:1.6.1) with ExtractAarTransform
Transforming appcompat-resources-1.6.1.aar (androidx.appcompat:appcompat-resources:1.6.1) with AarResourcesCompilerTransform
Transforming appcompat-1.6.1.aar (androidx.appcompat:appcompat:1.6.1) with ExtractAarTransform
Transforming appcompat-1.6.1.aar (androidx.appcompat:appcompat:1.6.1) with AarResourcesCompilerTransform
Transforming coordinatorlayout-1.1.0.aar (androidx.coordinatorlayout:coordinatorlayout:1.1.0) with ExtractAarTransform
Transforming coordinatorlayout-1.1.0.aar (androidx.coordinatorlayout:coordinatorlayout:1.1.0) with AarResourcesCompilerTransform
Transforming drawerlayout-1.1.1.aar (androidx.drawerlayout:drawerlayout:1.1.1) with ExtractAarTransform
Transforming drawerlayout-1.1.1.aar (androidx.drawerlayout:drawerlayout:1.1.1) with AarResourcesCompilerTransform
Transforming transition-1.5.0.aar (androidx.transition:transition:1.5.0) with ExtractAarTransform
Transforming transition-1.5.0.aar (androidx.transition:transition:1.5.0) with AarResourcesCompilerTransform
Transforming dynamicanimation-1.0.0.aar (androidx.dynamicanimation:dynamicanimation:1.0.0) with ExtractAarTransform
Transforming dynamicanimation-1.0.0.aar (androidx.dynamicanimation:dynamicanimation:1.0.0) with AarResourcesCompilerTransform
Transforming vectordrawable-animated-1.1.0.aar (androidx.vectordrawable:vectordrawable-animated:1.1.0) with ExtractAarTransform
Transforming vectordrawable-animated-1.1.0.aar (androidx.vectordrawable:vectordrawable-animated:1.1.0) with AarResourcesCompilerTransform
Transforming vectordrawable-1.1.0.aar (androidx.vectordrawable:vectordrawable:1.1.0) with ExtractAarTransform
Transforming vectordrawable-1.1.0.aar (androidx.vectordrawable:vectordrawable:1.1.0) with AarResourcesCompilerTransform
Transforming vectordrawable-1.1.0.aar (androidx.vectordrawable:vectordrawable:1.1.0) with ExtractAarTransform
Transforming vectordrawable-1.1.0.aar (androidx.vectordrawable:vectordrawable:1.1.0) with AarResourcesCompilerTransform
Transforming viewpager2-1.0.0.aar (androidx.viewpager2:viewpager2:1.0.0) with ExtractAarTransform
Transforming viewpager2-1.0.0.aar (androidx.viewpager2:viewpager2:1.0.0) with AarResourcesCompilerTransform
Transforming navigation-common-2.7.7.aar (androidx.navigation:navigation-common:2.7.7) with ExtractAarTransform
Transforming navigation-common-2.7.7.aar (androidx.navigation:navigation-common:2.7.7) with AarResourcesCompilerTransform
Transforming navigation-runtime-2.7.7.aar (androidx.navigation:navigation-runtime:2.7.7) with ExtractAarTransform
Transforming navigation-runtime-2.7.7.aar (androidx.navigation:navigation-runtime:2.7.7) with AarResourcesCompilerTransform
Transforming navigation-common-ktx-2.7.7.aar (androidx.navigation:navigation-common-ktx:2.7.7) with ExtractAarTransform
Transforming navigation-common-ktx-2.7.7.aar (androidx.navigation:navigation-common-ktx:2.7.7) with AarResourcesCompilerTransform
Transforming navigation-runtime-ktx-2.7.7.aar (androidx.navigation:navigation-runtime-ktx:2.7.7) with ExtractAarTransform
Transforming navigation-runtime-ktx-2.7.7.aar (androidx.navigation:navigation-runtime-ktx:2.7.7) with AarResourcesCompilerTransform
Transforming navigation-compose-2.7.7.aar (androidx.navigation:navigation-compose:2.7.7) with ExtractAarTransform
Transforming navigation-compose-2.7.7.aar (androidx.navigation:navigation-compose:2.7.7) with AarResourcesCompilerTransform
Transforming fragment-1.3.6.aar (androidx.fragment:fragment:1.3.6) with ExtractAarTransform
Transforming fragment-1.3.6.aar (androidx.fragment:fragment:1.3.6) with AarResourcesCompilerTransform
Transforming fragment-1.3.6.aar (androidx.fragment:fragment:1.3.6) with ExtractAarTransform
Transforming fragment-1.3.6.aar (androidx.fragment:fragment:1.3.6) with AarResourcesCompilerTransform
Transforming activity-1.9.0.aar (androidx.activity:activity:1.9.0) with ExtractAarTransform
Transforming activity-1.9.0.aar (androidx.activity:activity:1.9.0) with AarResourcesCompilerTransform
Transforming activity-ktx-1.9.0.aar (androidx.activity:activity-ktx:1.9.0) with ExtractAarTransform
Transforming activity-ktx-1.9.0.aar (androidx.activity:activity-ktx:1.9.0) with AarResourcesCompilerTransform
Transforming material3-release.aar (androidx.compose.material3:material3-android:1.2.1) with ExtractAarTransform
Transforming material3-release.aar (androidx.compose.material3:material3-android:1.2.1) with AarResourcesCompilerTransform
Transforming material-ripple-release.aar (androidx.compose.material:material-ripple-android:1.6.8) with ExtractAarTransform
Transforming material-ripple-release.aar (androidx.compose.material:material-ripple-android:1.6.8) with AarResourcesCompilerTransform
Transforming material-icons-core-release.aar (androidx.compose.material:material-icons-core-android:1.6.8) with ExtractAarTransform
Transforming material-icons-core-release.aar (androidx.compose.material:material-icons-core-android:1.6.8) with AarResourcesCompilerTransform
Transforming material-release.aar (androidx.compose.material:material-android:1.6.8) with ExtractAarTransform
Transforming material-release.aar (androidx.compose.material:material-android:1.6.8) with AarResourcesCompilerTransform
Transforming animation-core-release.aar (androidx.compose.animation:animation-core-android:1.6.8) with ExtractAarTransform
Transforming animation-core-release.aar (androidx.compose.animation:animation-core-android:1.6.8) with AarResourcesCompilerTransform
Transforming animation-release.aar (androidx.compose.animation:animation-android:1.6.8) with ExtractAarTransform
Transforming animation-release.aar (androidx.compose.animation:animation-android:1.6.8) with AarResourcesCompilerTransform
Transforming foundation-layout-release.aar (androidx.compose.foundation:foundation-layout-android:1.6.8) with ExtractAarTransform
Transforming foundation-layout-release.aar (androidx.compose.foundation:foundation-layout-android:1.6.8) with AarResourcesCompilerTransform
Transforming foundation-release.aar (androidx.compose.foundation:foundation-android:1.6.8) with ExtractAarTransform
Transforming foundation-release.aar (androidx.compose.foundation:foundation-android:1.6.8) with AarResourcesCompilerTransform
Transforming ui-tooling-data-release.aar (androidx.compose.ui:ui-tooling-data-android:1.6.8) with ExtractAarTransform
Transforming ui-tooling-data-release.aar (androidx.compose.ui:ui-tooling-data-android:1.6.8) with AarResourcesCompilerTransform
Transforming ui-unit-release.aar (androidx.compose.ui:ui-unit-android:1.6.8) with ExtractAarTransform
Transforming ui-unit-release.aar (androidx.compose.ui:ui-unit-android:1.6.8) with AarResourcesCompilerTransform
Transforming ui-geometry-release.aar (androidx.compose.ui:ui-geometry-android:1.6.8) with ExtractAarTransform
Transforming ui-geometry-release.aar (androidx.compose.ui:ui-geometry-android:1.6.8) with AarResourcesCompilerTransform
Transforming ui-util-release.aar (androidx.compose.ui:ui-util-android:1.6.8) with ExtractAarTransform
Transforming ui-util-release.aar (androidx.compose.ui:ui-util-android:1.6.8) with AarResourcesCompilerTransform
Transforming ui-text-release.aar (androidx.compose.ui:ui-text-android:1.6.8) with ExtractAarTransform
Transforming ui-text-release.aar (androidx.compose.ui:ui-text-android:1.6.8) with AarResourcesCompilerTransform
Transforming ui-graphics-release.aar (androidx.compose.ui:ui-graphics-android:1.6.8) with ExtractAarTransform
Transforming ui-graphics-release.aar (androidx.compose.ui:ui-graphics-android:1.6.8) with AarResourcesCompilerTransform
Transforming ui-tooling-preview-release.aar (androidx.compose.ui:ui-tooling-preview-android:1.6.8) with ExtractAarTransform
Transforming ui-tooling-preview-release.aar (androidx.compose.ui:ui-tooling-preview-android:1.6.8) with AarResourcesCompilerTransform
Transforming ui-tooling-release.aar (androidx.compose.ui:ui-tooling-android:1.6.8) with ExtractAarTransform
Transforming ui-tooling-release.aar (androidx.compose.ui:ui-tooling-android:1.6.8) with AarResourcesCompilerTransform
Transforming activity-compose-1.9.0.aar (androidx.activity:activity-compose:1.9.0) with ExtractAarTransform
Transforming activity-compose-1.9.0.aar (androidx.activity:activity-compose:1.9.0) with AarResourcesCompilerTransform
Transforming savedstate-ktx-1.2.1.aar (androidx.savedstate:savedstate-ktx:1.2.1) with ExtractAarTransform
Transforming savedstate-ktx-1.2.1.aar (androidx.savedstate:savedstate-ktx:1.2.1) with AarResourcesCompilerTransform
Transforming savedstate-1.2.1.aar (androidx.savedstate:savedstate:1.2.1) with ExtractAarTransform
Transforming savedstate-1.2.1.aar (androidx.savedstate:savedstate:1.2.1) with AarResourcesCompilerTransform
Transforming emoji2-views-helper-1.3.0.aar (androidx.emoji2:emoji2-views-helper:1.3.0) with ExtractAarTransform
Transforming emoji2-views-helper-1.3.0.aar (androidx.emoji2:emoji2-views-helper:1.3.0) with AarResourcesCompilerTransform
Transforming emoji2-1.3.0.aar (androidx.emoji2:emoji2:1.3.0) with ExtractAarTransform
Transforming emoji2-1.3.0.aar (androidx.emoji2:emoji2:1.3.0) with AarResourcesCompilerTransform
Transforming lifecycle-process-2.8.1.aar (androidx.lifecycle:lifecycle-process:2.8.1) with ExtractAarTransform
Transforming lifecycle-process-2.8.1.aar (androidx.lifecycle:lifecycle-process:2.8.1) with AarResourcesCompilerTransform
Transforming lifecycle-livedata-core-ktx-2.8.1.aar (androidx.lifecycle:lifecycle-livedata-core-ktx:2.8.1) with ExtractAarTransform
Transforming lifecycle-livedata-core-ktx-2.8.1.aar (androidx.lifecycle:lifecycle-livedata-core-ktx:2.8.1) with AarResourcesCompilerTransform
Transforming lifecycle-livedata-core-2.8.1.aar (androidx.lifecycle:lifecycle-livedata-core:2.8.1) with ExtractAarTransform
Transforming lifecycle-livedata-core-2.8.1.aar (androidx.lifecycle:lifecycle-livedata-core:2.8.1) with AarResourcesCompilerTransform
Transforming legacy-support-core-utils-1.0.0.aar (androidx.legacy:legacy-support-core-utils:1.0.0) with ExtractAarTransform
Transforming legacy-support-core-utils-1.0.0.aar (androidx.legacy:legacy-support-core-utils:1.0.0) with AarResourcesCompilerTransform
Transforming loader-1.0.0.aar (androidx.loader:loader:1.0.0) with ExtractAarTransform
Transforming loader-1.0.0.aar (androidx.loader:loader:1.0.0) with AarResourcesCompilerTransform
Transforming loader-1.0.0.aar (androidx.loader:loader:1.0.0) with ExtractAarTransform
Transforming loader-1.0.0.aar (androidx.loader:loader:1.0.0) with AarResourcesCompilerTransform
Transforming lifecycle-viewmodel-2.8.1.aar (androidx.lifecycle:lifecycle-viewmodel:2.8.1) with ExtractAarTransform
Transforming lifecycle-viewmodel-2.8.1.aar (androidx.lifecycle:lifecycle-viewmodel:2.8.1) with AarResourcesCompilerTransform
Transforming lifecycle-viewmodel-release.aar (androidx.lifecycle:lifecycle-viewmodel-android:2.8.1) with ExtractAarTransform
Transforming lifecycle-viewmodel-release.aar (androidx.lifecycle:lifecycle-viewmodel-android:2.8.1) with AarResourcesCompilerTransform
Transforming lifecycle-runtime-ktx-release.aar (androidx.lifecycle:lifecycle-runtime-ktx-android:2.8.1) with ExtractAarTransform
Transforming lifecycle-runtime-ktx-release.aar (androidx.lifecycle:lifecycle-runtime-ktx-android:2.8.1) with AarResourcesCompilerTransform
Transforming lifecycle-runtime-release.aar (androidx.lifecycle:lifecycle-runtime-android:2.8.1) with ExtractAarTransform
Transforming lifecycle-runtime-release.aar (androidx.lifecycle:lifecycle-runtime-android:2.8.1) with AarResourcesCompilerTransform
Transforming lifecycle-service-2.8.1.aar (androidx.lifecycle:lifecycle-service:2.8.1) with ExtractAarTransform
Transforming lifecycle-service-2.8.1.aar (androidx.lifecycle:lifecycle-service:2.8.1) with AarResourcesCompilerTransform
Transforming lifecycle-livedata-2.8.1.aar (androidx.lifecycle:lifecycle-livedata:2.8.1) with ExtractAarTransform
Transforming lifecycle-livedata-2.8.1.aar (androidx.lifecycle:lifecycle-livedata:2.8.1) with AarResourcesCompilerTransform
Transforming lifecycle-livedata-2.8.1.aar (androidx.lifecycle:lifecycle-livedata:2.8.1) with ExtractAarTransform
Transforming lifecycle-livedata-2.8.1.aar (androidx.lifecycle:lifecycle-livedata:2.8.1) with AarResourcesCompilerTransform
Transforming lifecycle-viewmodel-savedstate-2.8.1.aar (androidx.lifecycle:lifecycle-viewmodel-savedstate:2.8.1) with ExtractAarTransform
Transforming lifecycle-viewmodel-savedstate-2.8.1.aar (androidx.lifecycle:lifecycle-viewmodel-savedstate:2.8.1) with AarResourcesCompilerTransform
Transforming lifecycle-viewmodel-ktx-2.8.1.aar (androidx.lifecycle:lifecycle-viewmodel-ktx:2.8.1) with ExtractAarTransform
Transforming lifecycle-viewmodel-ktx-2.8.1.aar (androidx.lifecycle:lifecycle-viewmodel-ktx:2.8.1) with AarResourcesCompilerTransform
Transforming lifecycle-runtime-compose-release.aar (androidx.lifecycle:lifecycle-runtime-compose-android:2.8.1) with ExtractAarTransform
Transforming lifecycle-runtime-compose-release.aar (androidx.lifecycle:lifecycle-runtime-compose-android:2.8.1) with AarResourcesCompilerTransform
Transforming lifecycle-viewmodel-compose-release.aar (androidx.lifecycle:lifecycle-viewmodel-compose-android:2.8.1) with ExtractAarTransform
Transforming lifecycle-viewmodel-compose-release.aar (androidx.lifecycle:lifecycle-viewmodel-compose-android:2.8.1) with AarResourcesCompilerTransform
Transforming ui-release.aar (androidx.compose.ui:ui-android:1.6.8) with ExtractAarTransform
Transforming ui-release.aar (androidx.compose.ui:ui-android:1.6.8) with AarResourcesCompilerTransform
Transforming recyclerview-1.1.0.aar (androidx.recyclerview:recyclerview:1.1.0) with ExtractAarTransform
Transforming recyclerview-1.1.0.aar (androidx.recyclerview:recyclerview:1.1.0) with AarResourcesCompilerTransform
Transforming recyclerview-1.1.0.aar (androidx.recyclerview:recyclerview:1.1.0) with ExtractAarTransform
Transforming recyclerview-1.1.0.aar (androidx.recyclerview:recyclerview:1.1.0) with AarResourcesCompilerTransform
Transforming viewpager-1.0.0.aar (androidx.viewpager:viewpager:1.0.0) with ExtractAarTransform
Transforming viewpager-1.0.0.aar (androidx.viewpager:viewpager:1.0.0) with AarResourcesCompilerTransform
Transforming customview-1.1.0.aar (androidx.customview:customview:1.1.0) with ExtractAarTransform
Transforming customview-1.1.0.aar (androidx.customview:customview:1.1.0) with AarResourcesCompilerTransform
Transforming autofill-1.0.0.aar (androidx.autofill:autofill:1.0.0) with ExtractAarTransform
Transforming autofill-1.0.0.aar (androidx.autofill:autofill:1.0.0) with AarResourcesCompilerTransform
Transforming core-1.13.1.aar (androidx.core:core:1.13.1) with ExtractAarTransform
Transforming core-1.13.1.aar (androidx.core:core:1.13.1) with AarResourcesCompilerTransform
Transforming core-1.13.1.aar (androidx.core:core:1.13.1) with ExtractAarTransform
Transforming core-1.13.1.aar (androidx.core:core:1.13.1) with AarResourcesCompilerTransform
Transforming customview-poolingcontainer-1.0.0.aar (androidx.customview:customview-poolingcontainer:1.0.0) with ExtractAarTransform
Transforming customview-poolingcontainer-1.0.0.aar (androidx.customview:customview-poolingcontainer:1.0.0) with AarResourcesCompilerTransform
Transforming core-ktx-1.13.1.aar (androidx.core:core-ktx:1.13.1) with ExtractAarTransform
Transforming core-ktx-1.13.1.aar (androidx.core:core-ktx:1.13.1) with AarResourcesCompilerTransform
Transforming runtime-saveable-release.aar (androidx.compose.runtime:runtime-saveable-android:1.6.8) with ExtractAarTransform
Transforming runtime-saveable-release.aar (androidx.compose.runtime:runtime-saveable-android:1.6.8) with AarResourcesCompilerTransform
Transforming runtime-release.aar (androidx.compose.runtime:runtime-android:1.6.8) with ExtractAarTransform
Transforming runtime-release.aar (androidx.compose.runtime:runtime-android:1.6.8) with AarResourcesCompilerTransform
Transforming room-ktx-2.5.0.aar (androidx.room:room-ktx:2.5.0) with ExtractAarTransform
Transforming room-ktx-2.5.0.aar (androidx.room:room-ktx:2.5.0) with AarResourcesCompilerTransform
Transforming room-runtime-2.5.0.aar (androidx.room:room-runtime:2.5.0) with ExtractAarTransform
Transforming room-runtime-2.5.0.aar (androidx.room:room-runtime:2.5.0) with AarResourcesCompilerTransform
Transforming annotation-experimental-1.4.0.aar (androidx.annotation:annotation-experimental:1.4.0) with ExtractAarTransform
Transforming annotation-experimental-1.4.0.aar (androidx.annotation:annotation-experimental:1.4.0) with AarResourcesCompilerTransform
Transforming sqlite-framework-2.3.0.aar (androidx.sqlite:sqlite-framework:2.3.0) with ExtractAarTransform
Transforming sqlite-framework-2.3.0.aar (androidx.sqlite:sqlite-framework:2.3.0) with AarResourcesCompilerTransform
Transforming security-crypto-1.1.0-alpha06.aar (androidx.security:security-crypto:1.1.0-alpha06) with ExtractAarTransform
Transforming security-crypto-1.1.0-alpha06.aar (androidx.security:security-crypto:1.1.0-alpha06) with AarResourcesCompilerTransform
Transforming cardview-1.0.0.aar (androidx.cardview:cardview:1.0.0) with ExtractAarTransform
Transforming cardview-1.0.0.aar (androidx.cardview:cardview:1.0.0) with AarResourcesCompilerTransform
Transforming interpolator-1.0.0.aar (androidx.interpolator:interpolator:1.0.0) with ExtractAarTransform
Transforming interpolator-1.0.0.aar (androidx.interpolator:interpolator:1.0.0) with AarResourcesCompilerTransform
Transforming interpolator-1.0.0.aar (androidx.interpolator:interpolator:1.0.0) with ExtractAarTransform
Transforming interpolator-1.0.0.aar (androidx.interpolator:interpolator:1.0.0) with AarResourcesCompilerTransform
Transforming versionedparcelable-1.1.1.aar (androidx.versionedparcelable:versionedparcelable:1.1.1) with ExtractAarTransform
Transforming versionedparcelable-1.1.1.aar (androidx.versionedparcelable:versionedparcelable:1.1.1) with AarResourcesCompilerTransform
Transforming profileinstaller-1.3.1.aar (androidx.profileinstaller:profileinstaller:1.3.1) with ExtractAarTransform
Transforming profileinstaller-1.3.1.aar (androidx.profileinstaller:profileinstaller:1.3.1) with AarResourcesCompilerTransform
Transforming startup-runtime-1.1.1.aar (androidx.startup:startup-runtime:1.1.1) with ExtractAarTransform
Transforming startup-runtime-1.1.1.aar (androidx.startup:startup-runtime:1.1.1) with AarResourcesCompilerTransform
Transforming cursoradapter-1.0.0.aar (androidx.cursoradapter:cursoradapter:1.0.0) with ExtractAarTransform
Transforming cursoradapter-1.0.0.aar (androidx.cursoradapter:cursoradapter:1.0.0) with AarResourcesCompilerTransform
Transforming tracing-1.0.0.aar (androidx.tracing:tracing:1.0.0) with ExtractAarTransform
Transforming tracing-1.0.0.aar (androidx.tracing:tracing:1.0.0) with AarResourcesCompilerTransform
Transforming sqlite-2.3.0.aar (androidx.sqlite:sqlite:2.3.0) with ExtractAarTransform
Transforming sqlite-2.3.0.aar (androidx.sqlite:sqlite:2.3.0) with AarResourcesCompilerTransform
Transforming core-runtime-2.2.0.aar (androidx.arch.core:core-runtime:2.2.0) with ExtractAarTransform
Transforming core-runtime-2.2.0.aar (androidx.arch.core:core-runtime:2.2.0) with AarResourcesCompilerTransform
Transforming documentfile-1.0.0.aar (androidx.documentfile:documentfile:1.0.0) with ExtractAarTransform
Transforming documentfile-1.0.0.aar (androidx.documentfile:documentfile:1.0.0) with AarResourcesCompilerTransform
Transforming localbroadcastmanager-1.0.0.aar (androidx.localbroadcastmanager:localbroadcastmanager:1.0.0) with ExtractAarTransform
Transforming localbroadcastmanager-1.0.0.aar (androidx.localbroadcastmanager:localbroadcastmanager:1.0.0) with AarResourcesCompilerTransform
Transforming print-1.0.0.aar (androidx.print:print:1.0.0) with ExtractAarTransform
Transforming print-1.0.0.aar (androidx.print:print:1.0.0) with AarResourcesCompilerTransform
Transforming material-1.12.0.aar (com.google.android.material:material:1.12.0) with ExtractAarTransform
Transforming material-1.12.0.aar (com.google.android.material:material:1.12.0) with LibrarySymbolTableTransform
Transforming work-runtime-ktx-2.9.0.aar (androidx.work:work-runtime-ktx:2.9.0) with ExtractAarTransform
Transforming work-runtime-ktx-2.9.0.aar (androidx.work:work-runtime-ktx:2.9.0) with LibrarySymbolTableTransform
Transforming work-runtime-2.9.0.aar (androidx.work:work-runtime:2.9.0) with ExtractAarTransform
Transforming work-runtime-2.9.0.aar (androidx.work:work-runtime:2.9.0) with LibrarySymbolTableTransform
Transforming constraintlayout-2.0.1.aar (androidx.constraintlayout:constraintlayout:2.0.1) with ExtractAarTransform
Transforming constraintlayout-2.0.1.aar (androidx.constraintlayout:constraintlayout:2.0.1) with LibrarySymbolTableTransform
Transforming appcompat-resources-1.6.1.aar (androidx.appcompat:appcompat-resources:1.6.1) with ExtractAarTransform
Transforming appcompat-resources-1.6.1.aar (androidx.appcompat:appcompat-resources:1.6.1) with LibrarySymbolTableTransform
Transforming appcompat-1.6.1.aar (androidx.appcompat:appcompat:1.6.1) with ExtractAarTransform
Transforming appcompat-1.6.1.aar (androidx.appcompat:appcompat:1.6.1) with LibrarySymbolTableTransform
Transforming coordinatorlayout-1.1.0.aar (androidx.coordinatorlayout:coordinatorlayout:1.1.0) with ExtractAarTransform
Transforming coordinatorlayout-1.1.0.aar (androidx.coordinatorlayout:coordinatorlayout:1.1.0) with LibrarySymbolTableTransform
Transforming drawerlayout-1.1.1.aar (androidx.drawerlayout:drawerlayout:1.1.1) with ExtractAarTransform
Transforming drawerlayout-1.1.1.aar (androidx.drawerlayout:drawerlayout:1.1.1) with LibrarySymbolTableTransform
Transforming transition-1.5.0.aar (androidx.transition:transition:1.5.0) with ExtractAarTransform
Transforming transition-1.5.0.aar (androidx.transition:transition:1.5.0) with LibrarySymbolTableTransform
Transforming dynamicanimation-1.0.0.aar (androidx.dynamicanimation:dynamicanimation:1.0.0) with ExtractAarTransform
Transforming dynamicanimation-1.0.0.aar (androidx.dynamicanimation:dynamicanimation:1.0.0) with LibrarySymbolTableTransform
Transforming vectordrawable-animated-1.1.0.aar (androidx.vectordrawable:vectordrawable-animated:1.1.0) with ExtractAarTransform
Transforming vectordrawable-animated-1.1.0.aar (androidx.vectordrawable:vectordrawable-animated:1.1.0) with LibrarySymbolTableTransform
Transforming vectordrawable-1.1.0.aar (androidx.vectordrawable:vectordrawable:1.1.0) with ExtractAarTransform
Transforming vectordrawable-1.1.0.aar (androidx.vectordrawable:vectordrawable:1.1.0) with LibrarySymbolTableTransform
Transforming vectordrawable-1.1.0.aar (androidx.vectordrawable:vectordrawable:1.1.0) with ExtractAarTransform
Transforming vectordrawable-1.1.0.aar (androidx.vectordrawable:vectordrawable:1.1.0) with LibrarySymbolTableTransform
Transforming viewpager2-1.0.0.aar (androidx.viewpager2:viewpager2:1.0.0) with ExtractAarTransform
Transforming viewpager2-1.0.0.aar (androidx.viewpager2:viewpager2:1.0.0) with LibrarySymbolTableTransform
Transforming navigation-common-2.7.7.aar (androidx.navigation:navigation-common:2.7.7) with ExtractAarTransform
Transforming navigation-common-2.7.7.aar (androidx.navigation:navigation-common:2.7.7) with LibrarySymbolTableTransform
Transforming navigation-runtime-2.7.7.aar (androidx.navigation:navigation-runtime:2.7.7) with ExtractAarTransform
Transforming navigation-runtime-2.7.7.aar (androidx.navigation:navigation-runtime:2.7.7) with LibrarySymbolTableTransform
Transforming navigation-common-ktx-2.7.7.aar (androidx.navigation:navigation-common-ktx:2.7.7) with ExtractAarTransform
Transforming navigation-common-ktx-2.7.7.aar (androidx.navigation:navigation-common-ktx:2.7.7) with LibrarySymbolTableTransform
Transforming navigation-runtime-ktx-2.7.7.aar (androidx.navigation:navigation-runtime-ktx:2.7.7) with ExtractAarTransform
Transforming navigation-runtime-ktx-2.7.7.aar (androidx.navigation:navigation-runtime-ktx:2.7.7) with LibrarySymbolTableTransform
Transforming navigation-compose-2.7.7.aar (androidx.navigation:navigation-compose:2.7.7) with ExtractAarTransform
Transforming navigation-compose-2.7.7.aar (androidx.navigation:navigation-compose:2.7.7) with LibrarySymbolTableTransform
Transforming fragment-1.3.6.aar (androidx.fragment:fragment:1.3.6) with ExtractAarTransform
Transforming fragment-1.3.6.aar (androidx.fragment:fragment:1.3.6) with LibrarySymbolTableTransform
Transforming fragment-1.3.6.aar (androidx.fragment:fragment:1.3.6) with ExtractAarTransform
Transforming fragment-1.3.6.aar (androidx.fragment:fragment:1.3.6) with LibrarySymbolTableTransform
Transforming activity-1.9.0.aar (androidx.activity:activity:1.9.0) with ExtractAarTransform
Transforming activity-1.9.0.aar (androidx.activity:activity:1.9.0) with LibrarySymbolTableTransform
Transforming activity-ktx-1.9.0.aar (androidx.activity:activity-ktx:1.9.0) with ExtractAarTransform
Transforming activity-ktx-1.9.0.aar (androidx.activity:activity-ktx:1.9.0) with LibrarySymbolTableTransform
Transforming material3-release.aar (androidx.compose.material3:material3-android:1.2.1) with ExtractAarTransform
Transforming material3-release.aar (androidx.compose.material3:material3-android:1.2.1) with LibrarySymbolTableTransform
Transforming material-ripple-release.aar (androidx.compose.material:material-ripple-android:1.6.8) with ExtractAarTransform
Transforming material-ripple-release.aar (androidx.compose.material:material-ripple-android:1.6.8) with LibrarySymbolTableTransform
Transforming material-icons-core-release.aar (androidx.compose.material:material-icons-core-android:1.6.8) with ExtractAarTransform
Transforming material-icons-core-release.aar (androidx.compose.material:material-icons-core-android:1.6.8) with LibrarySymbolTableTransform
Transforming material-release.aar (androidx.compose.material:material-android:1.6.8) with ExtractAarTransform
Transforming material-release.aar (androidx.compose.material:material-android:1.6.8) with LibrarySymbolTableTransform
Transforming animation-core-release.aar (androidx.compose.animation:animation-core-android:1.6.8) with ExtractAarTransform
Transforming animation-core-release.aar (androidx.compose.animation:animation-core-android:1.6.8) with LibrarySymbolTableTransform
Transforming animation-release.aar (androidx.compose.animation:animation-android:1.6.8) with ExtractAarTransform
Transforming animation-release.aar (androidx.compose.animation:animation-android:1.6.8) with LibrarySymbolTableTransform
Transforming foundation-layout-release.aar (androidx.compose.foundation:foundation-layout-android:1.6.8) with ExtractAarTransform
Transforming foundation-layout-release.aar (androidx.compose.foundation:foundation-layout-android:1.6.8) with LibrarySymbolTableTransform
Transforming foundation-release.aar (androidx.compose.foundation:foundation-android:1.6.8) with ExtractAarTransform
Transforming foundation-release.aar (androidx.compose.foundation:foundation-android:1.6.8) with LibrarySymbolTableTransform
Transforming ui-tooling-data-release.aar (androidx.compose.ui:ui-tooling-data-android:1.6.8) with ExtractAarTransform
Transforming ui-tooling-data-release.aar (androidx.compose.ui:ui-tooling-data-android:1.6.8) with LibrarySymbolTableTransform
Transforming ui-unit-release.aar (androidx.compose.ui:ui-unit-android:1.6.8) with ExtractAarTransform
Transforming ui-unit-release.aar (androidx.compose.ui:ui-unit-android:1.6.8) with LibrarySymbolTableTransform
Transforming ui-geometry-release.aar (androidx.compose.ui:ui-geometry-android:1.6.8) with ExtractAarTransform
Transforming ui-geometry-release.aar (androidx.compose.ui:ui-geometry-android:1.6.8) with LibrarySymbolTableTransform
Transforming ui-util-release.aar (androidx.compose.ui:ui-util-android:1.6.8) with ExtractAarTransform
Transforming ui-util-release.aar (androidx.compose.ui:ui-util-android:1.6.8) with LibrarySymbolTableTransform
Transforming ui-text-release.aar (androidx.compose.ui:ui-text-android:1.6.8) with ExtractAarTransform
Transforming ui-text-release.aar (androidx.compose.ui:ui-text-android:1.6.8) with LibrarySymbolTableTransform
Transforming ui-graphics-release.aar (androidx.compose.ui:ui-graphics-android:1.6.8) with ExtractAarTransform
Transforming ui-graphics-release.aar (androidx.compose.ui:ui-graphics-android:1.6.8) with LibrarySymbolTableTransform
Transforming ui-tooling-preview-release.aar (androidx.compose.ui:ui-tooling-preview-android:1.6.8) with ExtractAarTransform
Transforming ui-tooling-preview-release.aar (androidx.compose.ui:ui-tooling-preview-android:1.6.8) with LibrarySymbolTableTransform
Transforming ui-tooling-release.aar (androidx.compose.ui:ui-tooling-android:1.6.8) with ExtractAarTransform
Transforming ui-tooling-release.aar (androidx.compose.ui:ui-tooling-android:1.6.8) with LibrarySymbolTableTransform
Transforming activity-compose-1.9.0.aar (androidx.activity:activity-compose:1.9.0) with ExtractAarTransform
Transforming activity-compose-1.9.0.aar (androidx.activity:activity-compose:1.9.0) with LibrarySymbolTableTransform
Transforming savedstate-ktx-1.2.1.aar (androidx.savedstate:savedstate-ktx:1.2.1) with ExtractAarTransform
Transforming savedstate-ktx-1.2.1.aar (androidx.savedstate:savedstate-ktx:1.2.1) with LibrarySymbolTableTransform
Transforming savedstate-1.2.1.aar (androidx.savedstate:savedstate:1.2.1) with ExtractAarTransform
Transforming savedstate-1.2.1.aar (androidx.savedstate:savedstate:1.2.1) with LibrarySymbolTableTransform
Transforming emoji2-views-helper-1.3.0.aar (androidx.emoji2:emoji2-views-helper:1.3.0) with ExtractAarTransform
Transforming emoji2-views-helper-1.3.0.aar (androidx.emoji2:emoji2-views-helper:1.3.0) with LibrarySymbolTableTransform
Transforming emoji2-1.3.0.aar (androidx.emoji2:emoji2:1.3.0) with ExtractAarTransform
Transforming emoji2-1.3.0.aar (androidx.emoji2:emoji2:1.3.0) with LibrarySymbolTableTransform
Transforming lifecycle-process-2.8.1.aar (androidx.lifecycle:lifecycle-process:2.8.1) with ExtractAarTransform
Transforming lifecycle-process-2.8.1.aar (androidx.lifecycle:lifecycle-process:2.8.1) with LibrarySymbolTableTransform
Transforming lifecycle-livedata-core-ktx-2.8.1.aar (androidx.lifecycle:lifecycle-livedata-core-ktx:2.8.1) with ExtractAarTransform
Transforming lifecycle-livedata-core-ktx-2.8.1.aar (androidx.lifecycle:lifecycle-livedata-core-ktx:2.8.1) with LibrarySymbolTableTransform
Transforming lifecycle-livedata-core-2.8.1.aar (androidx.lifecycle:lifecycle-livedata-core:2.8.1) with ExtractAarTransform
Transforming lifecycle-livedata-core-2.8.1.aar (androidx.lifecycle:lifecycle-livedata-core:2.8.1) with LibrarySymbolTableTransform
Transforming legacy-support-core-utils-1.0.0.aar (androidx.legacy:legacy-support-core-utils:1.0.0) with ExtractAarTransform
Transforming legacy-support-core-utils-1.0.0.aar (androidx.legacy:legacy-support-core-utils:1.0.0) with LibrarySymbolTableTransform
Transforming loader-1.0.0.aar (androidx.loader:loader:1.0.0) with ExtractAarTransform
Transforming loader-1.0.0.aar (androidx.loader:loader:1.0.0) with LibrarySymbolTableTransform
Transforming loader-1.0.0.aar (androidx.loader:loader:1.0.0) with ExtractAarTransform
Transforming loader-1.0.0.aar (androidx.loader:loader:1.0.0) with LibrarySymbolTableTransform
Transforming lifecycle-viewmodel-2.8.1.aar (androidx.lifecycle:lifecycle-viewmodel:2.8.1) with ExtractAarTransform
Transforming lifecycle-viewmodel-2.8.1.aar (androidx.lifecycle:lifecycle-viewmodel:2.8.1) with LibrarySymbolTableTransform
Transforming lifecycle-viewmodel-release.aar (androidx.lifecycle:lifecycle-viewmodel-android:2.8.1) with ExtractAarTransform
Transforming lifecycle-viewmodel-release.aar (androidx.lifecycle:lifecycle-viewmodel-android:2.8.1) with LibrarySymbolTableTransform
Transforming lifecycle-runtime-ktx-release.aar (androidx.lifecycle:lifecycle-runtime-ktx-android:2.8.1) with ExtractAarTransform
Transforming lifecycle-runtime-ktx-release.aar (androidx.lifecycle:lifecycle-runtime-ktx-android:2.8.1) with LibrarySymbolTableTransform
Transforming lifecycle-runtime-release.aar (androidx.lifecycle:lifecycle-runtime-android:2.8.1) with ExtractAarTransform
Transforming lifecycle-runtime-release.aar (androidx.lifecycle:lifecycle-runtime-android:2.8.1) with LibrarySymbolTableTransform
Transforming lifecycle-service-2.8.1.aar (androidx.lifecycle:lifecycle-service:2.8.1) with ExtractAarTransform
Transforming lifecycle-service-2.8.1.aar (androidx.lifecycle:lifecycle-service:2.8.1) with LibrarySymbolTableTransform
Transforming lifecycle-livedata-2.8.1.aar (androidx.lifecycle:lifecycle-livedata:2.8.1) with ExtractAarTransform
Transforming lifecycle-livedata-2.8.1.aar (androidx.lifecycle:lifecycle-livedata:2.8.1) with LibrarySymbolTableTransform
Transforming lifecycle-livedata-2.8.1.aar (androidx.lifecycle:lifecycle-livedata:2.8.1) with ExtractAarTransform
Transforming lifecycle-livedata-2.8.1.aar (androidx.lifecycle:lifecycle-livedata:2.8.1) with LibrarySymbolTableTransform
Transforming lifecycle-viewmodel-savedstate-2.8.1.aar (androidx.lifecycle:lifecycle-viewmodel-savedstate:2.8.1) with ExtractAarTransform
Transforming lifecycle-viewmodel-savedstate-2.8.1.aar (androidx.lifecycle:lifecycle-viewmodel-savedstate:2.8.1) with LibrarySymbolTableTransform
Transforming lifecycle-viewmodel-ktx-2.8.1.aar (androidx.lifecycle:lifecycle-viewmodel-ktx:2.8.1) with ExtractAarTransform
Transforming lifecycle-viewmodel-ktx-2.8.1.aar (androidx.lifecycle:lifecycle-viewmodel-ktx:2.8.1) with LibrarySymbolTableTransform
Transforming lifecycle-runtime-compose-release.aar (androidx.lifecycle:lifecycle-runtime-compose-android:2.8.1) with ExtractAarTransform
Transforming lifecycle-runtime-compose-release.aar (androidx.lifecycle:lifecycle-runtime-compose-android:2.8.1) with LibrarySymbolTableTransform
Transforming lifecycle-viewmodel-compose-release.aar (androidx.lifecycle:lifecycle-viewmodel-compose-android:2.8.1) with ExtractAarTransform
Transforming lifecycle-viewmodel-compose-release.aar (androidx.lifecycle:lifecycle-viewmodel-compose-android:2.8.1) with LibrarySymbolTableTransform
Transforming ui-release.aar (androidx.compose.ui:ui-android:1.6.8) with ExtractAarTransform
Transforming ui-release.aar (androidx.compose.ui:ui-android:1.6.8) with LibrarySymbolTableTransform
Transforming recyclerview-1.1.0.aar (androidx.recyclerview:recyclerview:1.1.0) with ExtractAarTransform
Transforming recyclerview-1.1.0.aar (androidx.recyclerview:recyclerview:1.1.0) with LibrarySymbolTableTransform
Transforming recyclerview-1.1.0.aar (androidx.recyclerview:recyclerview:1.1.0) with ExtractAarTransform
Transforming recyclerview-1.1.0.aar (androidx.recyclerview:recyclerview:1.1.0) with LibrarySymbolTableTransform
Transforming viewpager-1.0.0.aar (androidx.viewpager:viewpager:1.0.0) with ExtractAarTransform
Transforming viewpager-1.0.0.aar (androidx.viewpager:viewpager:1.0.0) with LibrarySymbolTableTransform
Transforming customview-1.1.0.aar (androidx.customview:customview:1.1.0) with ExtractAarTransform
Transforming customview-1.1.0.aar (androidx.customview:customview:1.1.0) with LibrarySymbolTableTransform
Transforming autofill-1.0.0.aar (androidx.autofill:autofill:1.0.0) with ExtractAarTransform
Transforming autofill-1.0.0.aar (androidx.autofill:autofill:1.0.0) with LibrarySymbolTableTransform
Transforming core-1.13.1.aar (androidx.core:core:1.13.1) with ExtractAarTransform
Transforming core-1.13.1.aar (androidx.core:core:1.13.1) with LibrarySymbolTableTransform
Transforming core-1.13.1.aar (androidx.core:core:1.13.1) with ExtractAarTransform
Transforming core-1.13.1.aar (androidx.core:core:1.13.1) with LibrarySymbolTableTransform
Transforming customview-poolingcontainer-1.0.0.aar (androidx.customview:customview-poolingcontainer:1.0.0) with ExtractAarTransform
Transforming customview-poolingcontainer-1.0.0.aar (androidx.customview:customview-poolingcontainer:1.0.0) with LibrarySymbolTableTransform
Transforming core-ktx-1.13.1.aar (androidx.core:core-ktx:1.13.1) with ExtractAarTransform
Transforming core-ktx-1.13.1.aar (androidx.core:core-ktx:1.13.1) with LibrarySymbolTableTransform
Transforming runtime-saveable-release.aar (androidx.compose.runtime:runtime-saveable-android:1.6.8) with ExtractAarTransform
Transforming runtime-saveable-release.aar (androidx.compose.runtime:runtime-saveable-android:1.6.8) with LibrarySymbolTableTransform
Transforming runtime-release.aar (androidx.compose.runtime:runtime-android:1.6.8) with ExtractAarTransform
Transforming runtime-release.aar (androidx.compose.runtime:runtime-android:1.6.8) with LibrarySymbolTableTransform
Transforming room-ktx-2.5.0.aar (androidx.room:room-ktx:2.5.0) with ExtractAarTransform
Transforming room-ktx-2.5.0.aar (androidx.room:room-ktx:2.5.0) with LibrarySymbolTableTransform
Transforming room-runtime-2.5.0.aar (androidx.room:room-runtime:2.5.0) with ExtractAarTransform
Transforming room-runtime-2.5.0.aar (androidx.room:room-runtime:2.5.0) with LibrarySymbolTableTransform
Transforming annotation-experimental-1.4.0.aar (androidx.annotation:annotation-experimental:1.4.0) with ExtractAarTransform
Transforming annotation-experimental-1.4.0.aar (androidx.annotation:annotation-experimental:1.4.0) with LibrarySymbolTableTransform
Transforming sqlite-framework-2.3.0.aar (androidx.sqlite:sqlite-framework:2.3.0) with ExtractAarTransform
Transforming sqlite-framework-2.3.0.aar (androidx.sqlite:sqlite-framework:2.3.0) with LibrarySymbolTableTransform
Transforming security-crypto-1.1.0-alpha06.aar (androidx.security:security-crypto:1.1.0-alpha06) with ExtractAarTransform
Transforming security-crypto-1.1.0-alpha06.aar (androidx.security:security-crypto:1.1.0-alpha06) with LibrarySymbolTableTransform
Transforming cardview-1.0.0.aar (androidx.cardview:cardview:1.0.0) with ExtractAarTransform
Transforming cardview-1.0.0.aar (androidx.cardview:cardview:1.0.0) with LibrarySymbolTableTransform
Transforming interpolator-1.0.0.aar (androidx.interpolator:interpolator:1.0.0) with ExtractAarTransform
Transforming interpolator-1.0.0.aar (androidx.interpolator:interpolator:1.0.0) with LibrarySymbolTableTransform
Transforming interpolator-1.0.0.aar (androidx.interpolator:interpolator:1.0.0) with ExtractAarTransform
Transforming interpolator-1.0.0.aar (androidx.interpolator:interpolator:1.0.0) with LibrarySymbolTableTransform
Transforming versionedparcelable-1.1.1.aar (androidx.versionedparcelable:versionedparcelable:1.1.1) with ExtractAarTransform
Transforming versionedparcelable-1.1.1.aar (androidx.versionedparcelable:versionedparcelable:1.1.1) with LibrarySymbolTableTransform
Transforming profileinstaller-1.3.1.aar (androidx.profileinstaller:profileinstaller:1.3.1) with ExtractAarTransform
Transforming profileinstaller-1.3.1.aar (androidx.profileinstaller:profileinstaller:1.3.1) with LibrarySymbolTableTransform
Transforming startup-runtime-1.1.1.aar (androidx.startup:startup-runtime:1.1.1) with ExtractAarTransform
Transforming startup-runtime-1.1.1.aar (androidx.startup:startup-runtime:1.1.1) with LibrarySymbolTableTransform
Transforming cursoradapter-1.0.0.aar (androidx.cursoradapter:cursoradapter:1.0.0) with ExtractAarTransform
Transforming cursoradapter-1.0.0.aar (androidx.cursoradapter:cursoradapter:1.0.0) with LibrarySymbolTableTransform
Transforming tracing-1.0.0.aar (androidx.tracing:tracing:1.0.0) with ExtractAarTransform
Transforming tracing-1.0.0.aar (androidx.tracing:tracing:1.0.0) with LibrarySymbolTableTransform
Transforming sqlite-2.3.0.aar (androidx.sqlite:sqlite:2.3.0) with ExtractAarTransform
Transforming sqlite-2.3.0.aar (androidx.sqlite:sqlite:2.3.0) with LibrarySymbolTableTransform
Transforming core-runtime-2.2.0.aar (androidx.arch.core:core-runtime:2.2.0) with ExtractAarTransform
Transforming core-runtime-2.2.0.aar (androidx.arch.core:core-runtime:2.2.0) with LibrarySymbolTableTransform
Transforming documentfile-1.0.0.aar (androidx.documentfile:documentfile:1.0.0) with ExtractAarTransform
Transforming documentfile-1.0.0.aar (androidx.documentfile:documentfile:1.0.0) with LibrarySymbolTableTransform
Transforming localbroadcastmanager-1.0.0.aar (androidx.localbroadcastmanager:localbroadcastmanager:1.0.0) with ExtractAarTransform
Transforming localbroadcastmanager-1.0.0.aar (androidx.localbroadcastmanager:localbroadcastmanager:1.0.0) with LibrarySymbolTableTransform
Transforming print-1.0.0.aar (androidx.print:print:1.0.0) with ExtractAarTransform
Transforming print-1.0.0.aar (androidx.print:print:1.0.0) with LibrarySymbolTableTransform
Caching disabled for task ':app:processDebugResources' because:
  Build cache is disabled
Skipping task ':app:processDebugResources' as it is up-to-date.
Resolve mutations for :app:compileDebugKotlin (Thread[#301,Execution worker Thread 3,5,main]) started.
:app:compileDebugKotlin (Thread[#301,Execution worker Thread 3,5,main]) started.
Resolve mutations for :app:javaPreCompileDebug (Thread[#304,Execution worker Thread 6,5,main]) started.
:app:javaPreCompileDebug (Thread[#304,Execution worker Thread 6,5,main]) started.

> Task :app:javaPreCompileDebug UP-TO-DATE
Caching disabled for task ':app:javaPreCompileDebug' because:
  Build cache is disabled
Skipping task ':app:javaPreCompileDebug' as it is up-to-date.
Resolve mutations for :app:preDebugUnitTestBuild (Thread[#304,Execution worker Thread 6,5,main]) started.
:app:preDebugUnitTestBuild (Thread[#304,Execution worker Thread 6,5,main]) started.

> Task :app:preDebugUnitTestBuild UP-TO-DATE
Skipping task ':app:preDebugUnitTestBuild' as it has no actions.
Resolve mutations for :app:javaPreCompileDebugUnitTest (Thread[#304,Execution worker Thread 6,5,main]) started.
:app:javaPreCompileDebugUnitTest (Thread[#304,Execution worker Thread 6,5,main]) started.

> Task :app:javaPreCompileDebugUnitTest UP-TO-DATE
Caching disabled for task ':app:javaPreCompileDebugUnitTest' because:
  Build cache is disabled
Skipping task ':app:javaPreCompileDebugUnitTest' as it is up-to-date.

> Task :app:compileDebugKotlin
Transforming navigation-common-2.7.7.aar (androidx.navigation:navigation-common:2.7.7) with AarToClassTransform
Transforming navigation-runtime-2.7.7.aar (androidx.navigation:navigation-runtime:2.7.7) with AarToClassTransform
Transforming navigation-common-ktx-2.7.7.aar (androidx.navigation:navigation-common-ktx:2.7.7) with AarToClassTransform
Transforming navigation-runtime-ktx-2.7.7.aar (androidx.navigation:navigation-runtime-ktx:2.7.7) with AarToClassTransform
Transforming navigation-compose-2.7.7.aar (androidx.navigation:navigation-compose:2.7.7) with AarToClassTransform
Transforming material-1.12.0.aar (com.google.android.material:material:1.12.0) with AarToClassTransform
Transforming constraintlayout-2.0.1.aar (androidx.constraintlayout:constraintlayout:2.0.1) with AarToClassTransform
Transforming appcompat-1.6.1.aar (androidx.appcompat:appcompat:1.6.1) with AarToClassTransform
Transforming viewpager2-1.0.0.aar (androidx.viewpager2:viewpager2:1.0.0) with AarToClassTransform
Transforming fragment-1.3.6.aar (androidx.fragment:fragment:1.3.6) with AarToClassTransform
Transforming fragment-1.3.6.aar (androidx.fragment:fragment:1.3.6) with AarToClassTransform
Transforming activity-1.9.0.aar (androidx.activity:activity:1.9.0) with AarToClassTransform
Transforming activity-compose-1.9.0.aar (androidx.activity:activity-compose:1.9.0) with AarToClassTransform
Transforming activity-ktx-1.9.0.aar (androidx.activity:activity-ktx:1.9.0) with AarToClassTransform
Transforming work-runtime-ktx-2.9.0.aar (androidx.work:work-runtime-ktx:2.9.0) with AarToClassTransform
Transforming work-runtime-2.9.0.aar (androidx.work:work-runtime:2.9.0) with AarToClassTransform
Transforming coordinatorlayout-1.1.0.aar (androidx.coordinatorlayout:coordinatorlayout:1.1.0) with AarToClassTransform
Transforming drawerlayout-1.1.1.aar (androidx.drawerlayout:drawerlayout:1.1.1) with AarToClassTransform
Transforming dynamicanimation-1.0.0.aar (androidx.dynamicanimation:dynamicanimation:1.0.0) with AarToClassTransform
Transforming recyclerview-1.1.0.aar (androidx.recyclerview:recyclerview:1.1.0) with AarToClassTransform
Transforming recyclerview-1.1.0.aar (androidx.recyclerview:recyclerview:1.1.0) with AarToClassTransform
Transforming transition-1.5.0.aar (androidx.transition:transition:1.5.0) with AarToClassTransform
Transforming appcompat-resources-1.6.1.aar (androidx.appcompat:appcompat-resources:1.6.1) with AarToClassTransform
Transforming vectordrawable-animated-1.1.0.aar (androidx.vectordrawable:vectordrawable-animated:1.1.0) with AarToClassTransform
Transforming vectordrawable-1.1.0.aar (androidx.vectordrawable:vectordrawable:1.1.0) with AarToClassTransform
Transforming vectordrawable-1.1.0.aar (androidx.vectordrawable:vectordrawable:1.1.0) with AarToClassTransform
Transforming viewpager-1.0.0.aar (androidx.viewpager:viewpager:1.0.0) with AarToClassTransform
Transforming customview-1.1.0.aar (androidx.customview:customview:1.1.0) with AarToClassTransform
Transforming legacy-support-core-utils-1.0.0.aar (androidx.legacy:legacy-support-core-utils:1.0.0) with AarToClassTransform
Transforming loader-1.0.0.aar (androidx.loader:loader:1.0.0) with AarToClassTransform
Transforming loader-1.0.0.aar (androidx.loader:loader:1.0.0) with AarToClassTransform
Transforming core-1.13.1.aar (androidx.core:core:1.13.1) with AarToClassTransform
Transforming core-1.13.1.aar (androidx.core:core:1.13.1) with AarToClassTransform
Transforming lifecycle-livedata-core-ktx-2.8.1.aar (androidx.lifecycle:lifecycle-livedata-core-ktx:2.8.1) with AarToClassTransform
Transforming lifecycle-runtime-ktx-release.aar (androidx.lifecycle:lifecycle-runtime-ktx-android:2.8.1) with AarToClassTransform
Transforming lifecycle-runtime-release.aar (androidx.lifecycle:lifecycle-runtime-android:2.8.1) with AarToClassTransform
Transforming lifecycle-livedata-core-2.8.1.aar (androidx.lifecycle:lifecycle-livedata-core:2.8.1) with AarToClassTransform
Transforming lifecycle-livedata-2.8.1.aar (androidx.lifecycle:lifecycle-livedata:2.8.1) with AarToClassTransform
Transforming lifecycle-livedata-2.8.1.aar (androidx.lifecycle:lifecycle-livedata:2.8.1) with AarToClassTransform
Transforming lifecycle-viewmodel-2.8.1.aar (androidx.lifecycle:lifecycle-viewmodel:2.8.1) with AarToClassTransform
Transforming lifecycle-viewmodel-release.aar (androidx.lifecycle:lifecycle-viewmodel-android:2.8.1) with AarToClassTransform
Transforming lifecycle-common-jvm-2.8.1.jar (androidx.lifecycle:lifecycle-common-jvm:2.8.1) with IdentityTransform
Transforming lifecycle-viewmodel-ktx-2.8.1.aar (androidx.lifecycle:lifecycle-viewmodel-ktx:2.8.1) with AarToClassTransform
Transforming lifecycle-runtime-compose-release.aar (androidx.lifecycle:lifecycle-runtime-compose-android:2.8.1) with AarToClassTransform
Transforming lifecycle-viewmodel-compose-release.aar (androidx.lifecycle:lifecycle-viewmodel-compose-android:2.8.1) with AarToClassTransform
Transforming lifecycle-viewmodel-savedstate-2.8.1.aar (androidx.lifecycle:lifecycle-viewmodel-savedstate:2.8.1) with AarToClassTransform
Transforming core-ktx-1.13.1.aar (androidx.core:core-ktx:1.13.1) with AarToClassTransform
Transforming material3-release.aar (androidx.compose.material3:material3-android:1.2.1) with AarToClassTransform
Transforming foundation-layout-release.aar (androidx.compose.foundation:foundation-layout-android:1.6.8) with AarToClassTransform
Transforming material-icons-core-release.aar (androidx.compose.material:material-icons-core-android:1.6.8) with AarToClassTransform
Transforming material-ripple-release.aar (androidx.compose.material:material-ripple-android:1.6.8) with AarToClassTransform
Transforming foundation-release.aar (androidx.compose.foundation:foundation-android:1.6.8) with AarToClassTransform
Transforming animation-core-release.aar (androidx.compose.animation:animation-core-android:1.6.8) with AarToClassTransform
Transforming animation-release.aar (androidx.compose.animation:animation-android:1.6.8) with AarToClassTransform
Transforming ui-util-release.aar (androidx.compose.ui:ui-util-android:1.6.8) with AarToClassTransform
Transforming ui-unit-release.aar (androidx.compose.ui:ui-unit-android:1.6.8) with AarToClassTransform
Transforming ui-text-release.aar (androidx.compose.ui:ui-text-android:1.6.8) with AarToClassTransform
Transforming ui-graphics-release.aar (androidx.compose.ui:ui-graphics-android:1.6.8) with AarToClassTransform
Transforming ui-geometry-release.aar (androidx.compose.ui:ui-geometry-android:1.6.8) with AarToClassTransform
Transforming ui-tooling-data-release.aar (androidx.compose.ui:ui-tooling-data-android:1.6.8) with AarToClassTransform
Transforming ui-tooling-preview-release.aar (androidx.compose.ui:ui-tooling-preview-android:1.6.8) with AarToClassTransform
Transforming ui-release.aar (androidx.compose.ui:ui-android:1.6.8) with AarToClassTransform
Transforming ui-tooling-release.aar (androidx.compose.ui:ui-tooling-android:1.6.8) with AarToClassTransform
Transforming runtime-saveable-release.aar (androidx.compose.runtime:runtime-saveable-android:1.6.8) with AarToClassTransform
Transforming runtime-release.aar (androidx.compose.runtime:runtime-android:1.6.8) with AarToClassTransform
Transforming annotation-experimental-1.4.0.aar (androidx.annotation:annotation-experimental:1.4.0) with AarToClassTransform
Transforming kotlinx-coroutines-core-jvm-1.8.1.jar (org.jetbrains.kotlinx:kotlinx-coroutines-core-jvm:1.8.1) with IdentityTransform
Transforming kotlinx-coroutines-android-1.8.1.jar (org.jetbrains.kotlinx:kotlinx-coroutines-android:1.8.1) with IdentityTransform
Transforming converter-moshi-2.11.0.jar (com.squareup.retrofit2:converter-moshi:2.11.0) with IdentityTransform
Transforming security-crypto-1.1.0-alpha06.aar (androidx.security:security-crypto:1.1.0-alpha06) with AarToClassTransform
Transforming retrofit-2.11.0.jar (com.squareup.retrofit2:retrofit:2.11.0) with IdentityTransform
Transforming cardview-1.0.0.aar (androidx.cardview:cardview:1.0.0) with AarToClassTransform
Transforming versionedparcelable-1.1.1.aar (androidx.versionedparcelable:versionedparcelable:1.1.1) with AarToClassTransform
Transforming savedstate-ktx-1.2.1.aar (androidx.savedstate:savedstate-ktx:1.2.1) with AarToClassTransform
Transforming savedstate-1.2.1.aar (androidx.savedstate:savedstate:1.2.1) with AarToClassTransform
Transforming cursoradapter-1.0.0.aar (androidx.cursoradapter:cursoradapter:1.0.0) with AarToClassTransform
Transforming core-runtime-2.2.0.aar (androidx.arch.core:core-runtime:2.2.0) with AarToClassTransform
Transforming documentfile-1.0.0.aar (androidx.documentfile:documentfile:1.0.0) with AarToClassTransform
Transforming localbroadcastmanager-1.0.0.aar (androidx.localbroadcastmanager:localbroadcastmanager:1.0.0) with AarToClassTransform
Transforming print-1.0.0.aar (androidx.print:print:1.0.0) with AarToClassTransform
Transforming interpolator-1.0.0.aar (androidx.interpolator:interpolator:1.0.0) with AarToClassTransform
Transforming startup-runtime-1.1.1.aar (androidx.startup:startup-runtime:1.1.1) with AarToClassTransform
Transforming kotlin-stdlib-jdk8-1.8.22.jar (org.jetbrains.kotlin:kotlin-stdlib-jdk8:1.8.22) with IdentityTransform
Transforming moshi-1.15.1.jar (com.squareup.moshi:moshi:1.15.1) with IdentityTransform
Transforming collection-jvm-1.4.0.jar (androidx.collection:collection-jvm:1.4.0) with IdentityTransform
Transforming core-common-2.2.0.jar (androidx.arch.core:core-common:2.2.0) with IdentityTransform
Transforming annotation-jvm-1.8.0.jar (androidx.annotation:annotation-jvm:1.8.0) with IdentityTransform
Transforming kotlin-reflect-1.8.22.jar (org.jetbrains.kotlin:kotlin-reflect:1.8.22) with IdentityTransform
Transforming listenablefuture-1.0.jar (com.google.guava:listenablefuture:1.0) with IdentityTransform
Transforming resourceinspection-annotation-1.0.1.jar (androidx.resourceinspection:resourceinspection-annotation:1.0.1) with IdentityTransform
Transforming constraintlayout-solver-2.0.1.jar (androidx.constraintlayout:constraintlayout-solver:2.0.1) with IdentityTransform
Transforming moshi-kotlin-1.15.1.jar (com.squareup.moshi:moshi-kotlin:1.15.1) with IdentityTransform
Transforming okhttp-4.12.0.jar (com.squareup.okhttp3:okhttp:4.12.0) with IdentityTransform
Transforming annotations-23.0.0.jar (org.jetbrains:annotations:23.0.0) with IdentityTransform
Transforming okio-jvm-3.7.0.jar (com.squareup.okio:okio-jvm:3.7.0) with IdentityTransform
Transforming kotlin-stdlib-jdk7-1.8.22.jar (org.jetbrains.kotlin:kotlin-stdlib-jdk7:1.8.22) with IdentityTransform
Transforming kotlin-stdlib-1.9.24.jar (org.jetbrains.kotlin:kotlin-stdlib:1.9.24) with IdentityTransform
Transforming R.jar with ClasspathEntrySnapshotTransform
Transforming navigation-common-2.7.7-api.jar with ClasspathEntrySnapshotTransform
Transforming navigation-runtime-2.7.7-api.jar with ClasspathEntrySnapshotTransform
Transforming navigation-common-ktx-2.7.7-api.jar with ClasspathEntrySnapshotTransform
Transforming navigation-runtime-ktx-2.7.7-api.jar with ClasspathEntrySnapshotTransform
Transforming navigation-compose-2.7.7-api.jar with ClasspathEntrySnapshotTransform
Transforming material-1.12.0-api.jar with ClasspathEntrySnapshotTransform
Transforming constraintlayout-2.0.1-api.jar with ClasspathEntrySnapshotTransform
Transforming appcompat-1.6.1-api.jar with ClasspathEntrySnapshotTransform
Transforming viewpager2-1.0.0-api.jar with ClasspathEntrySnapshotTransform
Transforming fragment-1.3.6-api.jar with ClasspathEntrySnapshotTransform
Transforming activity-1.9.0-api.jar with ClasspathEntrySnapshotTransform
Transforming activity-compose-1.9.0-api.jar with ClasspathEntrySnapshotTransform
Transforming activity-ktx-1.9.0-api.jar with ClasspathEntrySnapshotTransform
Transforming work-runtime-ktx-2.9.0-api.jar with ClasspathEntrySnapshotTransform
Transforming work-runtime-2.9.0-api.jar with ClasspathEntrySnapshotTransform
Transforming coordinatorlayout-1.1.0-api.jar with ClasspathEntrySnapshotTransform
Transforming drawerlayout-1.1.1-api.jar with ClasspathEntrySnapshotTransform
Transforming dynamicanimation-1.0.0-api.jar with ClasspathEntrySnapshotTransform
Transforming recyclerview-1.1.0-api.jar with ClasspathEntrySnapshotTransform
Transforming transition-1.5.0-api.jar with ClasspathEntrySnapshotTransform
Transforming appcompat-resources-1.6.1-api.jar with ClasspathEntrySnapshotTransform
Transforming vectordrawable-animated-1.1.0-api.jar with ClasspathEntrySnapshotTransform
Transforming vectordrawable-1.1.0-api.jar with ClasspathEntrySnapshotTransform
Transforming viewpager-1.0.0-api.jar with ClasspathEntrySnapshotTransform
Transforming customview-1.1.0-api.jar with ClasspathEntrySnapshotTransform
Transforming legacy-support-core-utils-1.0.0-api.jar with ClasspathEntrySnapshotTransform
Transforming loader-1.0.0-api.jar with ClasspathEntrySnapshotTransform
Transforming core-1.13.1-api.jar with ClasspathEntrySnapshotTransform
Transforming lifecycle-livedata-core-ktx-2.8.1-api.jar with ClasspathEntrySnapshotTransform
Transforming lifecycle-common-jvm-2.8.1.jar with ClasspathEntrySnapshotTransform
Transforming lifecycle-runtime-ktx-release-api.jar with ClasspathEntrySnapshotTransform
Transforming lifecycle-runtime-release-api.jar with ClasspathEntrySnapshotTransform
Transforming lifecycle-livedata-core-2.8.1-api.jar with ClasspathEntrySnapshotTransform
Transforming lifecycle-livedata-2.8.1-api.jar with ClasspathEntrySnapshotTransform
Transforming lifecycle-viewmodel-2.8.1-api.jar with ClasspathEntrySnapshotTransform
Transforming lifecycle-viewmodel-release-api.jar with ClasspathEntrySnapshotTransform
Transforming lifecycle-viewmodel-ktx-2.8.1-api.jar with ClasspathEntrySnapshotTransform
Transforming lifecycle-runtime-compose-release-api.jar with ClasspathEntrySnapshotTransform
Transforming lifecycle-viewmodel-compose-release-api.jar with ClasspathEntrySnapshotTransform
Transforming lifecycle-viewmodel-savedstate-2.8.1-api.jar with ClasspathEntrySnapshotTransform
Transforming core-ktx-1.13.1-api.jar with ClasspathEntrySnapshotTransform
Transforming material3-release-api.jar with ClasspathEntrySnapshotTransform
Transforming foundation-layout-release-api.jar with ClasspathEntrySnapshotTransform
Transforming material-icons-core-release-api.jar with ClasspathEntrySnapshotTransform
Transforming material-ripple-release-api.jar with ClasspathEntrySnapshotTransform
Transforming foundation-release-api.jar with ClasspathEntrySnapshotTransform
Transforming animation-core-release-api.jar with ClasspathEntrySnapshotTransform
Transforming animation-release-api.jar with ClasspathEntrySnapshotTransform
Transforming ui-util-release-api.jar with ClasspathEntrySnapshotTransform
Transforming ui-unit-release-api.jar with ClasspathEntrySnapshotTransform
Transforming ui-text-release-api.jar with ClasspathEntrySnapshotTransform
Transforming ui-graphics-release-api.jar with ClasspathEntrySnapshotTransform
Transforming ui-geometry-release-api.jar with ClasspathEntrySnapshotTransform
Transforming ui-tooling-data-release-api.jar with ClasspathEntrySnapshotTransform
Transforming ui-tooling-preview-release-api.jar with ClasspathEntrySnapshotTransform
Transforming ui-release-api.jar with ClasspathEntrySnapshotTransform
Transforming ui-tooling-release-api.jar with ClasspathEntrySnapshotTransform
Transforming runtime-saveable-release-api.jar with ClasspathEntrySnapshotTransform
Transforming runtime-release-api.jar with ClasspathEntrySnapshotTransform
Transforming kotlinx-coroutines-core-jvm-1.8.1.jar with ClasspathEntrySnapshotTransform
Transforming kotlinx-coroutines-android-1.8.1.jar with ClasspathEntrySnapshotTransform
Transforming annotation-experimental-1.4.0-api.jar with ClasspathEntrySnapshotTransform
Transforming converter-moshi-2.11.0.jar with ClasspathEntrySnapshotTransform
Transforming retrofit-2.11.0.jar with ClasspathEntrySnapshotTransform
Transforming okhttp-4.12.0.jar with ClasspathEntrySnapshotTransform
Transforming moshi-kotlin-1.15.1.jar with ClasspathEntrySnapshotTransform
Transforming moshi-1.15.1.jar with ClasspathEntrySnapshotTransform
Transforming kotlin-stdlib-jdk8-1.8.22.jar with ClasspathEntrySnapshotTransform
Transforming kotlin-reflect-1.8.22.jar with ClasspathEntrySnapshotTransform
Transforming security-crypto-1.1.0-alpha06-api.jar with ClasspathEntrySnapshotTransform
Transforming cardview-1.0.0-api.jar with ClasspathEntrySnapshotTransform
Transforming versionedparcelable-1.1.1-api.jar with ClasspathEntrySnapshotTransform
Transforming savedstate-ktx-1.2.1-api.jar with ClasspathEntrySnapshotTransform
Transforming savedstate-1.2.1-api.jar with ClasspathEntrySnapshotTransform
Transforming cursoradapter-1.0.0-api.jar with ClasspathEntrySnapshotTransform
Transforming core-runtime-2.2.0-api.jar with ClasspathEntrySnapshotTransform
Transforming collection-jvm-1.4.0.jar with ClasspathEntrySnapshotTransform
Transforming documentfile-1.0.0-api.jar with ClasspathEntrySnapshotTransform
Transforming localbroadcastmanager-1.0.0-api.jar with ClasspathEntrySnapshotTransform
Transforming print-1.0.0-api.jar with ClasspathEntrySnapshotTransform
Transforming core-common-2.2.0.jar with ClasspathEntrySnapshotTransform
Transforming interpolator-1.0.0-api.jar with ClasspathEntrySnapshotTransform
Transforming annotation-jvm-1.8.0.jar with ClasspathEntrySnapshotTransform
Transforming okio-jvm-3.7.0.jar with ClasspathEntrySnapshotTransform
Transforming kotlin-stdlib-jdk7-1.8.22.jar with ClasspathEntrySnapshotTransform
Transforming kotlin-stdlib-1.9.24.jar with ClasspathEntrySnapshotTransform
Transforming annotations-23.0.0.jar with ClasspathEntrySnapshotTransform
Transforming listenablefuture-1.0.jar with ClasspathEntrySnapshotTransform
Transforming startup-runtime-1.1.1-api.jar with ClasspathEntrySnapshotTransform
Transforming resourceinspection-annotation-1.0.1.jar with ClasspathEntrySnapshotTransform
Transforming constraintlayout-solver-2.0.1.jar with ClasspathEntrySnapshotTransform
Transforming android.jar with ClasspathEntrySnapshotTransform
Transforming core-lambda-stubs.jar with ClasspathEntrySnapshotTransform
Caching disabled for task ':app:compileDebugKotlin' because:
  Build cache is disabled
Task ':app:compileDebugKotlin' is not up-to-date because:
  Task has failed previously.
The input changes require a full rebuild for incremental task ':app:compileDebugKotlin'.
file or directory 'C:\Users\james.DESKTOP-Q8VOBFS\Documents\Development\signal-synthesis\app\src\debug\kotlin', not found
file or directory 'C:\Users\james.DESKTOP-Q8VOBFS\Documents\Development\signal-synthesis\app\src\debug\kotlin', not found
file or directory 'C:\Users\james.DESKTOP-Q8VOBFS\Documents\Development\signal-synthesis\app\src\debug\java', not found
file or directory 'C:\Users\james.DESKTOP-Q8VOBFS\Documents\Development\signal-synthesis\app\src\debug\kotlin', not found
file or directory 'C:\Users\james.DESKTOP-Q8VOBFS\Documents\Development\signal-synthesis\app\src\debug\java', not found
file or directory 'C:\Users\james.DESKTOP-Q8VOBFS\Documents\Development\signal-synthesis\app\src\main\kotlin', not found
file or directory 'C:\Users\james.DESKTOP-Q8VOBFS\Documents\Development\signal-synthesis\app\src\main\kotlin', not found
file or directory 'C:\Users\james.DESKTOP-Q8VOBFS\Documents\Development\signal-synthesis\app\src\main\kotlin', not found
file or directory 'C:\Users\james.DESKTOP-Q8VOBFS\Documents\Development\signal-synthesis\app\src\debug\java', not found
file or directory 'C:\Users\james.DESKTOP-Q8VOBFS\Documents\Development\signal-synthesis\app\src\debug\kotlin', not found
file or directory 'C:\Users\james.DESKTOP-Q8VOBFS\Documents\Development\signal-synthesis\app\src\debug\kotlin', not found
file or directory 'C:\Users\james.DESKTOP-Q8VOBFS\Documents\Development\signal-synthesis\app\src\debug\java', not found
file or directory 'C:\Users\james.DESKTOP-Q8VOBFS\Documents\Development\signal-synthesis\app\src\debug\kotlin', not found
file or directory 'C:\Users\james.DESKTOP-Q8VOBFS\Documents\Development\signal-synthesis\app\src\debug\java', not found
file or directory 'C:\Users\james.DESKTOP-Q8VOBFS\Documents\Development\signal-synthesis\app\src\main\kotlin', not found
file or directory 'C:\Users\james.DESKTOP-Q8VOBFS\Documents\Development\signal-synthesis\app\src\main\kotlin', not found
file or directory 'C:\Users\james.DESKTOP-Q8VOBFS\Documents\Development\signal-synthesis\app\src\debug\kotlin', not found
file or directory 'C:\Users\james.DESKTOP-Q8VOBFS\Documents\Development\signal-synthesis\app\src\debug\kotlin', not found
file or directory 'C:\Users\james.DESKTOP-Q8VOBFS\Documents\Development\signal-synthesis\app\src\debug\java', not found
file or directory 'C:\Users\james.DESKTOP-Q8VOBFS\Documents\Development\signal-synthesis\app\src\debug\kotlin', not found
file or directory 'C:\Users\james.DESKTOP-Q8VOBFS\Documents\Development\signal-synthesis\app\src\debug\java', not found
file or directory 'C:\Users\james.DESKTOP-Q8VOBFS\Documents\Development\signal-synthesis\app\src\main\kotlin', not found
file or directory 'C:\Users\james.DESKTOP-Q8VOBFS\Documents\Development\signal-synthesis\app\src\main\kotlin', not found
file or directory 'C:\Users\james.DESKTOP-Q8VOBFS\Documents\Development\signal-synthesis\app\src\main\kotlin', not found
file or directory 'C:\Users\james.DESKTOP-Q8VOBFS\Documents\Development\signal-synthesis\app\src\debug\java', not found
file or directory 'C:\Users\james.DESKTOP-Q8VOBFS\Documents\Development\signal-synthesis\app\src\debug\kotlin', not found
file or directory 'C:\Users\james.DESKTOP-Q8VOBFS\Documents\Development\signal-synthesis\app\src\debug\kotlin', not found
file or directory 'C:\Users\james.DESKTOP-Q8VOBFS\Documents\Development\signal-synthesis\app\src\debug\java', not found
file or directory 'C:\Users\james.DESKTOP-Q8VOBFS\Documents\Development\signal-synthesis\app\src\debug\kotlin', not found
file or directory 'C:\Users\james.DESKTOP-Q8VOBFS\Documents\Development\signal-synthesis\app\src\debug\java', not found
file or directory 'C:\Users\james.DESKTOP-Q8VOBFS\Documents\Development\signal-synthesis\app\src\main\kotlin', not found
file or directory 'C:\Users\james.DESKTOP-Q8VOBFS\Documents\Development\signal-synthesis\app\src\main\kotlin', not found
file or directory 'C:\Users\james.DESKTOP-Q8VOBFS\Documents\Development\signal-synthesis\app\src\main\kotlin', not found
file or directory 'C:\Users\james.DESKTOP-Q8VOBFS\Documents\Development\signal-synthesis\app\src\debug\java', not found
file or directory 'C:\Users\james.DESKTOP-Q8VOBFS\Documents\Development\signal-synthesis\app\src\debug\kotlin', not found
file or directory 'C:\Users\james.DESKTOP-Q8VOBFS\Documents\Development\signal-synthesis\app\src\debug\kotlin', not found
file or directory 'C:\Users\james.DESKTOP-Q8VOBFS\Documents\Development\signal-synthesis\app\src\debug\java', not found
file or directory 'C:\Users\james.DESKTOP-Q8VOBFS\Documents\Development\signal-synthesis\app\src\debug\kotlin', not found
file or directory 'C:\Users\james.DESKTOP-Q8VOBFS\Documents\Development\signal-synthesis\app\src\debug\java', not found
file or directory 'C:\Users\james.DESKTOP-Q8VOBFS\Documents\Development\signal-synthesis\app\src\main\kotlin', not found
file or directory 'C:\Users\james.DESKTOP-Q8VOBFS\Documents\Development\signal-synthesis\app\src\main\kotlin', not found
file or directory 'C:\Users\james.DESKTOP-Q8VOBFS\Documents\Development\signal-synthesis\app\src\main\kotlin', not found
file or directory 'C:\Users\james.DESKTOP-Q8VOBFS\Documents\Development\signal-synthesis\app\src\debug\java', not found
Kotlin source files: C:\Users\james.DESKTOP-Q8VOBFS\Documents\Development\signal-synthesis\app\src\main\java\com\polaralias\signalsynthesis\data\ai\OpenAiLlmClient.kt, C:\Users\james.DESKTOP-Q8VOBFS\Documents\Development\signal-synthesis\app\src\main\java\com\polaralias\signalsynthesis\data\ai\OpenAiService.kt, C:\Users\james.DESKTOP-Q8VOBFS\Documents\Development\signal-synthesis\app\src\main\java\com\polaralias\signalsynthesis\data\alerts\AlertSettings.kt, C:\Users\james.DESKTOP-Q8VOBFS\Documents\Development\signal-synthesis\app\src\main\java\com\polaralias\signalsynthesis\data\alerts\MarketAlertWorker.kt, C:\Users\james.DESKTOP-Q8VOBFS\Documents\Development\signal-synthesis\app\src\main\java\com\polaralias\signalsynthesis\data\cache\TimedCache.kt, C:\Users\james.DESKTOP-Q8VOBFS\Documents\Development\signal-synthesis\app\src\main\java\com\polaralias\signalsynthesis\data\provider\alpaca\AlpacaMarketDataProvider.kt, C:\Users\james.DESKTOP-Q8VOBFS\Documents\Development\signal-synthesis\app\src\main\java\com\polaralias\signalsynthesis\data\provider\alpaca\AlpacaService.kt, C:\Users\james.DESKTOP-Q8VOBFS\Documents\Development\signal-synthesis\app\src\main\java\com\polaralias\signalsynthesis\data\provider\ApiKeys.kt, C:\Users\james.DESKTOP-Q8VOBFS\Documents\Development\signal-synthesis\app\src\main\java\com\polaralias\signalsynthesis\data\provider\finnhub\FinnhubMarketDataProvider.kt, C:\Users\james.DESKTOP-Q8VOBFS\Documents\Development\signal-synthesis\app\src\main\java\com\polaralias\signalsynthesis\data\provider\finnhub\FinnhubService.kt, C:\Users\james.DESKTOP-Q8VOBFS\Documents\Development\signal-synthesis\app\src\main\java\com\polaralias\signalsynthesis\data\provider\fmp\FmpMarketDataProvider.kt, C:\Users\james.DESKTOP-Q8VOBFS\Documents\Development\signal-synthesis\app\src\main\java\com\polaralias\signalsynthesis\data\provider\fmp\FmpService.kt, C:\Users\james.DESKTOP-Q8VOBFS\Documents\Development\signal-synthesis\app\src\main\java\com\polaralias\signalsynthesis\data\provider\MockMarketDataProvider.kt, C:\Users\james.DESKTOP-Q8VOBFS\Documents\Development\signal-synthesis\app\src\main\java\com\polaralias\signalsynthesis\data\provider\polygon\PolygonMarketDataProvider.kt, C:\Users\james.DESKTOP-Q8VOBFS\Documents\Development\signal-synthesis\app\src\main\java\com\polaralias\signalsynthesis\data\provider\polygon\PolygonService.kt, C:\Users\james.DESKTOP-Q8VOBFS\Documents\Development\signal-synthesis\app\src\main\java\com\polaralias\signalsynthesis\data\provider\ProviderBundle.kt, C:\Users\james.DESKTOP-Q8VOBFS\Documents\Development\signal-synthesis\app\src\main\java\com\polaralias\signalsynthesis\data\provider\ProviderFactory.kt, C:\Users\james.DESKTOP-Q8VOBFS\Documents\Development\signal-synthesis\app\src\main\java\com\polaralias\signalsynthesis\data\repository\MarketDataRepository.kt, C:\Users\james.DESKTOP-Q8VOBFS\Documents\Development\signal-synthesis\app\src\main\java\com\polaralias\signalsynthesis\data\storage\AlertSettingsStore.kt, C:\Users\james.DESKTOP-Q8VOBFS\Documents\Development\signal-synthesis\app\src\main\java\com\polaralias\signalsynthesis\data\storage\ApiKeyStore.kt, C:\Users\james.DESKTOP-Q8VOBFS\Documents\Development\signal-synthesis\app\src\main\java\com\polaralias\signalsynthesis\data\worker\WorkScheduler.kt, C:\Users\james.DESKTOP-Q8VOBFS\Documents\Development\signal-synthesis\app\src\main\java\com\polaralias\signalsynthesis\domain\ai\LlmClient.kt, C:\Users\james.DESKTOP-Q8VOBFS\Documents\Development\signal-synthesis\app\src\main\java\com\polaralias\signalsynthesis\domain\indicators\AtrIndicator.kt, C:\Users\james.DESKTOP-Q8VOBFS\Documents\Development\signal-synthesis\app\src\main\java\com\polaralias\signalsynthesis\domain\indicators\RsiIndicator.kt, C:\Users\james.DESKTOP-Q8VOBFS\Documents\Development\signal-synthesis\app\src\main\java\com\polaralias\signalsynthesis\domain\indicators\SmaIndicator.kt, C:\Users\james.DESKTOP-Q8VOBFS\Documents\Development\signal-synthesis\app\src\main\java\com\polaralias\signalsynthesis\domain\indicators\VwapIndicator.kt, C:\Users\james.DESKTOP-Q8VOBFS\Documents\Development\signal-synthesis\app\src\main\java\com\polaralias\signalsynthesis\domain\model\AiSynthesis.kt, C:\Users\james.DESKTOP-Q8VOBFS\Documents\Development\signal-synthesis\app\src\main\java\com\polaralias\signalsynthesis\domain\model\AnalysisResult.kt, C:\Users\james.DESKTOP-Q8VOBFS\Documents\Development\signal-synthesis\app\src\main\java\com\polaralias\signalsynthesis\domain\model\CompanyProfile.kt, C:\Users\james.DESKTOP-Q8VOBFS\Documents\Development\signal-synthesis\app\src\main\java\com\polaralias\signalsynthesis\domain\model\DailyBar.kt, C:\Users\james.DESKTOP-Q8VOBFS\Documents\Development\signal-synthesis\app\src\main\java\com\polaralias\signalsynthesis\domain\model\EodStats.kt, C:\Users\james.DESKTOP-Q8VOBFS\Documents\Development\signal-synthesis\app\src\main\java\com\polaralias\signalsynthesis\domain\model\FinancialMetrics.kt, C:\Users\james.DESKTOP-Q8VOBFS\Documents\Development\signal-synthesis\app\src\main\java\com\polaralias\signalsynthesis\domain\model\IntradayBar.kt, C:\Users\james.DESKTOP-Q8VOBFS\Documents\Development\signal-synthesis\app\src\main\java\com\polaralias\signalsynthesis\domain\model\IntradayStats.kt, C:\Users\james.DESKTOP-Q8VOBFS\Documents\Development\signal-synthesis\app\src\main\java\com\polaralias\signalsynthesis\domain\model\Quote.kt, C:\Users\james.DESKTOP-Q8VOBFS\Documents\Development\signal-synthesis\app\src\main\java\com\polaralias\signalsynthesis\domain\model\SentimentData.kt, C:\Users\james.DESKTOP-Q8VOBFS\Documents\Development\signal-synthesis\app\src\main\java\com\polaralias\signalsynthesis\domain\model\TradeSetup.kt, C:\Users\james.DESKTOP-Q8VOBFS\Documents\Development\signal-synthesis\app\src\main\java\com\polaralias\signalsynthesis\domain\model\TradingIntent.kt, C:\Users\james.DESKTOP-Q8VOBFS\Documents\Development\signal-synthesis\app\src\main\java\com\polaralias\signalsynthesis\domain\provider\DailyProvider.kt, C:\Users\james.DESKTOP-Q8VOBFS\Documents\Development\signal-synthesis\app\src\main\java\com\polaralias\signalsynthesis\domain\provider\IntradayProvider.kt, C:\Users\james.DESKTOP-Q8VOBFS\Documents\Development\signal-synthesis\app\src\main\java\com\polaralias\signalsynthesis\domain\provider\MetricsProvider.kt, C:\Users\james.DESKTOP-Q8VOBFS\Documents\Development\signal-synthesis\app\src\main\java\com\polaralias\signalsynthesis\domain\provider\ProfileProvider.kt, C:\Users\james.DESKTOP-Q8VOBFS\Documents\Development\signal-synthesis\app\src\main\java\com\polaralias\signalsynthesis\domain\provider\QuoteProvider.kt, C:\Users\james.DESKTOP-Q8VOBFS\Documents\Development\signal-synthesis\app\src\main\java\com\polaralias\signalsynthesis\domain\provider\SentimentProvider.kt, C:\Users\james.DESKTOP-Q8VOBFS\Documents\Development\signal-synthesis\app\src\main\java\com\polaralias\signalsynthesis\domain\usecase\DiscoverCandidatesUseCase.kt, C:\Users\james.DESKTOP-Q8VOBFS\Documents\Development\signal-synthesis\app\src\main\java\com\polaralias\signalsynthesis\domain\usecase\EnrichContextUseCase.kt, C:\Users\james.DESKTOP-Q8VOBFS\Documents\Development\signal-synthesis\app\src\main\java\com\polaralias\signalsynthesis\domain\usecase\EnrichEodUseCase.kt, C:\Users\james.DESKTOP-Q8VOBFS\Documents\Development\signal-synthesis\app\src\main\java\com\polaralias\signalsynthesis\domain\usecase\EnrichIntradayUseCase.kt, C:\Users\james.DESKTOP-Q8VOBFS\Documents\Development\signal-synthesis\app\src\main\java\com\polaralias\signalsynthesis\domain\usecase\FilterTradeableUseCase.kt, C:\Users\james.DESKTOP-Q8VOBFS\Documents\Development\signal-synthesis\app\src\main\java\com\polaralias\signalsynthesis\domain\usecase\RankSetupsUseCase.kt, C:\Users\james.DESKTOP-Q8VOBFS\Documents\Development\signal-synthesis\app\src\main\java\com\polaralias\signalsynthesis\domain\usecase\RunAnalysisUseCase.kt, C:\Users\james.DESKTOP-Q8VOBFS\Documents\Development\signal-synthesis\app\src\main\java\com\polaralias\signalsynthesis\domain\usecase\SynthesizeSetupUseCase.kt, C:\Users\james.DESKTOP-Q8VOBFS\Documents\Development\signal-synthesis\app\src\main\java\com\polaralias\signalsynthesis\MainActivity.kt, C:\Users\james.DESKTOP-Q8VOBFS\Documents\Development\signal-synthesis\app\src\main\java\com\polaralias\signalsynthesis\ui\AnalysisScreen.kt, C:\Users\james.DESKTOP-Q8VOBFS\Documents\Development\signal-synthesis\app\src\main\java\com\polaralias\signalsynthesis\ui\AnalysisUiState.kt, C:\Users\james.DESKTOP-Q8VOBFS\Documents\Development\signal-synthesis\app\src\main\java\com\polaralias\signalsynthesis\ui\AnalysisViewModel.kt, C:\Users\james.DESKTOP-Q8VOBFS\Documents\Development\signal-synthesis\app\src\main\java\com\polaralias\signalsynthesis\ui\ApiKeysScreen.kt, C:\Users\james.DESKTOP-Q8VOBFS\Documents\Development\signal-synthesis\app\src\main\java\com\polaralias\signalsynthesis\ui\ResultsScreen.kt, C:\Users\james.DESKTOP-Q8VOBFS\Documents\Development\signal-synthesis\app\src\main\java\com\polaralias\signalsynthesis\ui\SettingsScreen.kt, C:\Users\james.DESKTOP-Q8VOBFS\Documents\Development\signal-synthesis\app\src\main\java\com\polaralias\signalsynthesis\ui\SetupDetailScreen.kt, C:\Users\james.DESKTOP-Q8VOBFS\Documents\Development\signal-synthesis\app\src\main\java\com\polaralias\signalsynthesis\ui\SignalSynthesisApp.kt, C:\Users\james.DESKTOP-Q8VOBFS\Documents\Development\signal-synthesis\app\src\main\java\com\polaralias\signalsynthesis\ui\UiComponents.kt
Java source files: 
Script source files: 
Script file extensions: 
Using Kotlin/JVM incremental compilation
[KOTLIN] Kotlin compilation 'jdkHome' argument: null
i: found daemon on port 17458 (937625 ms old), trying to connect
i: connected to the daemon
Options for KOTLIN DAEMON: IncrementalCompilationOptions(super=CompilationOptions(compilerMode=INCREMENTAL_COMPILER, targetPlatform=JVM, reportCategories=[0, 3], reportSeverity=2, requestedCompilationResults=[0], kotlinScriptExtensions=[]), areFileChangesKnown=false, modifiedFiles=null, deletedFiles=null, classpathChanges=NotAvailableForNonIncrementalRun, workingDir=C:\Users\james.DESKTOP-Q8VOBFS\Documents\Development\signal-synthesis\app\build\kotlin\compileDebugKotlin\cacheable, multiModuleICSettings=MultiModuleICSettings(buildHistoryFile=C:\Users\james.DESKTOP-Q8VOBFS\Documents\Development\signal-synthesis\app\build\kotlin\compileDebugKotlin\local-state\build-history.bin, useModuleDetection=true), usePreciseJavaTracking=true, outputFiles=[C:\Users\james.DESKTOP-Q8VOBFS\Documents\Development\signal-synthesis\app\build\tmp\kotlin-classes\debug, C:\Users\james.DESKTOP-Q8VOBFS\Documents\Development\signal-synthesis\app\build\kotlin\compileDebugKotlin\cacheable, C:\Users\james.DESKTOP-Q8VOBFS\Documents\Development\signal-synthesis\app\build\kotlin\compileDebugKotlin\local-state])
Resolve mutations for :app:compileDebugJavaWithJavac (Thread[#301,Execution worker Thread 3,5,main]) started.
:app:compileDebugJavaWithJavac (Thread[#301,Execution worker Thread 3,5,main]) started.

> Task :app:compileDebugJavaWithJavac NO-SOURCE
Skipping task ':app:compileDebugJavaWithJavac' as it has no source files and no previous output files.
Resolve mutations for :app:bundleDebugClassesToRuntimeJar (Thread[#301,Execution worker Thread 3,5,main]) started.
:app:bundleDebugClassesToRuntimeJar (Thread[#301,Execution worker Thread 3,5,main]) started.
Resolve mutations for :app:bundleDebugClassesToCompileJar (Thread[#304,Execution worker Thread 6,5,main]) started.
:app:bundleDebugClassesToCompileJar (Thread[#304,Execution worker Thread 6,5,main]) started.
Resolve mutations for :app:processDebugJavaRes (Thread[#299,Execution worker,5,main]) started.
:app:processDebugJavaRes (Thread[#299,Execution worker,5,main]) started.

> Task :app:processDebugJavaRes
Deleting stale output file: C:\Users\james.DESKTOP-Q8VOBFS\Documents\Development\signal-synthesis\app\build\intermediates\java_res\debug\processDebugJavaRes\out
file or directory 'C:\Users\james.DESKTOP-Q8VOBFS\Documents\Development\signal-synthesis\app\src\main\resources', not found
file or directory 'C:\Users\james.DESKTOP-Q8VOBFS\Documents\Development\signal-synthesis\app\src\debug\resources', not found
file or directory 'C:\Users\james.DESKTOP-Q8VOBFS\Documents\Development\signal-synthesis\app\src\main\resources', not found
file or directory 'C:\Users\james.DESKTOP-Q8VOBFS\Documents\Development\signal-synthesis\app\src\debug\resources', not found
Caching disabled for task ':app:processDebugJavaRes' because:
  Build cache is disabled
Task ':app:processDebugJavaRes' is not up-to-date because:
  No history is available.
file or directory 'C:\Users\james.DESKTOP-Q8VOBFS\Documents\Development\signal-synthesis\app\src\main\resources', not found
file or directory 'C:\Users\james.DESKTOP-Q8VOBFS\Documents\Development\signal-synthesis\app\src\debug\resources', not found
file or directory 'C:\Users\james.DESKTOP-Q8VOBFS\Documents\Development\signal-synthesis\app\src\main\resources', not found
file or directory 'C:\Users\james.DESKTOP-Q8VOBFS\Documents\Development\signal-synthesis\app\src\debug\resources', not found
work action resolve out (project :app) (Thread[#299,Execution worker,5,main]) started.

> Task :app:bundleDebugClassesToCompileJar
Caching disabled for task ':app:bundleDebugClassesToCompileJar' because:
  Build cache is disabled
Task ':app:bundleDebugClassesToCompileJar' is not up-to-date because:
  No history is available.
file or directory 'C:\Users\james.DESKTOP-Q8VOBFS\Documents\Development\signal-synthesis\app\build\intermediates\javac\debug\compileDebugJavaWithJavac\classes', not found
work action resolve classes.jar (project :app) (Thread[#304,Execution worker Thread 6,5,main]) started.
Resolve mutations for :app:compileDebugUnitTestKotlin (Thread[#304,Execution worker Thread 6,5,main]) started.
:app:compileDebugUnitTestKotlin (Thread[#304,Execution worker Thread 6,5,main]) started.

> Task :app:bundleDebugClassesToRuntimeJar
Caching disabled for task ':app:bundleDebugClassesToRuntimeJar' because:
  Build cache is disabled
Task ':app:bundleDebugClassesToRuntimeJar' is not up-to-date because:
  No history is available.
work action resolve classes.jar (project :app) (Thread[#301,Execution worker Thread 3,5,main]) started.

> Task :app:compileDebugUnitTestKotlin
Resource missing. [HTTP GET: https://dl.google.com/dl/android/maven2/org/jetbrains/kotlinx/kotlinx-coroutines-test/1.8.1/kotlinx-coroutines-test-1.8.1.pom]
Downloading https://repo.maven.apache.org/maven2/org/jetbrains/kotlinx/kotlinx-coroutines-test/1.8.1/kotlinx-coroutines-test-1.8.1.pom to C:\Users\james.DESKTOP-Q8VOBFS\.gradle\.tmp\gradle_download15659498814931340930bin
Downloading https://repo.maven.apache.org/maven2/org/jetbrains/kotlinx/kotlinx-coroutines-test/1.8.1/kotlinx-coroutines-test-1.8.1.module to C:\Users\james.DESKTOP-Q8VOBFS\.gradle\.tmp\gradle_download18095840376483924749bin
Resource missing. [HTTP GET: https://dl.google.com/dl/android/maven2/org/jetbrains/kotlinx/kotlinx-coroutines-test-jvm/1.8.1/kotlinx-coroutines-test-jvm-1.8.1.pom]
Downloading https://repo.maven.apache.org/maven2/org/jetbrains/kotlinx/kotlinx-coroutines-test-jvm/1.8.1/kotlinx-coroutines-test-jvm-1.8.1.pom to C:\Users\james.DESKTOP-Q8VOBFS\.gradle\.tmp\gradle_download5842409799210882744bin
Downloading https://repo.maven.apache.org/maven2/org/jetbrains/kotlinx/kotlinx-coroutines-test-jvm/1.8.1/kotlinx-coroutines-test-jvm-1.8.1.module to C:\Users\james.DESKTOP-Q8VOBFS\.gradle\.tmp\gradle_download16372309073432332591bin
Downloading https://repo.maven.apache.org/maven2/org/jetbrains/kotlinx/kotlinx-coroutines-test-jvm/1.8.1/kotlinx-coroutines-test-jvm-1.8.1.jar to C:\Users\james.DESKTOP-Q8VOBFS\.gradle\.tmp\gradle_download4272864978908534541bin
Downloading https://repo.maven.apache.org/maven2/org/hamcrest/hamcrest-core/1.3/hamcrest-core-1.3.jar to C:\Users\james.DESKTOP-Q8VOBFS\.gradle\.tmp\gradle_download2503486999502168567bin
Downloading https://repo.maven.apache.org/maven2/junit/junit/4.13.2/junit-4.13.2.jar to C:\Users\james.DESKTOP-Q8VOBFS\.gradle\.tmp\gradle_download2997167610207653570bin
Transforming hamcrest-core-1.3.jar (org.hamcrest:hamcrest-core:1.3) with IdentityTransform
Caching disabled for IdentityTransform: C:\Users\james.DESKTOP-Q8VOBFS\.gradle\caches\modules-2\files-2.1\org.hamcrest\hamcrest-core\1.3\42a25dc3219429f0e5d060061f71acb49bf010a0\hamcrest-core-1.3.jar because:
  Build cache is disabled
Transforming kotlinx-coroutines-test-jvm-1.8.1.jar (org.jetbrains.kotlinx:kotlinx-coroutines-test-jvm:1.8.1) with IdentityTransform
Transforming junit-4.13.2.jar (junit:junit:4.13.2) with IdentityTransform
Caching disabled for IdentityTransform: C:\Users\james.DESKTOP-Q8VOBFS\.gradle\caches\modules-2\files-2.1\org.jetbrains.kotlinx\kotlinx-coroutines-test-jvm\1.8.1\3265a39680512dc93d5b39716d9aaff025833218\kotlinx-coroutines-test-jvm-1.8.1.jar because:
  Build cache is disabled
Caching disabled for IdentityTransform: C:\Users\james.DESKTOP-Q8VOBFS\.gradle\caches\modules-2\files-2.1\junit\junit\4.13.2\8ac9e16d933b6fb43bc7f576336b8f4d7eb5ba12\junit-4.13.2.jar because:
  Build cache is disabled
Transforming R.jar with ClasspathEntrySnapshotTransform
Transforming classes.jar with ClasspathEntrySnapshotTransform
Transforming navigation-common-2.7.7-api.jar with ClasspathEntrySnapshotTransform
Transforming navigation-runtime-2.7.7-api.jar with ClasspathEntrySnapshotTransform
Transforming navigation-common-ktx-2.7.7-api.jar with ClasspathEntrySnapshotTransform
Transforming navigation-runtime-ktx-2.7.7-api.jar with ClasspathEntrySnapshotTransform
Transforming navigation-compose-2.7.7-api.jar with ClasspathEntrySnapshotTransform
Transforming material-1.12.0-api.jar with ClasspathEntrySnapshotTransform
Transforming constraintlayout-2.0.1-api.jar with ClasspathEntrySnapshotTransform
Transforming appcompat-1.6.1-api.jar with ClasspathEntrySnapshotTransform
Transforming viewpager2-1.0.0-api.jar with ClasspathEntrySnapshotTransform
Transforming fragment-1.3.6-api.jar with ClasspathEntrySnapshotTransform
Transforming activity-1.9.0-api.jar with ClasspathEntrySnapshotTransform
Transforming activity-compose-1.9.0-api.jar with ClasspathEntrySnapshotTransform
Transforming activity-ktx-1.9.0-api.jar with ClasspathEntrySnapshotTransform
Transforming work-runtime-ktx-2.9.0-api.jar with ClasspathEntrySnapshotTransform
Transforming work-runtime-2.9.0-api.jar with ClasspathEntrySnapshotTransform
Transforming coordinatorlayout-1.1.0-api.jar with ClasspathEntrySnapshotTransform
Transforming drawerlayout-1.1.1-api.jar with ClasspathEntrySnapshotTransform
Transforming dynamicanimation-1.0.0-api.jar with ClasspathEntrySnapshotTransform
Transforming recyclerview-1.1.0-api.jar with ClasspathEntrySnapshotTransform
Transforming transition-1.5.0-api.jar with ClasspathEntrySnapshotTransform
Transforming appcompat-resources-1.6.1-api.jar with ClasspathEntrySnapshotTransform
Transforming vectordrawable-animated-1.1.0-api.jar with ClasspathEntrySnapshotTransform
Transforming vectordrawable-1.1.0-api.jar with ClasspathEntrySnapshotTransform
Transforming viewpager-1.0.0-api.jar with ClasspathEntrySnapshotTransform
Transforming customview-1.1.0-api.jar with ClasspathEntrySnapshotTransform
Transforming legacy-support-core-utils-1.0.0-api.jar with ClasspathEntrySnapshotTransform
Transforming loader-1.0.0-api.jar with ClasspathEntrySnapshotTransform
Transforming core-1.13.1-api.jar with ClasspathEntrySnapshotTransform
Transforming lifecycle-livedata-core-ktx-2.8.1-api.jar with ClasspathEntrySnapshotTransform
Transforming lifecycle-common-jvm-2.8.1.jar with ClasspathEntrySnapshotTransform
Transforming lifecycle-runtime-ktx-release-api.jar with ClasspathEntrySnapshotTransform
Transforming lifecycle-runtime-release-api.jar with ClasspathEntrySnapshotTransform
Transforming lifecycle-livedata-core-2.8.1-api.jar with ClasspathEntrySnapshotTransform
Transforming lifecycle-livedata-2.8.1-api.jar with ClasspathEntrySnapshotTransform
Transforming lifecycle-viewmodel-2.8.1-api.jar with ClasspathEntrySnapshotTransform
Transforming lifecycle-viewmodel-release-api.jar with ClasspathEntrySnapshotTransform
Transforming lifecycle-viewmodel-ktx-2.8.1-api.jar with ClasspathEntrySnapshotTransform
Transforming lifecycle-runtime-compose-release-api.jar with ClasspathEntrySnapshotTransform
Transforming lifecycle-viewmodel-compose-release-api.jar with ClasspathEntrySnapshotTransform
Transforming lifecycle-viewmodel-savedstate-2.8.1-api.jar with ClasspathEntrySnapshotTransform
Transforming core-ktx-1.13.1-api.jar with ClasspathEntrySnapshotTransform
Transforming kotlinx-coroutines-test-jvm-1.8.1.jar with ClasspathEntrySnapshotTransform
Transforming material3-release-api.jar with ClasspathEntrySnapshotTransform
Transforming foundation-layout-release-api.jar with ClasspathEntrySnapshotTransform
Transforming material-icons-core-release-api.jar with ClasspathEntrySnapshotTransform
Transforming material-ripple-release-api.jar with ClasspathEntrySnapshotTransform
Transforming foundation-release-api.jar with ClasspathEntrySnapshotTransform
Transforming animation-core-release-api.jar with ClasspathEntrySnapshotTransform
Transforming animation-release-api.jar with ClasspathEntrySnapshotTransform
Transforming ui-util-release-api.jar with ClasspathEntrySnapshotTransform
Transforming ui-unit-release-api.jar with ClasspathEntrySnapshotTransform
Transforming ui-text-release-api.jar with ClasspathEntrySnapshotTransform
Transforming ui-graphics-release-api.jar with ClasspathEntrySnapshotTransform
Transforming ui-geometry-release-api.jar with ClasspathEntrySnapshotTransform
Transforming ui-tooling-data-release-api.jar with ClasspathEntrySnapshotTransform
Transforming ui-tooling-preview-release-api.jar with ClasspathEntrySnapshotTransform
Transforming ui-release-api.jar with ClasspathEntrySnapshotTransform
Transforming ui-tooling-release-api.jar with ClasspathEntrySnapshotTransform
Transforming runtime-saveable-release-api.jar with ClasspathEntrySnapshotTransform
Transforming runtime-release-api.jar with ClasspathEntrySnapshotTransform
Transforming kotlinx-coroutines-core-jvm-1.8.1.jar with ClasspathEntrySnapshotTransform
Transforming kotlinx-coroutines-android-1.8.1.jar with ClasspathEntrySnapshotTransform
Transforming annotation-experimental-1.4.0-api.jar with ClasspathEntrySnapshotTransform
Transforming converter-moshi-2.11.0.jar with ClasspathEntrySnapshotTransform
Transforming retrofit-2.11.0.jar with ClasspathEntrySnapshotTransform
Transforming okhttp-4.12.0.jar with ClasspathEntrySnapshotTransform
Transforming moshi-kotlin-1.15.1.jar with ClasspathEntrySnapshotTransform
Transforming moshi-1.15.1.jar with ClasspathEntrySnapshotTransform
Transforming kotlin-stdlib-jdk8-1.8.22.jar with ClasspathEntrySnapshotTransform
Transforming kotlin-reflect-1.8.22.jar with ClasspathEntrySnapshotTransform
Transforming security-crypto-1.1.0-alpha06-api.jar with ClasspathEntrySnapshotTransform
Transforming cardview-1.0.0-api.jar with ClasspathEntrySnapshotTransform
Transforming versionedparcelable-1.1.1-api.jar with ClasspathEntrySnapshotTransform
Transforming savedstate-ktx-1.2.1-api.jar with ClasspathEntrySnapshotTransform
Transforming savedstate-1.2.1-api.jar with ClasspathEntrySnapshotTransform
Transforming cursoradapter-1.0.0-api.jar with ClasspathEntrySnapshotTransform
Transforming core-runtime-2.2.0-api.jar with ClasspathEntrySnapshotTransform
Transforming collection-jvm-1.4.0.jar with ClasspathEntrySnapshotTransform
Transforming documentfile-1.0.0-api.jar with ClasspathEntrySnapshotTransform
Transforming localbroadcastmanager-1.0.0-api.jar with ClasspathEntrySnapshotTransform
Transforming print-1.0.0-api.jar with ClasspathEntrySnapshotTransform
Transforming core-common-2.2.0.jar with ClasspathEntrySnapshotTransform
Transforming interpolator-1.0.0-api.jar with ClasspathEntrySnapshotTransform
Transforming annotation-jvm-1.8.0.jar with ClasspathEntrySnapshotTransform
Transforming okio-jvm-3.7.0.jar with ClasspathEntrySnapshotTransform
Transforming kotlin-stdlib-jdk7-1.8.22.jar with ClasspathEntrySnapshotTransform
Transforming kotlin-stdlib-1.9.24.jar with ClasspathEntrySnapshotTransform
Transforming junit-4.13.2.jar with ClasspathEntrySnapshotTransform
Transforming hamcrest-core-1.3.jar with ClasspathEntrySnapshotTransform
Transforming annotations-23.0.0.jar with ClasspathEntrySnapshotTransform
Transforming listenablefuture-1.0.jar with ClasspathEntrySnapshotTransform
Transforming startup-runtime-1.1.1-api.jar with ClasspathEntrySnapshotTransform
Transforming resourceinspection-annotation-1.0.1.jar with ClasspathEntrySnapshotTransform
Transforming constraintlayout-solver-2.0.1.jar with ClasspathEntrySnapshotTransform
Transforming android.jar with ClasspathEntrySnapshotTransform
Transforming core-lambda-stubs.jar with ClasspathEntrySnapshotTransform
Caching disabled for ClasspathEntrySnapshotTransform: C:\Users\james.DESKTOP-Q8VOBFS\.gradle\caches\modules-2\files-2.1\org.jetbrains.kotlinx\kotlinx-coroutines-test-jvm\1.8.1\3265a39680512dc93d5b39716d9aaff025833218\kotlinx-coroutines-test-jvm-1.8.1.jar because:
  Build cache is disabled
Caching disabled for ClasspathEntrySnapshotTransform: C:\Users\james.DESKTOP-Q8VOBFS\.gradle\caches\modules-2\files-2.1\org.hamcrest\hamcrest-core\1.3\42a25dc3219429f0e5d060061f71acb49bf010a0\hamcrest-core-1.3.jar because:
  Build cache is disabled
Caching disabled for ClasspathEntrySnapshotTransform: C:\Users\james.DESKTOP-Q8VOBFS\Documents\Development\signal-synthesis\app\build\intermediates\compile_app_classes_jar\debug\bundleDebugClassesToCompileJar\classes.jar because:
  Build cache is disabled
Caching disabled for ClasspathEntrySnapshotTransform: C:\Users\james.DESKTOP-Q8VOBFS\.gradle\caches\modules-2\files-2.1\junit\junit\4.13.2\8ac9e16d933b6fb43bc7f576336b8f4d7eb5ba12\junit-4.13.2.jar because:
  Build cache is disabled
Caching disabled for task ':app:compileDebugUnitTestKotlin' because:
  Build cache is disabled
Task ':app:compileDebugUnitTestKotlin' is not up-to-date because:
  No history is available.
The input changes require a full rebuild for incremental task ':app:compileDebugUnitTestKotlin'.
file or directory 'C:\Users\james.DESKTOP-Q8VOBFS\Documents\Development\signal-synthesis\app\src\debugUnitTest\kotlin', not found
file or directory 'C:\Users\james.DESKTOP-Q8VOBFS\Documents\Development\signal-synthesis\app\src\test\kotlin', not found
file or directory 'C:\Users\james.DESKTOP-Q8VOBFS\Documents\Development\signal-synthesis\app\src\test\kotlin', not found
file or directory 'C:\Users\james.DESKTOP-Q8VOBFS\Documents\Development\signal-synthesis\app\src\test\kotlin', not found
file or directory 'C:\Users\james.DESKTOP-Q8VOBFS\Documents\Development\signal-synthesis\app\src\testDebug\kotlin', not found
file or directory 'C:\Users\james.DESKTOP-Q8VOBFS\Documents\Development\signal-synthesis\app\src\testDebug\kotlin', not found
file or directory 'C:\Users\james.DESKTOP-Q8VOBFS\Documents\Development\signal-synthesis\app\src\testDebug\java', not found
file or directory 'C:\Users\james.DESKTOP-Q8VOBFS\Documents\Development\signal-synthesis\app\src\testDebug\kotlin', not found
file or directory 'C:\Users\james.DESKTOP-Q8VOBFS\Documents\Development\signal-synthesis\app\src\testDebug\java', not found
file or directory 'C:\Users\james.DESKTOP-Q8VOBFS\Documents\Development\signal-synthesis\app\src\testDebug\java', not found
file or directory 'C:\Users\james.DESKTOP-Q8VOBFS\Documents\Development\signal-synthesis\app\src\debugUnitTest\kotlin', not found
file or directory 'C:\Users\james.DESKTOP-Q8VOBFS\Documents\Development\signal-synthesis\app\src\test\kotlin', not found
file or directory 'C:\Users\james.DESKTOP-Q8VOBFS\Documents\Development\signal-synthesis\app\src\test\kotlin', not found
file or directory 'C:\Users\james.DESKTOP-Q8VOBFS\Documents\Development\signal-synthesis\app\src\debugUnitTest\kotlin', not found
file or directory 'C:\Users\james.DESKTOP-Q8VOBFS\Documents\Development\signal-synthesis\app\src\test\kotlin', not found
file or directory 'C:\Users\james.DESKTOP-Q8VOBFS\Documents\Development\signal-synthesis\app\src\test\kotlin', not found
file or directory 'C:\Users\james.DESKTOP-Q8VOBFS\Documents\Development\signal-synthesis\app\src\test\kotlin', not found
file or directory 'C:\Users\james.DESKTOP-Q8VOBFS\Documents\Development\signal-synthesis\app\src\testDebug\kotlin', not found
file or directory 'C:\Users\james.DESKTOP-Q8VOBFS\Documents\Development\signal-synthesis\app\src\testDebug\kotlin', not found
file or directory 'C:\Users\james.DESKTOP-Q8VOBFS\Documents\Development\signal-synthesis\app\src\testDebug\java', not found
file or directory 'C:\Users\james.DESKTOP-Q8VOBFS\Documents\Development\signal-synthesis\app\src\testDebug\kotlin', not found
file or directory 'C:\Users\james.DESKTOP-Q8VOBFS\Documents\Development\signal-synthesis\app\src\testDebug\java', not found
file or directory 'C:\Users\james.DESKTOP-Q8VOBFS\Documents\Development\signal-synthesis\app\src\testDebug\java', not found
file or directory 'C:\Users\james.DESKTOP-Q8VOBFS\Documents\Development\signal-synthesis\app\src\debugUnitTest\kotlin', not found
file or directory 'C:\Users\james.DESKTOP-Q8VOBFS\Documents\Development\signal-synthesis\app\src\test\kotlin', not found
file or directory 'C:\Users\james.DESKTOP-Q8VOBFS\Documents\Development\signal-synthesis\app\src\test\kotlin', not found
file or directory 'C:\Users\james.DESKTOP-Q8VOBFS\Documents\Development\signal-synthesis\app\src\test\kotlin', not found
file or directory 'C:\Users\james.DESKTOP-Q8VOBFS\Documents\Development\signal-synthesis\app\src\testDebug\kotlin', not found
file or directory 'C:\Users\james.DESKTOP-Q8VOBFS\Documents\Development\signal-synthesis\app\src\testDebug\kotlin', not found
file or directory 'C:\Users\james.DESKTOP-Q8VOBFS\Documents\Development\signal-synthesis\app\src\testDebug\java', not found
file or directory 'C:\Users\james.DESKTOP-Q8VOBFS\Documents\Development\signal-synthesis\app\src\testDebug\kotlin', not found
file or directory 'C:\Users\james.DESKTOP-Q8VOBFS\Documents\Development\signal-synthesis\app\src\testDebug\java', not found
file or directory 'C:\Users\james.DESKTOP-Q8VOBFS\Documents\Development\signal-synthesis\app\src\testDebug\java', not found
file or directory 'C:\Users\james.DESKTOP-Q8VOBFS\Documents\Development\signal-synthesis\app\src\debugUnitTest\kotlin', not found
file or directory 'C:\Users\james.DESKTOP-Q8VOBFS\Documents\Development\signal-synthesis\app\src\test\kotlin', not found
file or directory 'C:\Users\james.DESKTOP-Q8VOBFS\Documents\Development\signal-synthesis\app\src\test\kotlin', not found
file or directory 'C:\Users\james.DESKTOP-Q8VOBFS\Documents\Development\signal-synthesis\app\src\test\kotlin', not found
file or directory 'C:\Users\james.DESKTOP-Q8VOBFS\Documents\Development\signal-synthesis\app\src\testDebug\kotlin', not found
file or directory 'C:\Users\james.DESKTOP-Q8VOBFS\Documents\Development\signal-synthesis\app\src\testDebug\kotlin', not found
file or directory 'C:\Users\james.DESKTOP-Q8VOBFS\Documents\Development\signal-synthesis\app\src\testDebug\java', not found
file or directory 'C:\Users\james.DESKTOP-Q8VOBFS\Documents\Development\signal-synthesis\app\src\testDebug\kotlin', not found
file or directory 'C:\Users\james.DESKTOP-Q8VOBFS\Documents\Development\signal-synthesis\app\src\testDebug\java', not found
file or directory 'C:\Users\james.DESKTOP-Q8VOBFS\Documents\Development\signal-synthesis\app\src\testDebug\java', not found
Kotlin source files: C:\Users\james.DESKTOP-Q8VOBFS\Documents\Development\signal-synthesis\app\src\test\java\com\polaralias\signalsynthesis\data\cache\TimedCacheTest.kt, C:\Users\james.DESKTOP-Q8VOBFS\Documents\Development\signal-synthesis\app\src\test\java\com\polaralias\signalsynthesis\data\repository\MarketDataRepositoryTest.kt, C:\Users\james.DESKTOP-Q8VOBFS\Documents\Development\signal-synthesis\app\src\test\java\com\polaralias\signalsynthesis\domain\indicators\AtrIndicatorTest.kt, C:\Users\james.DESKTOP-Q8VOBFS\Documents\Development\signal-synthesis\app\src\test\java\com\polaralias\signalsynthesis\domain\indicators\RsiIndicatorTest.kt, C:\Users\james.DESKTOP-Q8VOBFS\Documents\Development\signal-synthesis\app\src\test\java\com\polaralias\signalsynthesis\domain\indicators\SmaIndicatorTest.kt, C:\Users\james.DESKTOP-Q8VOBFS\Documents\Development\signal-synthesis\app\src\test\java\com\polaralias\signalsynthesis\domain\indicators\VwapIndicatorTest.kt, C:\Users\james.DESKTOP-Q8VOBFS\Documents\Development\signal-synthesis\app\src\test\java\com\polaralias\signalsynthesis\domain\usecase\DiscoverCandidatesUseCaseTest.kt, C:\Users\james.DESKTOP-Q8VOBFS\Documents\Development\signal-synthesis\app\src\test\java\com\polaralias\signalsynthesis\domain\usecase\EnrichEodUseCaseTest.kt, C:\Users\james.DESKTOP-Q8VOBFS\Documents\Development\signal-synthesis\app\src\test\java\com\polaralias\signalsynthesis\domain\usecase\EnrichIntradayUseCaseTest.kt, C:\Users\james.DESKTOP-Q8VOBFS\Documents\Development\signal-synthesis\app\src\test\java\com\polaralias\signalsynthesis\domain\usecase\FilterTradeableUseCaseTest.kt, C:\Users\james.DESKTOP-Q8VOBFS\Documents\Development\signal-synthesis\app\src\test\java\com\polaralias\signalsynthesis\domain\usecase\RankSetupsUseCaseTest.kt, C:\Users\james.DESKTOP-Q8VOBFS\Documents\Development\signal-synthesis\app\src\test\java\com\polaralias\signalsynthesis\domain\usecase\RunAnalysisUseCaseTest.kt, C:\Users\james.DESKTOP-Q8VOBFS\Documents\Development\signal-synthesis\app\src\test\java\com\polaralias\signalsynthesis\ui\AnalysisViewModelTest.kt
Java source files: 
Script source files: 
Script file extensions: 
Using Kotlin/JVM incremental compilation
[KOTLIN] Kotlin compilation 'jdkHome' argument: null
i: found daemon on port 17458 (972397 ms old), trying to connect
i: connected to the daemon
Options for KOTLIN DAEMON: IncrementalCompilationOptions(super=CompilationOptions(compilerMode=INCREMENTAL_COMPILER, targetPlatform=JVM, reportCategories=[0, 3], reportSeverity=2, requestedCompilationResults=[0], kotlinScriptExtensions=[]), areFileChangesKnown=false, modifiedFiles=null, deletedFiles=null, classpathChanges=NotAvailableForNonIncrementalRun, workingDir=C:\Users\james.DESKTOP-Q8VOBFS\Documents\Development\signal-synthesis\app\build\kotlin\compileDebugUnitTestKotlin\cacheable, multiModuleICSettings=MultiModuleICSettings(buildHistoryFile=C:\Users\james.DESKTOP-Q8VOBFS\Documents\Development\signal-synthesis\app\build\kotlin\compileDebugUnitTestKotlin\local-state\build-history.bin, useModuleDetection=true), usePreciseJavaTracking=true, outputFiles=[C:\Users\james.DESKTOP-Q8VOBFS\Documents\Development\signal-synthesis\app\build\tmp\kotlin-classes\debugUnitTest, C:\Users\james.DESKTOP-Q8VOBFS\Documents\Development\signal-synthesis\app\build\kotlin\compileDebugUnitTestKotlin\cacheable, C:\Users\james.DESKTOP-Q8VOBFS\Documents\Development\signal-synthesis\app\build\kotlin\compileDebugUnitTestKotlin\local-state])
e: file:///C:/Users/james.DESKTOP-Q8VOBFS/Documents/Development/signal-synthesis/app/src/test/java/com/polaralias/signalsynthesis/domain/indicators/AtrIndicatorTest.kt:26:27 Type mismatch: inferred type is Double? but Double was expected
e: file:///C:/Users/james.DESKTOP-Q8VOBFS/Documents/Development/signal-synthesis/app/src/test/java/com/polaralias/signalsynthesis/domain/indicators/RsiIndicatorTest.kt:14:29 Type mismatch: inferred type is Double? but Double was expected
e: file:///C:/Users/james.DESKTOP-Q8VOBFS/Documents/Development/signal-synthesis/app/src/test/java/com/polaralias/signalsynthesis/domain/indicators/RsiIndicatorTest.kt:22:28 Type mismatch: inferred type is Double? but Double was expected
e: file:///C:/Users/james.DESKTOP-Q8VOBFS/Documents/Development/signal-synthesis/app/src/test/java/com/polaralias/signalsynthesis/domain/indicators/SmaIndicatorTest.kt:14:27 Type mismatch: inferred type is Double? but Double was expected
e: file:///C:/Users/james.DESKTOP-Q8VOBFS/Documents/Development/signal-synthesis/app/src/test/java/com/polaralias/signalsynthesis/domain/indicators/SmaIndicatorTest.kt:42:27 Type mismatch: inferred type is Double? but Double was expected
e: file:///C:/Users/james.DESKTOP-Q8VOBFS/Documents/Development/signal-synthesis/app/src/test/java/com/polaralias/signalsynthesis/domain/indicators/SmaIndicatorTest.kt:43:27 Type mismatch: inferred type is Double? but Double was expected
e: file:///C:/Users/james.DESKTOP-Q8VOBFS/Documents/Development/signal-synthesis/app/src/test/java/com/polaralias/signalsynthesis/domain/indicators/VwapIndicatorTest.kt:35:32 Type mismatch: inferred type is Double? but Double was expected
e: file:///C:/Users/james.DESKTOP-Q8VOBFS/Documents/Development/signal-synthesis/app/src/test/java/com/polaralias/signalsynthesis/domain/indicators/VwapIndicatorTest.kt:62:32 Type mismatch: inferred type is Double? but Double was expected

e: file:///C:/Users/james.DESKTOP-Q8VOBFS/Documents/Development/signal-synthesis/app/src/test/java/com/polaralias/signalsynthesis/domain/usecase/EnrichEodUseCaseTest.kt:67:21 Cannot find a parameter with this name: symbol
e: file:///C:/Users/james.DESKTOP-Q8VOBFS/Documents/Development/signal-synthesis/app/src/test/java/com/polaralias/signalsynthesis/domain/usecase/EnrichEodUseCaseTest.kt:73:21 Cannot find a parameter with this name: timestamp
e: file:///C:/Users/james.DESKTOP-Q8VOBFS/Documents/Development/signal-synthesis/app/src/test/java/com/polaralias/signalsynthesis/domain/usecase/EnrichEodUseCaseTest.kt:73:21 No value passed for parameter 'date'
e: file:///C:/Users/james.DESKTOP-Q8VOBFS/Documents/Development/signal-synthesis/app/src/test/java/com/polaralias/signalsynthesis/domain/usecase/EnrichIntradayUseCaseTest.kt:68:21 Cannot find a parameter with this name: symbol
e: file:///C:/Users/james.DESKTOP-Q8VOBFS/Documents/Development/signal-synthesis/app/src/test/java/com/polaralias/signalsynthesis/domain/usecase/EnrichIntradayUseCaseTest.kt:74:21 Cannot find a parameter with this name: timestamp
e: file:///C:/Users/james.DESKTOP-Q8VOBFS/Documents/Development/signal-synthesis/app/src/test/java/com/polaralias/signalsynthesis/domain/usecase/EnrichIntradayUseCaseTest.kt:74:21 No value passed for parameter 'time'
e: file:///C:/Users/james.DESKTOP-Q8VOBFS/Documents/Development/signal-synthesis/app/src/test/java/com/polaralias/signalsynthesis/domain/usecase/RunAnalysisUseCaseTest.kt:68:34 Type mismatch: inferred type is String but Instant was expected
e: file:///C:/Users/james.DESKTOP-Q8VOBFS/Documents/Development/signal-synthesis/app/src/test/java/com/polaralias/signalsynthesis/domain/usecase/RunAnalysisUseCaseTest.kt:68:76 Too many arguments for public constructor IntradayBar(time: Instant, open: Double, high: Double, low: Double, close: Double, volume: Long) defined in com.polaralias.signalsynthesis.domain.model.IntradayBar
e: file:///C:/Users/james.DESKTOP-Q8VOBFS/Documents/Development/signal-synthesis/app/src/test/java/com/polaralias/signalsynthesis/domain/usecase/RunAnalysisUseCaseTest.kt:77:31 Type mismatch: inferred type is String but LocalDate was expected
e: file:///C:/Users/james.DESKTOP-Q8VOBFS/Documents/Development/signal-synthesis/app/src/test/java/com/polaralias/signalsynthesis/domain/usecase/RunAnalysisUseCaseTest.kt:77:76 Too many arguments for public constructor DailyBar(date: LocalDate, open: Double, high: Double, low: Double, close: Double, volume: Long) defined in com.polaralias.signalsynthesis.domain.model.DailyBar
e: file:///C:/Users/james.DESKTOP-Q8VOBFS/Documents/Development/signal-synthesis/app/src/test/java/com/polaralias/signalsynthesis/ui/AnalysisViewModelTest.kt:137:13 Class 'FakeLlmClient' is not abstract and does not implement abstract member public abstract suspend fun generate(prompt: String, apiKey: String): String defined in com.polaralias.signalsynthesis.domain.ai.LlmClient
> Task :app:compileDebugUnitTestKotlin FAILED
e: file:///C:/Users/james.DESKTOP-Q8VOBFS/Documents/Development/signal-synthesis/app/src/test/java/com/polaralias/signalsynthesis/ui/AnalysisViewModelTest.kt:138:9 'synthesizeSetup' overrides nothing
e: file:///C:/Users/james.DESKTOP-Q8VOBFS/Documents/Development/signal-synthesis/app/src/test/java/com/polaralias/signalsynthesis/ui/AnalysisViewModelTest.kt:139:43 Type mismatch: inferred type is String but List<String> was expected

FAILURE: Build failed with an exception.

* What went wrong:
Execution failed for task ':app:compileDebugUnitTestKotlin'.
> A failure occurred while executing org.jetbrains.kotlin.compilerRunner.GradleCompilerRunnerWithWorkers$GradleKotlinCompilerWorkAction
   > Compilation error. See log for more details

* Try:
> Run with --stacktrace option to get the stack trace.
> Run with --debug option to get more log output.
> Run with --scan to get full insights.
> Get more help at https://help.gradle.org.

BUILD FAILED in 45s
21 actionable tasks: 6 executed, 15 up-to-date
Watched directory hierarchies: [C:\Users\james.DESKTOP-Q8VOBFS\Documents\Development\signal-synthesis]
